Archive member included to satisfy reference by file (symbol)

C:/Program Files (x86)/Arm GNU Toolchain arm-none-eabi/13.2 Rel1/bin/../lib/gcc/arm-none-eabi/13.2.1/thumb/v7-m/nofp\libc_nano.a(libc_a-exit.o)
                              C:/Program Files (x86)/Arm GNU Toolchain arm-none-eabi/13.2 Rel1/bin/../lib/gcc/arm-none-eabi/13.2.1/thumb/v7-m/nofp/crt0.o (exit)
C:/Program Files (x86)/Arm GNU Toolchain arm-none-eabi/13.2 Rel1/bin/../lib/gcc/arm-none-eabi/13.2.1/thumb/v7-m/nofp\libc_nano.a(libc_a-findfp.o)
                              C:/Program Files (x86)/Arm GNU Toolchain arm-none-eabi/13.2 Rel1/bin/../lib/gcc/arm-none-eabi/13.2.1/thumb/v7-m/nofp\libc_nano.a(libc_a-exit.o) (__stdio_exit_handler)
C:/Program Files (x86)/Arm GNU Toolchain arm-none-eabi/13.2 Rel1/bin/../lib/gcc/arm-none-eabi/13.2.1/thumb/v7-m/nofp\libc_nano.a(libc_a-fwalk.o)
                              C:/Program Files (x86)/Arm GNU Toolchain arm-none-eabi/13.2 Rel1/bin/../lib/gcc/arm-none-eabi/13.2.1/thumb/v7-m/nofp\libc_nano.a(libc_a-findfp.o) (_fwalk_sglue)
C:/Program Files (x86)/Arm GNU Toolchain arm-none-eabi/13.2 Rel1/bin/../lib/gcc/arm-none-eabi/13.2.1/thumb/v7-m/nofp\libc_nano.a(libc_a-printf.o)
                              build/fm_ring_buffer.o (printf)
C:/Program Files (x86)/Arm GNU Toolchain arm-none-eabi/13.2 Rel1/bin/../lib/gcc/arm-none-eabi/13.2.1/thumb/v7-m/nofp\libc_nano.a(libc_a-puts.o)
                              build/fm_init_project.o (puts)
C:/Program Files (x86)/Arm GNU Toolchain arm-none-eabi/13.2 Rel1/bin/../lib/gcc/arm-none-eabi/13.2.1/thumb/v7-m/nofp\libc_nano.a(libc_a-stdio.o)
                              C:/Program Files (x86)/Arm GNU Toolchain arm-none-eabi/13.2 Rel1/bin/../lib/gcc/arm-none-eabi/13.2.1/thumb/v7-m/nofp\libc_nano.a(libc_a-findfp.o) (__sread)
C:/Program Files (x86)/Arm GNU Toolchain arm-none-eabi/13.2 Rel1/bin/../lib/gcc/arm-none-eabi/13.2.1/thumb/v7-m/nofp\libc_nano.a(libc_a-wbuf.o)
                              C:/Program Files (x86)/Arm GNU Toolchain arm-none-eabi/13.2 Rel1/bin/../lib/gcc/arm-none-eabi/13.2.1/thumb/v7-m/nofp\libc_nano.a(libc_a-puts.o) (__swbuf_r)
C:/Program Files (x86)/Arm GNU Toolchain arm-none-eabi/13.2 Rel1/bin/../lib/gcc/arm-none-eabi/13.2.1/thumb/v7-m/nofp\libc_nano.a(libc_a-wsetup.o)
                              C:/Program Files (x86)/Arm GNU Toolchain arm-none-eabi/13.2 Rel1/bin/../lib/gcc/arm-none-eabi/13.2.1/thumb/v7-m/nofp\libc_nano.a(libc_a-puts.o) (__swsetup_r)
C:/Program Files (x86)/Arm GNU Toolchain arm-none-eabi/13.2 Rel1/bin/../lib/gcc/arm-none-eabi/13.2.1/thumb/v7-m/nofp\libc_nano.a(libc_a-memset.o)
                              C:/Program Files (x86)/Arm GNU Toolchain arm-none-eabi/13.2 Rel1/bin/../lib/gcc/arm-none-eabi/13.2.1/thumb/v7-m/nofp/crt0.o (memset)
C:/Program Files (x86)/Arm GNU Toolchain arm-none-eabi/13.2 Rel1/bin/../lib/gcc/arm-none-eabi/13.2.1/thumb/v7-m/nofp\libc_nano.a(libc_a-closer.o)
                              C:/Program Files (x86)/Arm GNU Toolchain arm-none-eabi/13.2 Rel1/bin/../lib/gcc/arm-none-eabi/13.2.1/thumb/v7-m/nofp\libc_nano.a(libc_a-stdio.o) (_close_r)
C:/Program Files (x86)/Arm GNU Toolchain arm-none-eabi/13.2 Rel1/bin/../lib/gcc/arm-none-eabi/13.2.1/thumb/v7-m/nofp\libc_nano.a(libc_a-reent.o)
                              C:/Program Files (x86)/Arm GNU Toolchain arm-none-eabi/13.2 Rel1/bin/../lib/gcc/arm-none-eabi/13.2.1/thumb/v7-m/nofp\libc_nano.a(libc_a-closer.o) (errno)
C:/Program Files (x86)/Arm GNU Toolchain arm-none-eabi/13.2 Rel1/bin/../lib/gcc/arm-none-eabi/13.2.1/thumb/v7-m/nofp\libc_nano.a(libc_a-impure.o)
                              C:/Program Files (x86)/Arm GNU Toolchain arm-none-eabi/13.2 Rel1/bin/../lib/gcc/arm-none-eabi/13.2.1/thumb/v7-m/nofp\libc_nano.a(libc_a-printf.o) (_impure_ptr)
C:/Program Files (x86)/Arm GNU Toolchain arm-none-eabi/13.2 Rel1/bin/../lib/gcc/arm-none-eabi/13.2.1/thumb/v7-m/nofp\libc_nano.a(libc_a-lseekr.o)
                              C:/Program Files (x86)/Arm GNU Toolchain arm-none-eabi/13.2 Rel1/bin/../lib/gcc/arm-none-eabi/13.2.1/thumb/v7-m/nofp\libc_nano.a(libc_a-stdio.o) (_lseek_r)
C:/Program Files (x86)/Arm GNU Toolchain arm-none-eabi/13.2 Rel1/bin/../lib/gcc/arm-none-eabi/13.2.1/thumb/v7-m/nofp\libc_nano.a(libc_a-readr.o)
                              C:/Program Files (x86)/Arm GNU Toolchain arm-none-eabi/13.2 Rel1/bin/../lib/gcc/arm-none-eabi/13.2.1/thumb/v7-m/nofp\libc_nano.a(libc_a-stdio.o) (_read_r)
C:/Program Files (x86)/Arm GNU Toolchain arm-none-eabi/13.2 Rel1/bin/../lib/gcc/arm-none-eabi/13.2.1/thumb/v7-m/nofp\libc_nano.a(libc_a-writer.o)
                              C:/Program Files (x86)/Arm GNU Toolchain arm-none-eabi/13.2 Rel1/bin/../lib/gcc/arm-none-eabi/13.2.1/thumb/v7-m/nofp\libc_nano.a(libc_a-stdio.o) (_write_r)
C:/Program Files (x86)/Arm GNU Toolchain arm-none-eabi/13.2 Rel1/bin/../lib/gcc/arm-none-eabi/13.2.1/thumb/v7-m/nofp\libc_nano.a(libc_a-errno.o)
                              build/sysmem.o (__errno)
[...]
Memory Configuration

Name             Origin             Length             Attributes
RAM              0x20000000         0x00005000         xrw
FLASH            0x08000000         0x00010000         xr
*default*        0x00000000         0xffffffff

Linker script and memory map

LOAD C:/Program Files (x86)/Arm GNU Toolchain arm-none-eabi/13.2 Rel1/bin/../lib/gcc/arm-none-eabi/13.2.1/thumb/v7-m/nofp/crti.o
LOAD C:/Program Files (x86)/Arm GNU Toolchain arm-none-eabi/13.2 Rel1/bin/../lib/gcc/arm-none-eabi/13.2.1/thumb/v7-m/nofp/crtbegin.o
LOAD C:/Program Files (x86)/Arm GNU Toolchain arm-none-eabi/13.2 Rel1/bin/../lib/gcc/arm-none-eabi/13.2.1/thumb/v7-m/nofp/crt0.o
LOAD build/main.o
LOAD build/fm_init_project.o
LOAD build/fm_ring_buffer.o
LOAD build/fm_rtc.o
LOAD build/stm32f1xx_it.o
LOAD build/stm32f1xx_hal_msp.o
LOAD build/stm32f1xx_hal_gpio_ex.o
LOAD build/stm32f1xx_hal_tim.o
LOAD build/stm32f1xx_hal_tim_ex.o
LOAD build/stm32f1xx_hal_uart.o
LOAD build/stm32f1xx_hal.o
LOAD build/stm32f1xx_hal_rcc.o
LOAD build/stm32f1xx_hal_rcc_ex.o
LOAD build/stm32f1xx_hal_gpio.o
LOAD build/stm32f1xx_hal_dma.o
LOAD build/stm32f1xx_hal_cortex.o
LOAD build/stm32f1xx_hal_pwr.o
LOAD build/stm32f1xx_hal_flash.o
LOAD build/stm32f1xx_hal_flash_ex.o
LOAD build/stm32f1xx_hal_exti.o
LOAD build/system_stm32f1xx.o
LOAD build/sysmem.o
LOAD build/syscalls.o
LOAD build/stm32f1xx_hal_rtc.o
LOAD build/stm32f1xx_hal_rtc_ex.o
LOAD build/startup_stm32f103xb.o
LOAD C:/Program Files (x86)/Arm GNU Toolchain arm-none-eabi/13.2 Rel1/bin/../lib/gcc/arm-none-eabi/13.2.1/thumb/v7-m/nofp\libc_nano.a
LOAD C:/Program Files (x86)/Arm GNU Toolchain arm-none-eabi/13.2 Rel1/bin/../lib/gcc/arm-none-eabi/13.2.1/thumb/v7-m/nofp\libm.a
LOAD C:/Program Files (x86)/Arm GNU Toolchain arm-none-eabi/13.2 Rel1/bin/../lib/gcc/arm-none-eabi/13.2.1/thumb/v7-m/nofp\libnosys.a
START GROUP
LOAD C:/Program Files (x86)/Arm GNU Toolchain arm-none-eabi/13.2 Rel1/bin/../lib/gcc/arm-none-eabi/13.2.1/thumb/v7-m/nofp\libgcc.a
LOAD C:/Program Files (x86)/Arm GNU Toolchain arm-none-eabi/13.2 Rel1/bin/../lib/gcc/arm-none-eabi/13.2.1/thumb/v7-m/nofp\libc_nano.a
END GROUP
START GROUP
LOAD C:/Program Files (x86)/Arm GNU Toolchain arm-none-eabi/13.2 Rel1/bin/../lib/gcc/arm-none-eabi/13.2.1/thumb/v7-m/nofp\libgcc.a
LOAD C:/Program Files (x86)/Arm GNU Toolchain arm-none-eabi/13.2 Rel1/bin/../lib/gcc/arm-none-eabi/13.2.1/thumb/v7-m/nofp\libc_nano.a
END GROUP
LOAD C:/Program Files (x86)/Arm GNU Toolchain arm-none-eabi/13.2 Rel1/bin/../lib/gcc/arm-none-eabi/13.2.1/thumb/v7-m/nofp/crtend.o
LOAD C:/Program Files (x86)/Arm GNU Toolchain arm-none-eabi/13.2 Rel1/bin/../lib/gcc/arm-none-eabi/13.2.1/thumb/v7-m/nofp/crtn.o
                0x20005000                        _estack = (ORIGIN (RAM) + LENGTH (RAM))
                0x00000200                        _Min_Heap_Size = 0x200
                0x00000400                        _Min_Stack_Size = 0x400

.isr_vector     0x08000000      0x10c
                0x08000000                        . = ALIGN (0x4)
 *(.isr_vector)
 .isr_vector    0x08000000      0x10c build/startup_stm32f103xb.o
                0x08000000                g_pfnVectors
                0x0800010c                        . = ALIGN (0x4)

.text           0x0800010c     0x3120
                0x0800010c                        . = ALIGN (0x4)
 *(.text)
 *(.text*)
 .text.deregister_tm_clones
                0x0800010c       0x1c C:/Program Files (x86)/Arm GNU Toolchain arm-none-eabi/13.2 Rel1/bin/../lib/gcc/arm-none-eabi/13.2.1/thumb/v7-m/nofp/crtbegin.o
 .text.register_tm_clones
                0x08000128       0x24 C:/Program Files (x86)/Arm GNU Toolchain arm-none-eabi/13.2 Rel1/bin/../lib/gcc/arm-none-eabi/13.2.1/thumb/v7-m/nofp/crtbegin.o
 .text.__do_global_dtors_aux
                0x0800014c       0x28 C:/Program Files (x86)/Arm GNU Toolchain arm-none-eabi/13.2 Rel1/bin/../lib/gcc/arm-none-eabi/13.2.1/thumb/v7-m/nofp/crtbegin.o
 .text.frame_dummy
                0x08000174       0x24 C:/Program Files (x86)/Arm GNU Toolchain arm-none-eabi/13.2 Rel1/bin/../lib/gcc/arm-none-eabi/13.2.1/thumb/v7-m/nofp/crtbegin.o
 .text.MX_GPIO_Init
                0x08000198       0x6c build/main.o
 .text.MX_USART2_UART_Init
                0x08000204       0x2c build/main.o
 .text._write   0x08000230       0x18 build/main.o
                0x08000230                _write
 .text.SystemClock_Config
                0x08000248       0x70 build/main.o
                0x08000248                SystemClock_Config
 .text.main     0x080002b8       0x38 build/main.o
                0x080002b8                main
 .text.Error_Handler
                0x080002f0        0x2 build/main.o
                0x080002f0                Error_Handler
 *fill*         0x080002f2        0x2 
 .text.fm_fc_init
                0x080002f4       0x34 build/fm_init_project.o
                0x080002f4                fm_fc_init
 .text.FM_RBuffer_Store_Data
                0x08000328       0x1e build/fm_ring_buffer.o
                0x08000328                FM_RBuffer_Store_Data
 *fill*         0x08000346        0x2 
 .text.FM_RBuffer_UART_ISR
                0x08000348       0x70 build/fm_ring_buffer.o
                0x08000348                FM_RBuffer_UART_ISR
 .text.FM_V0x_RTC_Set_Time
                0x080003b8       0xa0 build/fm_rtc.o
                0x080003b8                FM_V0x_RTC_Set_Time
 .text.FM_V0x_RTC_Set_Date
                0x08000458       0x84 build/fm_rtc.o
                0x08000458                FM_V0x_RTC_Set_Date
 .text.FM_V0x_Rtc_Init
                0x080004dc       0x60 build/fm_rtc.o
                0x080004dc                FM_V0x_Rtc_Init
 .text.FM_V0x_RTC_Get_Time
                0x0800053c       0x58 build/fm_rtc.o
                0x0800053c                FM_V0x_RTC_Get_Time
 .text.FM_V0x_RTC_Get_Date
                0x08000594       0x58 build/fm_rtc.o
                0x08000594                FM_V0x_RTC_Get_Date
 .text.NMI_Handler
                0x080005ec        0x2 build/stm32f1xx_it.o
                0x080005ec                NMI_Handler
 .text.HardFault_Handler
                0x080005ee        0x2 build/stm32f1xx_it.o
                0x080005ee                HardFault_Handler
 .text.MemManage_Handler
                0x080005f0        0x2 build/stm32f1xx_it.o
                0x080005f0                MemManage_Handler
 .text.BusFault_Handler
                0x080005f2        0x2 build/stm32f1xx_it.o
                0x080005f2                BusFault_Handler
 .text.UsageFault_Handler
                0x080005f4        0x2 build/stm32f1xx_it.o
                0x080005f4                UsageFault_Handler
 .text.SVC_Handler
                0x080005f6        0x2 build/stm32f1xx_it.o
                0x080005f6                SVC_Handler
 .text.DebugMon_Handler
                0x080005f8        0x2 build/stm32f1xx_it.o
                0x080005f8                DebugMon_Handler
 .text.PendSV_Handler
                0x080005fa        0x2 build/stm32f1xx_it.o
                0x080005fa                PendSV_Handler
 .text.SysTick_Handler
                0x080005fc        0x8 build/stm32f1xx_it.o
                0x080005fc                SysTick_Handler
 .text.RTC_IRQHandler
                0x08000604       0x10 build/stm32f1xx_it.o
                0x08000604                RTC_IRQHandler
 .text.USART2_IRQHandler
                0x08000614       0x18 build/stm32f1xx_it.o
                0x08000614                USART2_IRQHandler
 .text.RTC_Alarm_IRQHandler
                0x0800062c       0x10 build/stm32f1xx_it.o
                0x0800062c                RTC_Alarm_IRQHandler
 .text.HAL_MspInit
                0x0800063c       0x44 build/stm32f1xx_hal_msp.o
                0x0800063c                HAL_MspInit
 .text.HAL_RTC_MspInit
                0x08000680       0x60 build/stm32f1xx_hal_msp.o
                0x08000680                HAL_RTC_MspInit
 .text.HAL_UART_MspInit
                0x080006e0       0x88 build/stm32f1xx_hal_msp.o
                0x080006e0                HAL_UART_MspInit
 .text.UART_EndRxTransfer
                0x08000768       0x5c build/stm32f1xx_hal_uart.o
 .text.UART_Transmit_IT
                0x080007c4       0x60 build/stm32f1xx_hal_uart.o
 .text.UART_SetConfig
                0x08000824       0x94 build/stm32f1xx_hal_uart.o
 .text.UART_WaitOnFlagUntilTimeout
                0x080008b8       0x86 build/stm32f1xx_hal_uart.o
 .text.HAL_UART_Init
                0x0800093e       0x60 build/stm32f1xx_hal_uart.o
                0x0800093e                HAL_UART_Init
 .text.HAL_UART_Transmit
                0x0800099e       0xcc build/stm32f1xx_hal_uart.o
                0x0800099e                HAL_UART_Transmit
 .text.HAL_UART_TxCpltCallback
                0x08000a6a        0x2 build/stm32f1xx_hal_uart.o
                0x08000a6a                HAL_UART_TxCpltCallback
 .text.UART_EndTransmit_IT
                0x08000a6c       0x1a build/stm32f1xx_hal_uart.o
 .text.HAL_UART_RxCpltCallback
                0x08000a86        0x2 build/stm32f1xx_hal_uart.o
                0x08000a86                HAL_UART_RxCpltCallback
 .text.HAL_UART_ErrorCallback
                0x08000a88        0x2 build/stm32f1xx_hal_uart.o
                0x08000a88                HAL_UART_ErrorCallback
 .text.UART_DMAAbortOnError
                0x08000a8a       0x10 build/stm32f1xx_hal_uart.o
 .text.HAL_UARTEx_RxEventCallback
                0x08000a9a        0x2 build/stm32f1xx_hal_uart.o
                0x08000a9a                HAL_UARTEx_RxEventCallback
 .text.UART_Receive_IT
                0x08000a9c       0xe6 build/stm32f1xx_hal_uart.o
 *fill*         0x08000b82        0x2 
 .text.HAL_UART_IRQHandler
                0x08000b84      0x284 build/stm32f1xx_hal_uart.o
                0x08000b84                HAL_UART_IRQHandler
 .text.HAL_InitTick
                0x08000e08       0x4c build/stm32f1xx_hal.o
                0x08000e08                HAL_InitTick
 .text.HAL_Init
                0x08000e54       0x24 build/stm32f1xx_hal.o
                0x08000e54                HAL_Init
 .text.HAL_IncTick
                0x08000e78       0x18 build/stm32f1xx_hal.o
                0x08000e78                HAL_IncTick
 .text.HAL_GetTick
                0x08000e90        0xc build/stm32f1xx_hal.o
                0x08000e90                HAL_GetTick
 .text.HAL_Delay
                0x08000e9c       0x28 build/stm32f1xx_hal.o
                0x08000e9c                HAL_Delay
 .text.RCC_Delay
                0x08000ec4       0x2c build/stm32f1xx_hal_rcc.o
 .text.HAL_RCC_OscConfig
                0x08000ef0      0x410 build/stm32f1xx_hal_rcc.o
                0x08000ef0                HAL_RCC_OscConfig
 .text.HAL_RCC_GetSysClockFreq
                0x08001300       0x54 build/stm32f1xx_hal_rcc.o
                0x08001300                HAL_RCC_GetSysClockFreq
 .text.HAL_RCC_ClockConfig
                0x08001354      0x16c build/stm32f1xx_hal_rcc.o
                0x08001354                HAL_RCC_ClockConfig
 .text.HAL_RCC_GetHCLKFreq
                0x080014c0        0xc build/stm32f1xx_hal_rcc.o
                0x080014c0                HAL_RCC_GetHCLKFreq
 .text.HAL_RCC_GetPCLK1Freq
                0x080014cc       0x20 build/stm32f1xx_hal_rcc.o
                0x080014cc                HAL_RCC_GetPCLK1Freq
 .text.HAL_RCC_GetPCLK2Freq
                0x080014ec       0x20 build/stm32f1xx_hal_rcc.o
                0x080014ec                HAL_RCC_GetPCLK2Freq
 .text.HAL_RCCEx_PeriphCLKConfig
                0x0800150c      0x118 build/stm32f1xx_hal_rcc_ex.o
                0x0800150c                HAL_RCCEx_PeriphCLKConfig
 .text.HAL_RCCEx_GetPeriphCLKFreq
                0x08001624       0xd8 build/stm32f1xx_hal_rcc_ex.o
                0x08001624                HAL_RCCEx_GetPeriphCLKFreq
 .text.HAL_GPIO_Init
                0x080016fc      0x21c build/stm32f1xx_hal_gpio.o
                0x080016fc                HAL_GPIO_Init
 .text.HAL_DMA_Abort
                0x08001918       0x46 build/stm32f1xx_hal_dma.o
                0x08001918                HAL_DMA_Abort
 *fill*         0x0800195e        0x2 
 .text.HAL_DMA_Abort_IT
                0x08001960       0x98 build/stm32f1xx_hal_dma.o
                0x08001960                HAL_DMA_Abort_IT
 .text.__NVIC_SetPriority
                0x080019f8       0x28 build/stm32f1xx_hal_cortex.o
 .text.NVIC_EncodePriority
                0x08001a20       0x3e build/stm32f1xx_hal_cortex.o
 *fill*         0x08001a5e        0x2 
 .text.HAL_NVIC_SetPriorityGrouping
                0x08001a60       0x24 build/stm32f1xx_hal_cortex.o
                0x08001a60                HAL_NVIC_SetPriorityGrouping
 .text.HAL_NVIC_SetPriority
                0x08001a84       0x20 build/stm32f1xx_hal_cortex.o
                0x08001a84                HAL_NVIC_SetPriority
 .text.HAL_NVIC_EnableIRQ
                0x08001aa4       0x1c build/stm32f1xx_hal_cortex.o
                0x08001aa4                HAL_NVIC_EnableIRQ
 .text.HAL_SYSTICK_Config
                0x08001ac0       0x28 build/stm32f1xx_hal_cortex.o
                0x08001ac0                HAL_SYSTICK_Config
 .text.HAL_PWR_EnableBkUpAccess
                0x08001ae8        0xc build/stm32f1xx_hal_pwr.o
                0x08001ae8                HAL_PWR_EnableBkUpAccess
 .text.SystemInit
                0x08001af4        0x2 build/system_stm32f1xx.o
                0x08001af4                SystemInit
 *fill*         0x08001af6        0x2 
 .text._sbrk    0x08001af8       0x48 build/sysmem.o
                0x08001af8                _sbrk
 .text._read    0x08001b40       0x20 build/syscalls.o
                0x08001b40                _read
 .text._close   0x08001b60        0x6 build/syscalls.o
                0x08001b60                _close
 .text._fstat   0x08001b66        0xa build/syscalls.o
                0x08001b66                _fstat
 .text._isatty  0x08001b70        0x4 build/syscalls.o
                0x08001b70                _isatty
 .text._lseek   0x08001b74        0x4 build/syscalls.o
                0x08001b74                _lseek
 .text.RTC_ReadTimeCounter
                0x08001b78       0x2a build/stm32f1xx_hal_rtc.o
 .text.RTC_ReadAlarmCounter
                0x08001ba2        0xe build/stm32f1xx_hal_rtc.o
 .text.RTC_ByteToBcd2
                0x08001bb0       0x16 build/stm32f1xx_hal_rtc.o
 .text.RTC_Bcd2ToByte
                0x08001bc6       0x12 build/stm32f1xx_hal_rtc.o
 .text.RTC_IsLeapYear
                0x08001bd8       0x40 build/stm32f1xx_hal_rtc.o
 .text.RTC_WeekDayNum
                0x08001c18       0x98 build/stm32f1xx_hal_rtc.o
 .text.RTC_DateUpdate
                0x08001cb0       0xa0 build/stm32f1xx_hal_rtc.o
 .text.RTC_EnterInitMode
                0x08001d50       0x30 build/stm32f1xx_hal_rtc.o
 .text.RTC_ExitInitMode
                0x08001d80       0x32 build/stm32f1xx_hal_rtc.o
 .text.RTC_WriteTimeCounter
                0x08001db2       0x2a build/stm32f1xx_hal_rtc.o
 .text.RTC_WriteAlarmCounter
                0x08001ddc       0x2a build/stm32f1xx_hal_rtc.o
 .text.HAL_RTC_SetTime
                0x08001e06       0xc2 build/stm32f1xx_hal_rtc.o
                0x08001e06                HAL_RTC_SetTime
 .text.HAL_RTC_GetTime
                0x08001ec8      0x10c build/stm32f1xx_hal_rtc.o
                0x08001ec8                HAL_RTC_GetTime
 .text.HAL_RTC_SetDate
                0x08001fd4       0xd4 build/stm32f1xx_hal_rtc.o
                0x08001fd4                HAL_RTC_SetDate
 .text.HAL_RTC_GetDate
                0x080020a8       0x66 build/stm32f1xx_hal_rtc.o
                0x080020a8                HAL_RTC_GetDate
 .text.HAL_RTC_AlarmAEventCallback
                0x0800210e        0x2 build/stm32f1xx_hal_rtc.o
                0x0800210e                HAL_RTC_AlarmAEventCallback
 .text.HAL_RTC_AlarmIRQHandler
                0x08002110       0x38 build/stm32f1xx_hal_rtc.o
                0x08002110                HAL_RTC_AlarmIRQHandler
 .text.HAL_RTC_WaitForSynchro
                0x08002148       0x38 build/stm32f1xx_hal_rtc.o
                0x08002148                HAL_RTC_WaitForSynchro
 .text.HAL_RTC_Init
                0x08002180       0xb0 build/stm32f1xx_hal_rtc.o
                0x08002180                HAL_RTC_Init
 .text.HAL_RTCEx_RTCEventCallback
                0x08002230        0x2 build/stm32f1xx_hal_rtc_ex.o
                0x08002230                HAL_RTCEx_RTCEventCallback
 .text.HAL_RTCEx_RTCEventErrorCallback
                0x08002232        0x2 build/stm32f1xx_hal_rtc_ex.o
                0x08002232                HAL_RTCEx_RTCEventErrorCallback
 .text.HAL_RTCEx_RTCIRQHandler
                0x08002234       0x46 build/stm32f1xx_hal_rtc_ex.o
                0x08002234                HAL_RTCEx_RTCIRQHandler
 .text.HAL_RTCEx_BKUPWrite
                0x0800227a       0x10 build/stm32f1xx_hal_rtc_ex.o
                0x0800227a                HAL_RTCEx_BKUPWrite
 .text.HAL_RTCEx_BKUPRead
                0x0800228a       0x10 build/stm32f1xx_hal_rtc_ex.o
                0x0800228a                HAL_RTCEx_BKUPRead
 *fill*         0x0800229a        0x2 
 .text.Reset_Handler
                0x0800229c       0x48 build/startup_stm32f103xb.o
                0x0800229c                Reset_Handler
 .text.Default_Handler
                0x080022e4        0x2 build/startup_stm32f103xb.o
                0x080022e4                EXTI2_IRQHandler
                0x080022e4                TIM1_CC_IRQHandler
                0x080022e4                PVD_IRQHandler
                0x080022e4                EXTI3_IRQHandler
                0x080022e4                EXTI0_IRQHandler
                0x080022e4                I2C2_EV_IRQHandler
                0x080022e4                ADC1_2_IRQHandler
                0x080022e4                SPI1_IRQHandler
                0x080022e4                TAMPER_IRQHandler
                0x080022e4                DMA1_Channel4_IRQHandler
                0x080022e4                USART3_IRQHandler
                0x080022e4                DMA1_Channel7_IRQHandler
                0x080022e4                CAN1_RX1_IRQHandler
                0x080022e4                TIM4_IRQHandler
                0x080022e4                I2C1_EV_IRQHandler
                0x080022e4                DMA1_Channel6_IRQHandler
                0x080022e4                TIM3_IRQHandler
                0x080022e4                RCC_IRQHandler
                0x080022e4                TIM1_TRG_COM_IRQHandler
                0x080022e4                DMA1_Channel1_IRQHandler
                0x080022e4                Default_Handler
                0x080022e4                EXTI15_10_IRQHandler
                0x080022e4                EXTI9_5_IRQHandler
                0x080022e4                SPI2_IRQHandler
                0x080022e4                DMA1_Channel5_IRQHandler
                0x080022e4                EXTI4_IRQHandler
                0x080022e4                USB_LP_CAN1_RX0_IRQHandler
                0x080022e4                USB_HP_CAN1_TX_IRQHandler
                0x080022e4                DMA1_Channel3_IRQHandler
                0x080022e4                TIM1_UP_IRQHandler
                0x080022e4                WWDG_IRQHandler
                0x080022e4                TIM2_IRQHandler
                0x080022e4                TIM1_BRK_IRQHandler
                0x080022e4                EXTI1_IRQHandler
                0x080022e4                I2C2_ER_IRQHandler
                0x080022e4                DMA1_Channel2_IRQHandler
                0x080022e4                CAN1_SCE_IRQHandler
                0x080022e4                FLASH_IRQHandler
                0x080022e4                USART1_IRQHandler
                0x080022e4                I2C1_ER_IRQHandler
                0x080022e4                USBWakeUp_IRQHandler
 *fill*         0x080022e6        0x2 
 .text.std      0x080022e8       0x6c C:/Program Files (x86)/Arm GNU Toolchain arm-none-eabi/13.2 Rel1/bin/../lib/gcc/arm-none-eabi/13.2.1/thumb/v7-m/nofp\libc_nano.a(libc_a-findfp.o)
 .text.stdio_exit_handler
                0x08002354       0x18 C:/Program Files (x86)/Arm GNU Toolchain arm-none-eabi/13.2 Rel1/bin/../lib/gcc/arm-none-eabi/13.2.1/thumb/v7-m/nofp\libc_nano.a(libc_a-findfp.o)
 .text.cleanup_stdio
                0x0800236c       0x40 C:/Program Files (x86)/Arm GNU Toolchain arm-none-eabi/13.2 Rel1/bin/../lib/gcc/arm-none-eabi/13.2.1/thumb/v7-m/nofp\libc_nano.a(libc_a-findfp.o)
 .text.global_stdio_init.part.0
                0x080023ac       0x3c C:/Program Files (x86)/Arm GNU Toolchain arm-none-eabi/13.2 Rel1/bin/../lib/gcc/arm-none-eabi/13.2.1/thumb/v7-m/nofp\libc_nano.a(libc_a-findfp.o)
 .text.__sfp_lock_acquire
                0x080023e8        0xc C:/Program Files (x86)/Arm GNU Toolchain arm-none-eabi/13.2 Rel1/bin/../lib/gcc/arm-none-eabi/13.2.1/thumb/v7-m/nofp\libc_nano.a(libc_a-findfp.o)
                0x080023e8                __sfp_lock_acquire
 .text.__sfp_lock_release
                0x080023f4        0xc C:/Program Files (x86)/Arm GNU Toolchain arm-none-eabi/13.2 Rel1/bin/../lib/gcc/arm-none-eabi/13.2.1/thumb/v7-m/nofp\libc_nano.a(libc_a-findfp.o)
                0x080023f4                __sfp_lock_release
 .text.__sinit  0x08002400       0x30 C:/Program Files (x86)/Arm GNU Toolchain arm-none-eabi/13.2 Rel1/bin/../lib/gcc/arm-none-eabi/13.2.1/thumb/v7-m/nofp\libc_nano.a(libc_a-findfp.o)
                0x08002400                __sinit
 .text._fwalk_sglue
                0x08002430       0x3c C:/Program Files (x86)/Arm GNU Toolchain arm-none-eabi/13.2 Rel1/bin/../lib/gcc/arm-none-eabi/13.2.1/thumb/v7-m/nofp\libc_nano.a(libc_a-fwalk.o)
                0x08002430                _fwalk_sglue
 .text.printf   0x0800246c       0x24 C:/Program Files (x86)/Arm GNU Toolchain arm-none-eabi/13.2 Rel1/bin/../lib/gcc/arm-none-eabi/13.2.1/thumb/v7-m/nofp\libc_nano.a(libc_a-printf.o)
                0x0800246c                iprintf
                0x0800246c                printf
 .text._puts_r  0x08002490       0xaa C:/Program Files (x86)/Arm GNU Toolchain arm-none-eabi/13.2 Rel1/bin/../lib/gcc/arm-none-eabi/13.2.1/thumb/v7-m/nofp\libc_nano.a(libc_a-puts.o)
                0x08002490                _puts_r
 *fill*         0x0800253a        0x2 
 .text.puts     0x0800253c       0x10 C:/Program Files (x86)/Arm GNU Toolchain arm-none-eabi/13.2 Rel1/bin/../lib/gcc/arm-none-eabi/13.2.1/thumb/v7-m/nofp\libc_nano.a(libc_a-puts.o)
                0x0800253c                puts
 .text.__sread  0x0800254c       0x22 C:/Program Files (x86)/Arm GNU Toolchain arm-none-eabi/13.2 Rel1/bin/../lib/gcc/arm-none-eabi/13.2.1/thumb/v7-m/nofp\libc_nano.a(libc_a-stdio.o)
                0x0800254c                __sread
 .text.__swrite
                0x0800256e       0x38 C:/Program Files (x86)/Arm GNU Toolchain arm-none-eabi/13.2 Rel1/bin/../lib/gcc/arm-none-eabi/13.2.1/thumb/v7-m/nofp\libc_nano.a(libc_a-stdio.o)
                0x0800256e                __swrite
 .text.__sseek  0x080025a6       0x24 C:/Program Files (x86)/Arm GNU Toolchain arm-none-eabi/13.2 Rel1/bin/../lib/gcc/arm-none-eabi/13.2.1/thumb/v7-m/nofp\libc_nano.a(libc_a-stdio.o)
                0x080025a6                __sseek
 .text.__sclose
                0x080025ca        0x8 C:/Program Files (x86)/Arm GNU Toolchain arm-none-eabi/13.2 Rel1/bin/../lib/gcc/arm-none-eabi/13.2.1/thumb/v7-m/nofp\libc_nano.a(libc_a-stdio.o)
                0x080025ca                __sclose
 .text.__swbuf_r
                0x080025d2       0x7c C:/Program Files (x86)/Arm GNU Toolchain arm-none-eabi/13.2 Rel1/bin/../lib/gcc/arm-none-eabi/13.2.1/thumb/v7-m/nofp\libc_nano.a(libc_a-wbuf.o)
                0x080025d2                __swbuf_r
 *fill*         0x0800264e        0x2 
 .text.__swsetup_r
                0x08002650       0xac C:/Program Files (x86)/Arm GNU Toolchain arm-none-eabi/13.2 Rel1/bin/../lib/gcc/arm-none-eabi/13.2.1/thumb/v7-m/nofp\libc_nano.a(libc_a-wsetup.o)
                0x08002650                __swsetup_r
 .text.memset   0x080026fc       0x10 C:/Program Files (x86)/Arm GNU Toolchain arm-none-eabi/13.2 Rel1/bin/../lib/gcc/arm-none-eabi/13.2.1/thumb/v7-m/nofp\libc_nano.a(libc_a-memset.o)
                0x080026fc                memset
 .text._close_r
                0x0800270c       0x20 C:/Program Files (x86)/Arm GNU Toolchain arm-none-eabi/13.2 Rel1/bin/../lib/gcc/arm-none-eabi/13.2.1/thumb/v7-m/nofp\libc_nano.a(libc_a-closer.o)
                0x0800270c                _close_r
 .text._lseek_r
                0x0800272c       0x24 C:/Program Files (x86)/Arm GNU Toolchain arm-none-eabi/13.2 Rel1/bin/../lib/gcc/arm-none-eabi/13.2.1/thumb/v7-m/nofp\libc_nano.a(libc_a-lseekr.o)
                0x0800272c                _lseek_r
 .text._read_r  0x08002750       0x24 C:/Program Files (x86)/Arm GNU Toolchain arm-none-eabi/13.2 Rel1/bin/../lib/gcc/arm-none-eabi/13.2.1/thumb/v7-m/nofp\libc_nano.a(libc_a-readr.o)
                0x08002750                _read_r
 .text._write_r
                0x08002774       0x24 C:/Program Files (x86)/Arm GNU Toolchain arm-none-eabi/13.2 Rel1/bin/../lib/gcc/arm-none-eabi/13.2.1/thumb/v7-m/nofp\libc_nano.a(libc_a-writer.o)
                0x08002774                _write_r
 .text.__errno  0x08002798        0xc C:/Program Files (x86)/Arm GNU Toolchain arm-none-eabi/13.2 Rel1/bin/../lib/gcc/arm-none-eabi/13.2.1/thumb/v7-m/nofp\libc_nano.a(libc_a-errno.o)
                0x08002798                __errno
 .text.__libc_init_array
                0x080027a4       0x48 C:/Program Files (x86)/Arm GNU Toolchain arm-none-eabi/13.2 Rel1/bin/../lib/gcc/arm-none-eabi/13.2.1/thumb/v7-m/nofp\libc_nano.a(libc_a-init.o)
                0x080027a4                __libc_init_array
 .text.__retarget_lock_init_recursive
                0x080027ec        0x2 C:/Program Files (x86)/Arm GNU Toolchain arm-none-eabi/13.2 Rel1/bin/../lib/gcc/arm-none-eabi/13.2.1/thumb/v7-m/nofp\libc_nano.a(libc_a-lock.o)
                0x080027ec                __retarget_lock_init_recursive
 .text.__retarget_lock_acquire_recursive
                0x080027ee        0x2 C:/Program Files (x86)/Arm GNU Toolchain arm-none-eabi/13.2 Rel1/bin/../lib/gcc/arm-none-eabi/13.2.1/thumb/v7-m/nofp\libc_nano.a(libc_a-lock.o)
                0x080027ee                __retarget_lock_acquire_recursive
 .text.__retarget_lock_release_recursive
                0x080027f0        0x2 C:/Program Files (x86)/Arm GNU Toolchain arm-none-eabi/13.2 Rel1/bin/../lib/gcc/arm-none-eabi/13.2.1/thumb/v7-m/nofp\libc_nano.a(libc_a-lock.o)
                0x080027f0                __retarget_lock_release_recursive
 *fill*         0x080027f2        0x2 
 .text._free_r  0x080027f4       0x90 C:/Program Files (x86)/Arm GNU Toolchain arm-none-eabi/13.2 Rel1/bin/../lib/gcc/arm-none-eabi/13.2.1/thumb/v7-m/nofp\libc_nano.a(libc_a-freer.o)
                0x080027f4                _free_r
 .text.sbrk_aligned
                0x08002884       0x44 C:/Program Files (x86)/Arm GNU Toolchain arm-none-eabi/13.2 Rel1/bin/../lib/gcc/arm-none-eabi/13.2.1/thumb/v7-m/nofp\libc_nano.a(libc_a-mallocr.o)
 .text._malloc_r
                0x080028c8      0x100 C:/Program Files (x86)/Arm GNU Toolchain arm-none-eabi/13.2 Rel1/bin/../lib/gcc/arm-none-eabi/13.2.1/thumb/v7-m/nofp\libc_nano.a(libc_a-mallocr.o)
                0x080028c8                _malloc_r
 .text.__malloc_lock
                0x080029c8        0xc C:/Program Files (x86)/Arm GNU Toolchain arm-none-eabi/13.2 Rel1/bin/../lib/gcc/arm-none-eabi/13.2.1/thumb/v7-m/nofp\libc_nano.a(libc_a-mlock.o)
                0x080029c8                __malloc_lock
 .text.__malloc_unlock
                0x080029d4        0xc C:/Program Files (x86)/Arm GNU Toolchain arm-none-eabi/13.2 Rel1/bin/../lib/gcc/arm-none-eabi/13.2.1/thumb/v7-m/nofp\libc_nano.a(libc_a-mlock.o)
                0x080029d4                __malloc_unlock
 .text.__sfputc_r
                0x080029e0       0x2a C:/Program Files (x86)/Arm GNU Toolchain arm-none-eabi/13.2 Rel1/bin/../lib/gcc/arm-none-eabi/13.2.1/thumb/v7-m/nofp\libc_nano.a(libc_a-nano-vfprintf.o)
 .text.__sfputs_r
                0x08002a0a       0x24 C:/Program Files (x86)/Arm GNU Toolchain arm-none-eabi/13.2 Rel1/bin/../lib/gcc/arm-none-eabi/13.2.1/thumb/v7-m/nofp\libc_nano.a(libc_a-nano-vfprintf.o)
                0x08002a0a                __sfputs_r
 *fill*         0x08002a2e        0x2 
 .text._vfprintf_r
                0x08002a30      0x230 C:/Program Files (x86)/Arm GNU Toolchain arm-none-eabi/13.2 Rel1/bin/../lib/gcc/arm-none-eabi/13.2.1/thumb/v7-m/nofp\libc_nano.a(libc_a-nano-vfprintf.o)
                0x08002a30                _vfprintf_r
                0x08002a30                _vfiprintf_r
 .text._printf_common
                0x08002c60       0xe4 C:/Program Files (x86)/Arm GNU Toolchain arm-none-eabi/13.2 Rel1/bin/../lib/gcc/arm-none-eabi/13.2.1/thumb/v7-m/nofp\libc_nano.a(libc_a-nano-vfprintf_i.o)
                0x08002c60                _printf_common
 .text._printf_i
                0x08002d44      0x23c C:/Program Files (x86)/Arm GNU Toolchain arm-none-eabi/13.2 Rel1/bin/../lib/gcc/arm-none-eabi/13.2.1/thumb/v7-m/nofp\libc_nano.a(libc_a-nano-vfprintf_i.o)
                0x08002d44                _printf_i
 .text.__sflush_r
                0x08002f80      0x100 C:/Program Files (x86)/Arm GNU Toolchain arm-none-eabi/13.2 Rel1/bin/../lib/gcc/arm-none-eabi/13.2.1/thumb/v7-m/nofp\libc_nano.a(libc_a-fflush.o)
                0x08002f80                __sflush_r
 .text._fflush_r
                0x08003080       0x50 C:/Program Files (x86)/Arm GNU Toolchain arm-none-eabi/13.2 Rel1/bin/../lib/gcc/arm-none-eabi/13.2.1/thumb/v7-m/nofp\libc_nano.a(libc_a-fflush.o)
                0x08003080                _fflush_r
 .text.__swhatbuf_r
                0x080030d0       0x4a C:/Program Files (x86)/Arm GNU Toolchain arm-none-eabi/13.2 Rel1/bin/../lib/gcc/arm-none-eabi/13.2.1/thumb/v7-m/nofp\libc_nano.a(libc_a-makebuf.o)
                0x080030d0                __swhatbuf_r
 .text.__smakebuf_r
                0x0800311a       0x78 C:/Program Files (x86)/Arm GNU Toolchain arm-none-eabi/13.2 Rel1/bin/../lib/gcc/arm-none-eabi/13.2.1/thumb/v7-m/nofp\libc_nano.a(libc_a-makebuf.o)
                0x0800311a                __smakebuf_r
 *fill*         0x08003192        0x2 
 .text._fstat_r
                0x08003194       0x24 C:/Program Files (x86)/Arm GNU Toolchain arm-none-eabi/13.2 Rel1/bin/../lib/gcc/arm-none-eabi/13.2.1/thumb/v7-m/nofp\libc_nano.a(libc_a-fstatr.o)
                0x08003194                _fstat_r
 .text._isatty_r
                0x080031b8       0x20 C:/Program Files (x86)/Arm GNU Toolchain arm-none-eabi/13.2 Rel1/bin/../lib/gcc/arm-none-eabi/13.2.1/thumb/v7-m/nofp\libc_nano.a(libc_a-isattyr.o)
                0x080031b8                _isatty_r
 .text._sbrk_r  0x080031d8       0x20 C:/Program Files (x86)/Arm GNU Toolchain arm-none-eabi/13.2 Rel1/bin/../lib/gcc/arm-none-eabi/13.2.1/thumb/v7-m/nofp\libc_nano.a(libc_a-sbrkr.o)
                0x080031d8                _sbrk_r
 .text.memchr   0x080031f8       0x1c C:/Program Files (x86)/Arm GNU Toolchain arm-none-eabi/13.2 Rel1/bin/../lib/gcc/arm-none-eabi/13.2.1/thumb/v7-m/nofp\libc_nano.a(libc_a-memchr-stub.o)
                0x080031f8                memchr
 *(.glue_7)
 .glue_7        0x08003214        0x0 linker stubs
 *(.glue_7t)
 .glue_7t       0x08003214        0x0 linker stubs
 *(.eh_frame)
 .eh_frame      0x08003214        0x0 C:/Program Files (x86)/Arm GNU Toolchain arm-none-eabi/13.2 Rel1/bin/../lib/gcc/arm-none-eabi/13.2.1/thumb/v7-m/nofp/crtbegin.o
 *(.init)
 .init          0x08003214        0x4 C:/Program Files (x86)/Arm GNU Toolchain arm-none-eabi/13.2 Rel1/bin/../lib/gcc/arm-none-eabi/13.2.1/thumb/v7-m/nofp/crti.o
                0x08003214                _init
 .init          0x08003218        0x8 C:/Program Files (x86)/Arm GNU Toolchain arm-none-eabi/13.2 Rel1/bin/../lib/gcc/arm-none-eabi/13.2.1/thumb/v7-m/nofp/crtn.o
 *(.fini)
 .fini          0x08003220        0x4 C:/Program Files (x86)/Arm GNU Toolchain arm-none-eabi/13.2 Rel1/bin/../lib/gcc/arm-none-eabi/13.2.1/thumb/v7-m/nofp/crti.o
                0x08003220                _fini
 .fini          0x08003224        0x8 C:/Program Files (x86)/Arm GNU Toolchain arm-none-eabi/13.2 Rel1/bin/../lib/gcc/arm-none-eabi/13.2.1/thumb/v7-m/nofp/crtn.o
                0x0800322c                        . = ALIGN (0x4)
                0x0800322c                        _etext = .

.vfp11_veneer   0x0800322c        0x0
 .vfp11_veneer  0x0800322c        0x0 linker stubs

.v4_bx          0x0800322c        0x0
 .v4_bx         0x0800322c        0x0 linker stubs

.iplt           0x0800322c        0x0
 .iplt          0x0800322c        0x0 C:/Program Files (x86)/Arm GNU Toolchain arm-none-eabi/13.2 Rel1/bin/../lib/gcc/arm-none-eabi/13.2.1/thumb/v7-m/nofp/crtbegin.o

.rodata         0x0800322c      0x2b8
                0x0800322c                        . = ALIGN (0x4)
 *(.rodata)
 *(.rodata*)
 .rodata.fm_fc_init.str1.4
                0x0800322c      0x244 build/fm_init_project.o
                                0x100 (size before relaxing)
 .rodata.FM_V0x_RTC_Set_Time.str1.4
                0x08003470       0x2d build/fm_rtc.o
 .rodata.FM_V0x_RTC_Set_Date.str1.4
                0x08003470       0x2d build/fm_rtc.o
 .rodata.FM_V0x_Rtc_Init.str1.4
                0x08003470       0x8d build/fm_rtc.o
 .rodata.FM_V0x_RTC_Get_Time.str1.4
                0x08003470       0x40 build/fm_rtc.o
 .rodata.FM_V0x_RTC_Get_Date.str1.4
                0x08003470       0x14 build/fm_rtc.o
 .rodata.aPredivFactorTable.0
                0x08003470        0x2 build/stm32f1xx_hal_rcc.o
 *fill*         0x08003472        0x2 
 .rodata.aPLLMULFactorTable.1
                0x08003474       0x10 build/stm32f1xx_hal_rcc.o
 .rodata.aPredivFactorTable.0
                0x08003484        0x2 build/stm32f1xx_hal_rcc_ex.o
 *fill*         0x08003486        0x2 
 .rodata.aPLLMULFactorTable.1
                0x08003488       0x10 build/stm32f1xx_hal_rcc_ex.o
 .rodata.APBPrescTable
                0x08003498        0x8 build/system_stm32f1xx.o
                0x08003498                APBPrescTable
 .rodata.AHBPrescTable
                0x080034a0       0x10 build/system_stm32f1xx.o
                0x080034a0                AHBPrescTable
 .rodata._vfprintf_r.str1.1
                0x080034b0       0x33 C:/Program Files (x86)/Arm GNU Toolchain arm-none-eabi/13.2 Rel1/bin/../lib/gcc/arm-none-eabi/13.2.1/thumb/v7-m/nofp\libc_nano.a(libc_a-nano-vfprintf.o)
                                 0x11 (size before relaxing)
 .rodata._printf_i.str1.1
                0x080034e3       0x22 C:/Program Files (x86)/Arm GNU Toolchain arm-none-eabi/13.2 Rel1/bin/../lib/gcc/arm-none-eabi/13.2.1/thumb/v7-m/nofp\libc_nano.a(libc_a-nano-vfprintf_i.o)
                0x08003508                        . = ALIGN (0x4)
 *fill*         0x080034e3        0x1 

.rel.dyn        0x080034e4        0x0
 .rel.iplt      0x080034e4        0x0 C:/Program Files (x86)/Arm GNU Toolchain arm-none-eabi/13.2 Rel1/bin/../lib/gcc/arm-none-eabi/13.2.1/thumb/v7-m/nofp/crtbegin.o

.ARM.extab
 *(.ARM.extab* .gnu.linkonce.armextab.*)

.ARM            0x080034e4        0x0
                0x080034e4                        __exidx_start = .
 *(.ARM.exidx*)
                0x080034e4                        __exidx_end = .

.preinit_array  0x080034e4        0x0
                0x080034e4                        PROVIDE (__preinit_array_start = .)
 *(.preinit_array*)
                0x080034e4                        PROVIDE (__preinit_array_end = .)

.init_array     0x080034e4        0x4
                0x080034e4                        PROVIDE (__init_array_start = .)
 *(SORT_BY_NAME(.init_array.*))
 *(.init_array*)
 .init_array    0x080034e4        0x4 C:/Program Files (x86)/Arm GNU Toolchain arm-none-eabi/13.2 Rel1/bin/../lib/gcc/arm-none-eabi/13.2.1/thumb/v7-m/nofp/crtbegin.o
                0x080034e8                        PROVIDE (__init_array_end = .)

.fini_array     0x080034e8        0x4
                [!provide]                        PROVIDE (__fini_array_start = .)
 *(SORT_BY_NAME(.fini_array.*))
 *(.fini_array*)
 .fini_array    0x080034e8        0x4 C:/Program Files (x86)/Arm GNU Toolchain arm-none-eabi/13.2 Rel1/bin/../lib/gcc/arm-none-eabi/13.2.1/thumb/v7-m/nofp/crtbegin.o
                [!provide]                        PROVIDE (__fini_array_end = .)
                0x080034ec                        _sidata = LOADADDR (.data)

.data           0x20000000       0x68 load address 0x080034ec
                0x20000000                        . = ALIGN (0x4)
                0x20000000                        _sdata = .
 *(.data)
 *(.data*)
 .data.uwTickFreq
                0x20000000        0x1 build/stm32f1xx_hal.o
                0x20000000                uwTickFreq
 *fill*         0x20000001        0x3 
 .data.uwTickPrio
                0x20000004        0x4 build/stm32f1xx_hal.o
                0x20000004                uwTickPrio
 .data.SystemCoreClock
                0x20000008        0x4 build/system_stm32f1xx.o
                0x20000008                SystemCoreClock
 .data.__sglue  0x2000000c        0xc C:/Program Files (x86)/Arm GNU Toolchain arm-none-eabi/13.2 Rel1/bin/../lib/gcc/arm-none-eabi/13.2.1/thumb/v7-m/nofp\libc_nano.a(libc_a-findfp.o)
                0x2000000c                __sglue
 .data._impure_ptr
                0x20000018        0x4 C:/Program Files (x86)/Arm GNU Toolchain arm-none-eabi/13.2 Rel1/bin/../lib/gcc/arm-none-eabi/13.2.1/thumb/v7-m/nofp\libc_nano.a(libc_a-impure.o)
                0x20000018                _impure_ptr
 .data._impure_data
                0x2000001c       0x4c C:/Program Files (x86)/Arm GNU Toolchain arm-none-eabi/13.2 Rel1/bin/../lib/gcc/arm-none-eabi/13.2.1/thumb/v7-m/nofp\libc_nano.a(libc_a-impure.o)
                0x2000001c                _impure_data
                0x20000068                        . = ALIGN (0x4)
                0x20000068                        _edata = .

.tm_clone_table
                0x20000068        0x0 load address 0x08003554
 .tm_clone_table
                0x20000068        0x0 C:/Program Files (x86)/Arm GNU Toolchain arm-none-eabi/13.2 Rel1/bin/../lib/gcc/arm-none-eabi/13.2.1/thumb/v7-m/nofp/crtbegin.o
 .tm_clone_table
                0x20000068        0x0 C:/Program Files (x86)/Arm GNU Toolchain arm-none-eabi/13.2 Rel1/bin/../lib/gcc/arm-none-eabi/13.2.1/thumb/v7-m/nofp/crtend.o

.igot.plt       0x20000068        0x0 load address 0x08003554
 .igot.plt      0x20000068        0x0 C:/Program Files (x86)/Arm GNU Toolchain arm-none-eabi/13.2 Rel1/bin/../lib/gcc/arm-none-eabi/13.2.1/thumb/v7-m/nofp/crtbegin.o
                0x20000068                        . = ALIGN (0x4)

.bss            0x20000068      0x284 load address 0x08003554
                0x20000068                        _sbss = .
                0x20000068                        __bss_start__ = _sbss
 *(.bss)
 *(.bss*)
 .bss.completed.1
                0x20000068        0x1 C:/Program Files (x86)/Arm GNU Toolchain arm-none-eabi/13.2 Rel1/bin/../lib/gcc/arm-none-eabi/13.2.1/thumb/v7-m/nofp/crtbegin.o
 *fill*         0x20000069        0x3 
 .bss.object.0  0x2000006c       0x18 C:/Program Files (x86)/Arm GNU Toolchain arm-none-eabi/13.2 Rel1/bin/../lib/gcc/arm-none-eabi/13.2.1/thumb/v7-m/nofp/crtbegin.o
 .bss.huart2    0x20000084       0x48 build/main.o
                0x20000084                huart2
 .bss.__RX_RBuffer
                0x200000cc        0x4 build/fm_ring_buffer.o
                0x200000cc                __RX_RBuffer
 .bss.TX_Buffer
                0x200000d0       0x88 build/fm_ring_buffer.o
                0x200000d0                TX_Buffer
 .bss.DateToUpdate
                0x20000158        0x4 build/fm_rtc.o
                0x20000158                DateToUpdate
 .bss.sTime     0x2000015c        0x3 build/fm_rtc.o
                0x2000015c                sTime
 *fill*         0x2000015f        0x1 
 .bss.hrtc      0x20000160       0x14 build/fm_rtc.o
                0x20000160                hrtc
 .bss.pTime     0x20000174        0x3 build/fm_rtc.o
                0x20000174                pTime
 .bss.FM_V0x_RTC_States
                0x20000177        0x1 build/fm_rtc.o
                0x20000177                FM_V0x_RTC_States
 .bss.FM_V0x_Get_RTC
                0x20000178        0xe build/fm_rtc.o
                0x20000178                FM_V0x_Get_RTC
 *fill*         0x20000186        0x2 
 .bss.FM_V0x_RTC_Pars
                0x20000188        0xe build/fm_rtc.o
                0x20000188                FM_V0x_RTC_Pars
 *fill*         0x20000196        0x2 
 .bss.uwTick    0x20000198        0x4 build/stm32f1xx_hal.o
                0x20000198                uwTick
 .bss.__sbrk_heap_end
                0x2000019c        0x4 build/sysmem.o
 .bss.__sf      0x200001a0      0x138 C:/Program Files (x86)/Arm GNU Toolchain arm-none-eabi/13.2 Rel1/bin/../lib/gcc/arm-none-eabi/13.2.1/thumb/v7-m/nofp\libc_nano.a(libc_a-findfp.o)
                0x200001a0                __sf
 .bss.__stdio_exit_handler
                0x200002d8        0x4 C:/Program Files (x86)/Arm GNU Toolchain arm-none-eabi/13.2 Rel1/bin/../lib/gcc/arm-none-eabi/13.2.1/thumb/v7-m/nofp\libc_nano.a(libc_a-findfp.o)
                0x200002d8                __stdio_exit_handler
 .bss.errno     0x200002dc        0x4 C:/Program Files (x86)/Arm GNU Toolchain arm-none-eabi/13.2 Rel1/bin/../lib/gcc/arm-none-eabi/13.2.1/thumb/v7-m/nofp\libc_nano.a(libc_a-reent.o)
                0x200002dc                errno
 .bss.__lock___malloc_recursive_mutex
                0x200002e0        0x1 C:/Program Files (x86)/Arm GNU Toolchain arm-none-eabi/13.2 Rel1/bin/../lib/gcc/arm-none-eabi/13.2.1/thumb/v7-m/nofp\libc_nano.a(libc_a-lock.o)
                0x200002e0                __lock___malloc_recursive_mutex
 .bss.__lock___sfp_recursive_mutex
                0x200002e1        0x1 C:/Program Files (x86)/Arm GNU Toolchain arm-none-eabi/13.2 Rel1/bin/../lib/gcc/arm-none-eabi/13.2.1/thumb/v7-m/nofp\libc_nano.a(libc_a-lock.o)
                0x200002e1                __lock___sfp_recursive_mutex
 *fill*         0x200002e2        0x2 
 .bss.__malloc_sbrk_start
                0x200002e4        0x4 C:/Program Files (x86)/Arm GNU Toolchain arm-none-eabi/13.2 Rel1/bin/../lib/gcc/arm-none-eabi/13.2.1/thumb/v7-m/nofp\libc_nano.a(libc_a-mallocr.o)
                0x200002e4                __malloc_sbrk_start
 .bss.__malloc_free_list
                0x200002e8        0x4 C:/Program Files (x86)/Arm GNU Toolchain arm-none-eabi/13.2 Rel1/bin/../lib/gcc/arm-none-eabi/13.2.1/thumb/v7-m/nofp\libc_nano.a(libc_a-mallocr.o)
                0x200002e8                __malloc_free_list
 *(COMMON)
                0x200002ec                        . = ALIGN (0x4)
                0x200002ec                        _ebss = .
                0x200002ec                        __bss_end__ = _ebss

._user_heap_stack
                0x200002ec      0x604 load address 0x08003554
                0x200002f0                        . = ALIGN (0x8)
 *fill*         0x200002ec        0x4 
                [!provide]                        PROVIDE (end = .)
                0x200002f0                        PROVIDE (_end = .)
                0x200004f0                        . = (. + _Min_Heap_Size)
 *fill*         0x200002f0      0x200 
                0x200008f0                        . = (. + _Min_Stack_Size)
 *fill*         0x200004f0      0x400 
                0x200008f0                        . = ALIGN (0x8)

/DISCARD/
 libc.a(*)
 libm.a(*)
 libgcc.a(*)

.ARM.attributes
                0x00000000       0x29
 *(.ARM.attributes)
 .ARM.attributes
                0x00000000       0x1d C:/Program Files (x86)/Arm GNU Toolchain arm-none-eabi/13.2 Rel1/bin/../lib/gcc/arm-none-eabi/13.2.1/thumb/v7-m/nofp/crti.o
 .ARM.attributes
                0x0000001d       0x2d C:/Program Files (x86)/Arm GNU Toolchain arm-none-eabi/13.2 Rel1/bin/../lib/gcc/arm-none-eabi/13.2.1/thumb/v7-m/nofp/crtbegin.o
 .ARM.attributes
                0x0000004a       0x2d build/main.o
 .ARM.attributes
                0x00000077       0x2d build/fm_init_project.o
 .ARM.attributes
                0x000000a4       0x2d build/fm_ring_buffer.o
 .ARM.attributes
                0x000000d1       0x2d build/fm_rtc.o
 .ARM.attributes
                0x000000fe       0x2d build/stm32f1xx_it.o
 .ARM.attributes
                0x0000012b       0x2d build/stm32f1xx_hal_msp.o
 .ARM.attributes
                0x00000158       0x2d build/stm32f1xx_hal_uart.o
 .ARM.attributes
                0x00000185       0x2d build/stm32f1xx_hal.o
 .ARM.attributes
                0x000001b2       0x2d build/stm32f1xx_hal_rcc.o
 .ARM.attributes
                0x000001df       0x2d build/stm32f1xx_hal_rcc_ex.o
 .ARM.attributes
                0x0000020c       0x2d build/stm32f1xx_hal_gpio.o
 .ARM.attributes
                0x00000239       0x2d build/stm32f1xx_hal_dma.o
 .ARM.attributes
                0x00000266       0x2d build/stm32f1xx_hal_cortex.o
 .ARM.attributes
                0x00000293       0x2d build/stm32f1xx_hal_pwr.o
 .ARM.attributes
                0x000002c0       0x2d build/system_stm32f1xx.o
 .ARM.attributes
                0x000002ed       0x2d build/sysmem.o
 .ARM.attributes
                0x0000031a       0x2d build/syscalls.o
 .ARM.attributes
                0x00000347       0x2d build/stm32f1xx_hal_rtc.o
 .ARM.attributes
                0x00000374       0x2d build/stm32f1xx_hal_rtc_ex.o
 .ARM.attributes
                0x000003a1       0x21 build/startup_stm32f103xb.o
 .ARM.attributes
                0x000003c2       0x2d C:/Program Files (x86)/Arm GNU Toolchain arm-none-eabi/13.2 Rel1/bin/../lib/gcc/arm-none-eabi/13.2.1/thumb/v7-m/nofp\libc_nano.a(libc_a-findfp.o)
 .ARM.attributes
                0x000003ef       0x2d C:/Program Files (x86)/Arm GNU Toolchain arm-none-eabi/13.2 Rel1/bin/../lib/gcc/arm-none-eabi/13.2.1/thumb/v7-m/nofp\libc_nano.a(libc_a-fwalk.o)
 .ARM.attributes
                0x0000041c       0x2d C:/Program Files (x86)/Arm GNU Toolchain arm-none-eabi/13.2 Rel1/bin/../lib/gcc/arm-none-eabi/13.2.1/thumb/v7-m/nofp\libc_nano.a(libc_a-printf.o)
 .ARM.attributes
                0x00000449       0x2d C:/Program Files (x86)/Arm GNU Toolchain arm-none-eabi/13.2 Rel1/bin/../lib/gcc/arm-none-eabi/13.2.1/thumb/v7-m/nofp\libc_nano.a(libc_a-puts.o)
 .ARM.attributes
                0x00000476       0x2d C:/Program Files (x86)/Arm GNU Toolchain arm-none-eabi/13.2 Rel1/bin/../lib/gcc/arm-none-eabi/13.2.1/thumb/v7-m/nofp\libc_nano.a(libc_a-stdio.o)
 .ARM.attributes
                0x000004a3       0x2d C:/Program Files (x86)/Arm GNU Toolchain arm-none-eabi/13.2 Rel1/bin/../lib/gcc/arm-none-eabi/13.2.1/thumb/v7-m/nofp\libc_nano.a(libc_a-wbuf.o)
 .ARM.attributes
                0x000004d0       0x2d C:/Program Files (x86)/Arm GNU Toolchain arm-none-eabi/13.2 Rel1/bin/../lib/gcc/arm-none-eabi/13.2.1/thumb/v7-m/nofp\libc_nano.a(libc_a-wsetup.o)
 .ARM.attributes
                0x000004fd       0x2d C:/Program Files (x86)/Arm GNU Toolchain arm-none-eabi/13.2 Rel1/bin/../lib/gcc/arm-none-eabi/13.2.1/thumb/v7-m/nofp\libc_nano.a(libc_a-memset.o)
 .ARM.attributes
                0x0000052a       0x2d C:/Program Files (x86)/Arm GNU Toolchain arm-none-eabi/13.2 Rel1/bin/../lib/gcc/arm-none-eabi/13.2.1/thumb/v7-m/nofp\libc_nano.a(libc_a-closer.o)
 .ARM.attributes
                0x00000557       0x2d C:/Program Files (x86)/Arm GNU Toolchain arm-none-eabi/13.2 Rel1/bin/../lib/gcc/arm-none-eabi/13.2.1/thumb/v7-m/nofp\libc_nano.a(libc_a-reent.o)
 .ARM.attributes
                0x00000584       0x2d C:/Program Files (x86)/Arm GNU Toolchain arm-none-eabi/13.2 Rel1/bin/../lib/gcc/arm-none-eabi/13.2.1/thumb/v7-m/nofp\libc_nano.a(libc_a-impure.o)
 .ARM.attributes
                0x000005b1       0x2d C:/Program Files (x86)/Arm GNU Toolchain arm-none-eabi/13.2 Rel1/bin/../lib/gcc/arm-none-eabi/13.2.1/thumb/v7-m/nofp\libc_nano.a(libc_a-lseekr.o)
 .ARM.attributes
                0x000005de       0x2d C:/Program Files (x86)/Arm GNU Toolchain arm-none-eabi/13.2 Rel1/bin/../lib/gcc/arm-none-eabi/13.2.1/thumb/v7-m/nofp\libc_nano.a(libc_a-readr.o)
 .ARM.attributes
                0x0000060b       0x2d C:/Program Files (x86)/Arm GNU Toolchain arm-none-eabi/13.2 Rel1/bin/../lib/gcc/arm-none-eabi/13.2.1/thumb/v7-m/nofp\libc_nano.a(libc_a-writer.o)
 .ARM.attributes
                0x00000638       0x2d C:/Program Files (x86)/Arm GNU Toolchain arm-none-eabi/13.2 Rel1/bin/../lib/gcc/arm-none-eabi/13.2.1/thumb/v7-m/nofp\libc_nano.a(libc_a-errno.o)
 .ARM.attributes
                0x00000665       0x2d C:/Program Files (x86)/Arm GNU Toolchain arm-none-eabi/13.2 Rel1/bin/../lib/gcc/arm-none-eabi/13.2.1/thumb/v7-m/nofp\libc_nano.a(libc_a-init.o)
 .ARM.attributes
                0x00000692       0x2d C:/Program Files (x86)/Arm GNU Toolchain arm-none-eabi/13.2 Rel1/bin/../lib/gcc/arm-none-eabi/13.2.1/thumb/v7-m/nofp\libc_nano.a(libc_a-lock.o)
 .ARM.attributes
                0x000006bf       0x2d C:/Program Files (x86)/Arm GNU Toolchain arm-none-eabi/13.2 Rel1/bin/../lib/gcc/arm-none-eabi/13.2.1/thumb/v7-m/nofp\libc_nano.a(libc_a-freer.o)
 .ARM.attributes
                0x000006ec       0x2d C:/Program Files (x86)/Arm GNU Toolchain arm-none-eabi/13.2 Rel1/bin/../lib/gcc/arm-none-eabi/13.2.1/thumb/v7-m/nofp\libc_nano.a(libc_a-mallocr.o)
 .ARM.attributes
                0x00000719       0x2d C:/Program Files (x86)/Arm GNU Toolchain arm-none-eabi/13.2 Rel1/bin/../lib/gcc/arm-none-eabi/13.2.1/thumb/v7-m/nofp\libc_nano.a(libc_a-mlock.o)
 .ARM.attributes
                0x00000746       0x2d C:/Program Files (x86)/Arm GNU Toolchain arm-none-eabi/13.2 Rel1/bin/../lib/gcc/arm-none-eabi/13.2.1/thumb/v7-m/nofp\libc_nano.a(libc_a-nano-vfprintf.o)
 .ARM.attributes
                0x00000773       0x2d C:/Program Files (x86)/Arm GNU Toolchain arm-none-eabi/13.2 Rel1/bin/../lib/gcc/arm-none-eabi/13.2.1/thumb/v7-m/nofp\libc_nano.a(libc_a-nano-vfprintf_i.o)
 .ARM.attributes
                0x000007a0       0x2d C:/Program Files (x86)/Arm GNU Toolchain arm-none-eabi/13.2 Rel1/bin/../lib/gcc/arm-none-eabi/13.2.1/thumb/v7-m/nofp\libc_nano.a(libc_a-fflush.o)
 .ARM.attributes
                0x000007cd       0x2d C:/Program Files (x86)/Arm GNU Toolchain arm-none-eabi/13.2 Rel1/bin/../lib/gcc/arm-none-eabi/13.2.1/thumb/v7-m/nofp\libc_nano.a(libc_a-makebuf.o)
 .ARM.attributes
                0x000007fa       0x2d C:/Program Files (x86)/Arm GNU Toolchain arm-none-eabi/13.2 Rel1/bin/../lib/gcc/arm-none-eabi/13.2.1/thumb/v7-m/nofp\libc_nano.a(libc_a-fstatr.o)
 .ARM.attributes
                0x00000827       0x2d C:/Program Files (x86)/Arm GNU Toolchain arm-none-eabi/13.2 Rel1/bin/../lib/gcc/arm-none-eabi/13.2.1/thumb/v7-m/nofp\libc_nano.a(libc_a-isattyr.o)
 .ARM.attributes
                0x00000854       0x2d C:/Program Files (x86)/Arm GNU Toolchain arm-none-eabi/13.2 Rel1/bin/../lib/gcc/arm-none-eabi/13.2.1/thumb/v7-m/nofp\libc_nano.a(libc_a-sbrkr.o)
 .ARM.attributes
                0x00000881       0x2d C:/Program Files (x86)/Arm GNU Toolchain arm-none-eabi/13.2 Rel1/bin/../lib/gcc/arm-none-eabi/13.2.1/thumb/v7-m/nofp\libc_nano.a(libc_a-memchr-stub.o)
 .ARM.attributes
                0x000008ae       0x2d C:/Program Files (x86)/Arm GNU Toolchain arm-none-eabi/13.2 Rel1/bin/../lib/gcc/arm-none-eabi/13.2.1/thumb/v7-m/nofp/crtend.o
 .ARM.attributes
                0x000008db       0x1d C:/Program Files (x86)/Arm GNU Toolchain arm-none-eabi/13.2 Rel1/bin/../lib/gcc/arm-none-eabi/13.2.1/thumb/v7-m/nofp/crtn.o
OUTPUT(build/FM_V03_01.elf elf32-littlearm)
LOAD linker stubs
LOAD C:/Program Files (x86)/Arm GNU Toolchain arm-none-eabi/13.2 Rel1/bin/../lib/gcc/arm-none-eabi/13.2.1/thumb/v7-m/nofp\libc.a
LOAD C:/Program Files (x86)/Arm GNU Toolchain arm-none-eabi/13.2 Rel1/bin/../lib/gcc/arm-none-eabi/13.2.1/thumb/v7-m/nofp\libm.a
LOAD C:/Program Files (x86)/Arm GNU Toolchain arm-none-eabi/13.2 Rel1/bin/../lib/gcc/arm-none-eabi/13.2.1/thumb/v7-m/nofp\libgcc.a

.debug_info     0x00000000     0xebdc
 .debug_info    0x00000000      0xed7 build/main.o
 .debug_info    0x00000ed7      0x141 build/fm_init_project.o
 .debug_info    0x00001018      0xde0 build/fm_ring_buffer.o
 .debug_info    0x00001df8      0xcdd build/fm_rtc.o
 .debug_info    0x00002ad5      0x996 build/stm32f1xx_it.o
 .debug_info    0x0000346b      0xe7c build/stm32f1xx_hal_msp.o
 .debug_info    0x000042e7     0x430f build/stm32f1xx_hal_uart.o
 .debug_info    0x000085f6      0x880 build/stm32f1xx_hal.o
 .debug_info    0x00008e76      0xb10 build/stm32f1xx_hal_rcc.o
 .debug_info    0x00009986      0x47d build/stm32f1xx_hal_rcc_ex.o
 .debug_info    0x00009e03      0x6d7 build/stm32f1xx_hal_gpio.o
 .debug_info    0x0000a4da      0x8d5 build/stm32f1xx_hal_dma.o
 .debug_info    0x0000adaf      0xe3f build/stm32f1xx_hal_cortex.o
 .debug_info    0x0000bbee      0x748 build/stm32f1xx_hal_pwr.o
 .debug_info    0x0000c336      0x26e build/system_stm32f1xx.o
 .debug_info    0x0000c5a4      0x18c build/sysmem.o
 .debug_info    0x0000c730      0x848 build/syscalls.o
 .debug_info    0x0000cf78     0x13f0 build/stm32f1xx_hal_rtc.o
 .debug_info    0x0000e368      0x844 build/stm32f1xx_hal_rtc_ex.o
 .debug_info    0x0000ebac       0x30 build/startup_stm32f103xb.o

.debug_abbrev   0x00000000     0x2a51
 .debug_abbrev  0x00000000      0x2c9 build/main.o
 .debug_abbrev  0x000002c9       0xa7 build/fm_init_project.o
 .debug_abbrev  0x00000370      0x393 build/fm_ring_buffer.o
 .debug_abbrev  0x00000703      0x1f0 build/fm_rtc.o
 .debug_abbrev  0x000008f3      0x1ab build/stm32f1xx_it.o
 .debug_abbrev  0x00000a9e      0x211 build/stm32f1xx_hal_msp.o
 .debug_abbrev  0x00000caf      0x35f build/stm32f1xx_hal_uart.o
 .debug_abbrev  0x0000100e      0x232 build/stm32f1xx_hal.o
 .debug_abbrev  0x00001240      0x2d6 build/stm32f1xx_hal_rcc.o
 .debug_abbrev  0x00001516      0x1d4 build/stm32f1xx_hal_rcc_ex.o
 .debug_abbrev  0x000016ea      0x222 build/stm32f1xx_hal_gpio.o
 .debug_abbrev  0x0000190c      0x261 build/stm32f1xx_hal_dma.o
 .debug_abbrev  0x00001b6d      0x3aa build/stm32f1xx_hal_cortex.o
 .debug_abbrev  0x00001f17      0x1fc build/stm32f1xx_hal_pwr.o
 .debug_abbrev  0x00002113      0x140 build/system_stm32f1xx.o
 .debug_abbrev  0x00002253       0xeb build/sysmem.o
 .debug_abbrev  0x0000233e      0x1e3 build/syscalls.o
 .debug_abbrev  0x00002521      0x283 build/stm32f1xx_hal_rtc.o
 .debug_abbrev  0x000027a4      0x290 build/stm32f1xx_hal_rtc_ex.o
 .debug_abbrev  0x00002a34       0x1d build/startup_stm32f103xb.o

.debug_loc      0x00000000     0xb08b
 .debug_loc     0x00000000      0x156 build/main.o
 .debug_loc     0x00000156       0x20 build/fm_init_project.o
 .debug_loc     0x00000176      0x825 build/fm_ring_buffer.o
 .debug_loc     0x0000099b      0x274 build/fm_rtc.o
 .debug_loc     0x00000c0f       0x80 build/stm32f1xx_it.o
 .debug_loc     0x00000c8f      0x212 build/stm32f1xx_hal_msp.o
 .debug_loc     0x00000ea1     0x4ff4 build/stm32f1xx_hal_uart.o
 .debug_loc     0x00005e95      0x1f9 build/stm32f1xx_hal.o
 .debug_loc     0x0000608e      0x7c6 build/stm32f1xx_hal_rcc.o
 .debug_loc     0x00006854      0x4a9 build/stm32f1xx_hal_rcc_ex.o
 .debug_loc     0x00006cfd      0x56c build/stm32f1xx_hal_gpio.o
 .debug_loc     0x00007269      0x990 build/stm32f1xx_hal_dma.o
 .debug_loc     0x00007bf9      0x8b4 build/stm32f1xx_hal_cortex.o
 .debug_loc     0x000084ad      0x1b2 build/stm32f1xx_hal_pwr.o
 .debug_loc     0x0000865f      0x11b build/system_stm32f1xx.o
 .debug_loc     0x0000877a       0x90 build/sysmem.o
 .debug_loc     0x0000880a      0x583 build/syscalls.o
 .debug_loc     0x00008d8d     0x1bba build/stm32f1xx_hal_rtc.o
 .debug_loc     0x0000a947      0x744 build/stm32f1xx_hal_rtc_ex.o

.debug_aranges  0x00000000      0xa78
 .debug_aranges
                0x00000000       0x48 build/main.o
 .debug_aranges
                0x00000048       0x20 build/fm_init_project.o
 .debug_aranges
                0x00000068       0x90 build/fm_ring_buffer.o
 .debug_aranges
                0x000000f8       0x48 build/fm_rtc.o
 .debug_aranges
                0x00000140       0x78 build/stm32f1xx_it.o
 .debug_aranges
                0x000001b8       0x40 build/stm32f1xx_hal_msp.o
 .debug_aranges
                0x000001f8      0x208 build/stm32f1xx_hal_uart.o
 .debug_aranges
                0x00000400       0xe0 build/stm32f1xx_hal.o
 .debug_aranges
                0x000004e0       0x90 build/stm32f1xx_hal_rcc.o
 .debug_aranges
                0x00000570       0x30 build/stm32f1xx_hal_rcc_ex.o
 .debug_aranges
                0x000005a0       0x58 build/stm32f1xx_hal_gpio.o
 .debug_aranges
                0x000005f8       0x80 build/stm32f1xx_hal_dma.o
 .debug_aranges
                0x00000678       0xc0 build/stm32f1xx_hal_cortex.o
 .debug_aranges
                0x00000738       0xa8 build/stm32f1xx_hal_pwr.o
 .debug_aranges
                0x000007e0       0x28 build/system_stm32f1xx.o
 .debug_aranges
                0x00000808       0x20 build/sysmem.o
 .debug_aranges
                0x00000828       0xa8 build/syscalls.o
 .debug_aranges
                0x000008d0       0xf8 build/stm32f1xx_hal_rtc.o
 .debug_aranges
                0x000009c8       0x88 build/stm32f1xx_hal_rtc_ex.o
 .debug_aranges
                0x00000a50       0x28 build/startup_stm32f103xb.o

.debug_ranges   0x00000000      0x9d8
 .debug_ranges  0x00000000       0x38 build/main.o
 .debug_ranges  0x00000038       0x10 build/fm_init_project.o
 .debug_ranges  0x00000048       0xc8 build/fm_ring_buffer.o
 .debug_ranges  0x00000110       0x38 build/fm_rtc.o
 .debug_ranges  0x00000148       0x68 build/stm32f1xx_it.o
 .debug_ranges  0x000001b0       0x30 build/stm32f1xx_hal_msp.o
 .debug_ranges  0x000001e0      0x210 build/stm32f1xx_hal_uart.o
 .debug_ranges  0x000003f0       0xd0 build/stm32f1xx_hal.o
 .debug_ranges  0x000004c0       0xa0 build/stm32f1xx_hal_rcc.o
 .debug_ranges  0x00000560       0x38 build/stm32f1xx_hal_rcc_ex.o
 .debug_ranges  0x00000598       0x48 build/stm32f1xx_hal_gpio.o
 .debug_ranges  0x000005e0       0x70 build/stm32f1xx_hal_dma.o
 .debug_ranges  0x00000650       0xb0 build/stm32f1xx_hal_cortex.o
 .debug_ranges  0x00000700       0x98 build/stm32f1xx_hal_pwr.o
 .debug_ranges  0x00000798       0x18 build/system_stm32f1xx.o
 .debug_ranges  0x000007b0       0x10 build/sysmem.o
 .debug_ranges  0x000007c0       0x98 build/syscalls.o
 .debug_ranges  0x00000858       0xe8 build/stm32f1xx_hal_rtc.o
 .debug_ranges  0x00000940       0x78 build/stm32f1xx_hal_rtc_ex.o
 .debug_ranges  0x000009b8       0x20 build/startup_stm32f103xb.o

.debug_line     0x00000000     0xa2c6
 .debug_line    0x00000000      0x423 build/main.o
 .debug_line    0x00000423      0x172 build/fm_init_project.o
 .debug_line    0x00000595      0x9f1 build/fm_ring_buffer.o
 .debug_line    0x00000f86      0x589 build/fm_rtc.o
 .debug_line    0x0000150f      0x316 build/stm32f1xx_it.o
 .debug_line    0x00001825      0x362 build/stm32f1xx_hal_msp.o
 .debug_line    0x00001b87     0x349f build/stm32f1xx_hal_uart.o
 .debug_line    0x00005026      0x52e build/stm32f1xx_hal.o
 .debug_line    0x00005554      0xcaa build/stm32f1xx_hal_rcc.o
 .debug_line    0x000061fe      0x4aa build/stm32f1xx_hal_rcc_ex.o
 .debug_line    0x000066a8      0x5d0 build/stm32f1xx_hal_gpio.o
 .debug_line    0x00006c78      0xaef build/stm32f1xx_hal_dma.o
 .debug_line    0x00007767      0x6a7 build/stm32f1xx_hal_cortex.o
 .debug_line    0x00007e0e      0x470 build/stm32f1xx_hal_pwr.o
 .debug_line    0x0000827e      0x245 build/system_stm32f1xx.o
 .debug_line    0x000084c3      0x1f0 build/sysmem.o
 .debug_line    0x000086b3      0x3f8 build/syscalls.o
 .debug_line    0x00008aab     0x1167 build/stm32f1xx_hal_rtc.o
 .debug_line    0x00009c12      0x643 build/stm32f1xx_hal_rtc_ex.o
 .debug_line    0x0000a255       0x71 build/startup_stm32f103xb.o

.debug_str      0x00000000     0x3103
 .debug_str     0x00000000     0x3103 build/main.o
                                0xa1f (size before relaxing)
 .debug_str     0x00003103      0x1cf build/fm_init_project.o
 .debug_str     0x00003103      0x87d build/fm_ring_buffer.o
 .debug_str     0x00003103      0x7a4 build/fm_rtc.o
 .debug_str     0x00003103      0x7e6 build/stm32f1xx_it.o
 .debug_str     0x00003103      0xb2a build/stm32f1xx_hal_msp.o
 .debug_str     0x00003103      0xcf8 build/stm32f1xx_hal_uart.o
 .debug_str     0x00003103      0x832 build/stm32f1xx_hal.o
 .debug_str     0x00003103      0x62f build/stm32f1xx_hal_rcc.o
 .debug_str     0x00003103      0x3d7 build/stm32f1xx_hal_rcc_ex.o
 .debug_str     0x00003103      0x404 build/stm32f1xx_hal_gpio.o
 .debug_str     0x00003103      0x601 build/stm32f1xx_hal_dma.o
 .debug_str     0x00003103      0x8d7 build/stm32f1xx_hal_cortex.o
 .debug_str     0x00003103      0x49f build/stm32f1xx_hal_pwr.o
 .debug_str     0x00003103      0x258 build/system_stm32f1xx.o
 .debug_str     0x00003103      0x21c build/sysmem.o
 .debug_str     0x00003103      0x3f0 build/syscalls.o
 .debug_str     0x00003103      0x713 build/stm32f1xx_hal_rtc.o
 .debug_str     0x00003103      0x5a5 build/stm32f1xx_hal_rtc_ex.o
 .debug_str     0x00003103       0x8f build/startup_stm32f103xb.o

.comment        0x00000000       0x44
 .comment       0x00000000       0x44 build/main.o
                                 0x45 (size before relaxing)
 .comment       0x00000044       0x45 build/fm_init_project.o
 .comment       0x00000044       0x45 build/fm_ring_buffer.o
 .comment       0x00000044       0x45 build/fm_rtc.o
 .comment       0x00000044       0x45 build/stm32f1xx_it.o
 .comment       0x00000044       0x45 build/stm32f1xx_hal_msp.o
 .comment       0x00000044       0x45 build/stm32f1xx_hal_uart.o
 .comment       0x00000044       0x45 build/stm32f1xx_hal.o
 .comment       0x00000044       0x45 build/stm32f1xx_hal_rcc.o
 .comment       0x00000044       0x45 build/stm32f1xx_hal_rcc_ex.o
 .comment       0x00000044       0x45 build/stm32f1xx_hal_gpio.o
 .comment       0x00000044       0x45 build/stm32f1xx_hal_dma.o
 .comment       0x00000044       0x45 build/stm32f1xx_hal_cortex.o
 .comment       0x00000044       0x45 build/stm32f1xx_hal_pwr.o
 .comment       0x00000044       0x45 build/system_stm32f1xx.o
 .comment       0x00000044       0x45 build/sysmem.o
 .comment       0x00000044       0x45 build/syscalls.o
 .comment       0x00000044       0x45 build/stm32f1xx_hal_rtc.o
 .comment       0x00000044       0x45 build/stm32f1xx_hal_rtc_ex.o

.debug_frame    0x00000000     0x21b4
 .debug_frame   0x00000000       0xa8 build/main.o
 .debug_frame   0x000000a8       0x28 build/fm_init_project.o
 .debug_frame   0x000000d0      0x16c build/fm_ring_buffer.o
 .debug_frame   0x0000023c       0xcc build/fm_rtc.o
 .debug_frame   0x00000308       0xf0 build/stm32f1xx_it.o
 .debug_frame   0x000003f8       0x98 build/stm32f1xx_hal_msp.o
 .debug_frame   0x00000490      0x5dc build/stm32f1xx_hal_uart.o
 .debug_frame   0x00000a6c      0x1cc build/stm32f1xx_hal.o
 .debug_frame   0x00000c38      0x184 build/stm32f1xx_hal_rcc.o
 .debug_frame   0x00000dbc       0x5c build/stm32f1xx_hal_rcc_ex.o
 .debug_frame   0x00000e18       0xe4 build/stm32f1xx_hal_gpio.o
 .debug_frame   0x00000efc      0x144 build/stm32f1xx_hal_dma.o
 .debug_frame   0x00001040      0x19c build/stm32f1xx_hal_cortex.o
 .debug_frame   0x000011dc      0x140 build/stm32f1xx_hal_pwr.o
 .debug_frame   0x0000131c       0x30 build/system_stm32f1xx.o
 .debug_frame   0x0000134c       0x28 build/sysmem.o
 .debug_frame   0x00001374      0x190 build/syscalls.o
 .debug_frame   0x00001504      0x344 build/stm32f1xx_hal_rtc.o
 .debug_frame   0x00001848      0x134 build/stm32f1xx_hal_rtc_ex.o
 .debug_frame   0x0000197c      0x144 C:/Program Files (x86)/Arm GNU Toolchain arm-none-eabi/13.2 Rel1/bin/../lib/gcc/arm-none-eabi/13.2.1/thumb/v7-m/nofp\libc_nano.a(libc_a-findfp.o)
 .debug_frame   0x00001ac0       0x34 C:/Program Files (x86)/Arm GNU Toolchain arm-none-eabi/13.2 Rel1/bin/../lib/gcc/arm-none-eabi/13.2.1/thumb/v7-m/nofp\libc_nano.a(libc_a-fwalk.o)
 .debug_frame   0x00001af4       0x6c C:/Program Files (x86)/Arm GNU Toolchain arm-none-eabi/13.2 Rel1/bin/../lib/gcc/arm-none-eabi/13.2.1/thumb/v7-m/nofp\libc_nano.a(libc_a-printf.o)
 .debug_frame   0x00001b60       0x3c C:/Program Files (x86)/Arm GNU Toolchain arm-none-eabi/13.2 Rel1/bin/../lib/gcc/arm-none-eabi/13.2.1/thumb/v7-m/nofp\libc_nano.a(libc_a-puts.o)
 .debug_frame   0x00001b9c       0x88 C:/Program Files (x86)/Arm GNU Toolchain arm-none-eabi/13.2 Rel1/bin/../lib/gcc/arm-none-eabi/13.2.1/thumb/v7-m/nofp\libc_nano.a(libc_a-stdio.o)
 .debug_frame   0x00001c24       0x40 C:/Program Files (x86)/Arm GNU Toolchain arm-none-eabi/13.2 Rel1/bin/../lib/gcc/arm-none-eabi/13.2.1/thumb/v7-m/nofp\libc_nano.a(libc_a-wbuf.o)
 .debug_frame   0x00001c64       0x2c C:/Program Files (x86)/Arm GNU Toolchain arm-none-eabi/13.2 Rel1/bin/../lib/gcc/arm-none-eabi/13.2.1/thumb/v7-m/nofp\libc_nano.a(libc_a-wsetup.o)
 .debug_frame   0x00001c90       0x20 C:/Program Files (x86)/Arm GNU Toolchain arm-none-eabi/13.2 Rel1/bin/../lib/gcc/arm-none-eabi/13.2.1/thumb/v7-m/nofp\libc_nano.a(libc_a-memset.o)
 .debug_frame   0x00001cb0       0x2c C:/Program Files (x86)/Arm GNU Toolchain arm-none-eabi/13.2 Rel1/bin/../lib/gcc/arm-none-eabi/13.2.1/thumb/v7-m/nofp\libc_nano.a(libc_a-closer.o)
 .debug_frame   0x00001cdc       0x38 C:/Program Files (x86)/Arm GNU Toolchain arm-none-eabi/13.2 Rel1/bin/../lib/gcc/arm-none-eabi/13.2.1/thumb/v7-m/nofp\libc_nano.a(libc_a-reent.o)
 .debug_frame   0x00001d14       0x2c C:/Program Files (x86)/Arm GNU Toolchain arm-none-eabi/13.2 Rel1/bin/../lib/gcc/arm-none-eabi/13.2.1/thumb/v7-m/nofp\libc_nano.a(libc_a-lseekr.o)
 .debug_frame   0x00001d40       0x2c C:/Program Files (x86)/Arm GNU Toolchain arm-none-eabi/13.2 Rel1/bin/../lib/gcc/arm-none-eabi/13.2.1/thumb/v7-m/nofp\libc_nano.a(libc_a-readr.o)
 .debug_frame   0x00001d6c       0x2c C:/Program Files (x86)/Arm GNU Toolchain arm-none-eabi/13.2 Rel1/bin/../lib/gcc/arm-none-eabi/13.2.1/thumb/v7-m/nofp\libc_nano.a(libc_a-writer.o)
 .debug_frame   0x00001d98       0x20 C:/Program Files (x86)/Arm GNU Toolchain arm-none-eabi/13.2 Rel1/bin/../lib/gcc/arm-none-eabi/13.2.1/thumb/v7-m/nofp\libc_nano.a(libc_a-errno.o)
 .debug_frame   0x00001db8       0x2c C:/Program Files (x86)/Arm GNU Toolchain arm-none-eabi/13.2 Rel1/bin/../lib/gcc/arm-none-eabi/13.2.1/thumb/v7-m/nofp\libc_nano.a(libc_a-init.o)
 .debug_frame   0x00001de4       0xb0 C:/Program Files (x86)/Arm GNU Toolchain arm-none-eabi/13.2 Rel1/bin/../lib/gcc/arm-none-eabi/13.2.1/thumb/v7-m/nofp\libc_nano.a(libc_a-lock.o)
 .debug_frame   0x00001e94       0x38 C:/Program Files (x86)/Arm GNU Toolchain arm-none-eabi/13.2 Rel1/bin/../lib/gcc/arm-none-eabi/13.2.1/thumb/v7-m/nofp\libc_nano.a(libc_a-freer.o)
 .debug_frame   0x00001ecc       0x50 C:/Program Files (x86)/Arm GNU Toolchain arm-none-eabi/13.2 Rel1/bin/../lib/gcc/arm-none-eabi/13.2.1/thumb/v7-m/nofp\libc_nano.a(libc_a-mallocr.o)
 .debug_frame   0x00001f1c       0x30 C:/Program Files (x86)/Arm GNU Toolchain arm-none-eabi/13.2 Rel1/bin/../lib/gcc/arm-none-eabi/13.2.1/thumb/v7-m/nofp\libc_nano.a(libc_a-mlock.o)
 .debug_frame   0x00001f4c       0xa8 C:/Program Files (x86)/Arm GNU Toolchain arm-none-eabi/13.2 Rel1/bin/../lib/gcc/arm-none-eabi/13.2.1/thumb/v7-m/nofp\libc_nano.a(libc_a-nano-vfprintf.o)
 .debug_frame   0x00001ff4       0x60 C:/Program Files (x86)/Arm GNU Toolchain arm-none-eabi/13.2 Rel1/bin/../lib/gcc/arm-none-eabi/13.2.1/thumb/v7-m/nofp\libc_nano.a(libc_a-nano-vfprintf_i.o)
 .debug_frame   0x00002054       0x5c C:/Program Files (x86)/Arm GNU Toolchain arm-none-eabi/13.2 Rel1/bin/../lib/gcc/arm-none-eabi/13.2.1/thumb/v7-m/nofp\libc_nano.a(libc_a-fflush.o)
 .debug_frame   0x000020b0       0x58 C:/Program Files (x86)/Arm GNU Toolchain arm-none-eabi/13.2 Rel1/bin/../lib/gcc/arm-none-eabi/13.2.1/thumb/v7-m/nofp\libc_nano.a(libc_a-makebuf.o)
 .debug_frame   0x00002108       0x2c C:/Program Files (x86)/Arm GNU Toolchain arm-none-eabi/13.2 Rel1/bin/../lib/gcc/arm-none-eabi/13.2.1/thumb/v7-m/nofp\libc_nano.a(libc_a-fstatr.o)
 .debug_frame   0x00002134       0x2c C:/Program Files (x86)/Arm GNU Toolchain arm-none-eabi/13.2 Rel1/bin/../lib/gcc/arm-none-eabi/13.2.1/thumb/v7-m/nofp\libc_nano.a(libc_a-isattyr.o)
 .debug_frame   0x00002160       0x2c C:/Program Files (x86)/Arm GNU Toolchain arm-none-eabi/13.2 Rel1/bin/../lib/gcc/arm-none-eabi/13.2.1/thumb/v7-m/nofp\libc_nano.a(libc_a-sbrkr.o)
 .debug_frame   0x0000218c       0x28 C:/Program Files (x86)/Arm GNU Toolchain arm-none-eabi/13.2 Rel1/bin/../lib/gcc/arm-none-eabi/13.2.1/thumb/v7-m/nofp\libc_nano.a(libc_a-memchr-stub.o)

Cross Reference Table

Symbol                                            File
ADC1_2_IRQHandler                                 build/startup_stm32f103xb.o
AHBPrescTable                                     build/system_stm32f1xx.o
                                                  build/stm32f1xx_hal_rcc.o
APBPrescTable                                     build/system_stm32f1xx.o
                                                  build/stm32f1xx_hal_rcc.o
BusFault_Handler                                  build/stm32f1xx_it.o
CAN1_RX1_IRQHandler                               build/startup_stm32f103xb.o
CAN1_SCE_IRQHandler                               build/startup_stm32f103xb.o
Copy_upto                                         build/fm_ring_buffer.o
DMA1_Channel1_IRQHandler                          build/startup_stm32f103xb.o
DMA1_Channel2_IRQHandler                          build/startup_stm32f103xb.o
DMA1_Channel3_IRQHandler                          build/startup_stm32f103xb.o
DMA1_Channel4_IRQHandler                          build/startup_stm32f103xb.o
DMA1_Channel5_IRQHandler                          build/startup_stm32f103xb.o
DMA1_Channel6_IRQHandler                          build/startup_stm32f103xb.o
DMA1_Channel7_IRQHandler                          build/startup_stm32f103xb.o
DateToUpdate                                      build/fm_rtc.o
DebugMon_Handler                                  build/stm32f1xx_it.o
Default_Handler                                   build/startup_stm32f103xb.o
EXTI0_IRQHandler                                  build/startup_stm32f103xb.o
EXTI15_10_IRQHandler                              build/startup_stm32f103xb.o
EXTI1_IRQHandler                                  build/startup_stm32f103xb.o
EXTI2_IRQHandler                                  build/startup_stm32f103xb.o
EXTI3_IRQHandler                                  build/startup_stm32f103xb.o
EXTI4_IRQHandler                                  build/startup_stm32f103xb.o
EXTI9_5_IRQHandler                                build/startup_stm32f103xb.o
Error_Handler                                     build/main.o
                                                  build/fm_rtc.o
FLASH_IRQHandler                                  build/startup_stm32f103xb.o
FLASH_PageErase                                   build/stm32f1xx_hal_flash_ex.o
                                                  build/stm32f1xx_hal_flash.o
FLASH_WaitForLastOperation                        build/stm32f1xx_hal_flash.o
                                                  build/stm32f1xx_hal_flash_ex.o
FM_RBUFFER_TIMEOUT                                build/fm_ring_buffer.o
FM_RBuffer_Checking_Data_Is_Available             build/fm_ring_buffer.o
FM_RBuffer_Copy_An_Array                          build/fm_ring_buffer.o
FM_RBuffer_Erase_Buffer                           build/fm_ring_buffer.o
FM_RBuffer_Get_Data_From_Buffer                   build/fm_ring_buffer.o
FM_RBuffer_Int                                    build/fm_ring_buffer.o
FM_RBuffer_Peek                                   build/fm_ring_buffer.o
FM_RBuffer_Receive_Data                           build/fm_ring_buffer.o
FM_RBuffer_Store_Data                             build/fm_ring_buffer.o
FM_RBuffer_UART_ISR                               build/fm_ring_buffer.o
                                                  build/stm32f1xx_it.o
FM_RBuffer_Waiting                                build/fm_ring_buffer.o
FM_RBuffer_Write_Data                             build/fm_ring_buffer.o
FM_V0x_Alarm_RTC                                  build/fm_rtc.o
FM_V0x_Get_RTC                                    build/fm_rtc.o
                                                  build/main.o
FM_V0x_RTC_Get_Date                               build/fm_rtc.o
                                                  build/main.o
FM_V0x_RTC_Get_Time                               build/fm_rtc.o
                                                  build/main.o
FM_V0x_RTC_Pars                                   build/fm_rtc.o
FM_V0x_RTC_Set_Date                               build/fm_rtc.o
FM_V0x_RTC_Set_Time                               build/fm_rtc.o
FM_V0x_RTC_States                                 build/fm_rtc.o
FM_V0x_RTC_WakeUp                                 build/fm_rtc.o
FM_V0x_Rtc_Init                                   build/fm_rtc.o
                                                  build/main.o
Get_after                                         build/fm_ring_buffer.o
HAL_DBGMCU_DisableDBGSleepMode                    build/stm32f1xx_hal.o
HAL_DBGMCU_DisableDBGStandbyMode                  build/stm32f1xx_hal.o
HAL_DBGMCU_DisableDBGStopMode                     build/stm32f1xx_hal.o
HAL_DBGMCU_EnableDBGSleepMode                     build/stm32f1xx_hal.o
HAL_DBGMCU_EnableDBGStandbyMode                   build/stm32f1xx_hal.o
HAL_DBGMCU_EnableDBGStopMode                      build/stm32f1xx_hal.o
HAL_DMA_Abort                                     build/stm32f1xx_hal_dma.o
                                                  build/stm32f1xx_hal_uart.o
HAL_DMA_Abort_IT                                  build/stm32f1xx_hal_dma.o
                                                  build/stm32f1xx_hal_uart.o
HAL_DMA_DeInit                                    build/stm32f1xx_hal_dma.o
HAL_DMA_GetError                                  build/stm32f1xx_hal_dma.o
                                                  build/stm32f1xx_hal_uart.o
HAL_DMA_GetState                                  build/stm32f1xx_hal_dma.o
HAL_DMA_IRQHandler                                build/stm32f1xx_hal_dma.o
HAL_DMA_Init                                      build/stm32f1xx_hal_dma.o
HAL_DMA_PollForTransfer                           build/stm32f1xx_hal_dma.o
HAL_DMA_RegisterCallback                          build/stm32f1xx_hal_dma.o
HAL_DMA_Start                                     build/stm32f1xx_hal_dma.o
HAL_DMA_Start_IT                                  build/stm32f1xx_hal_dma.o
                                                  build/stm32f1xx_hal_uart.o
HAL_DMA_UnRegisterCallback                        build/stm32f1xx_hal_dma.o
HAL_DeInit                                        build/stm32f1xx_hal.o
HAL_Delay                                         build/stm32f1xx_hal.o
                                                  build/fm_init_project.o
                                                  build/main.o
HAL_EXTI_ClearConfigLine                          build/stm32f1xx_hal_exti.o
HAL_EXTI_ClearPending                             build/stm32f1xx_hal_exti.o
HAL_EXTI_GenerateSWI                              build/stm32f1xx_hal_exti.o
HAL_EXTI_GetConfigLine                            build/stm32f1xx_hal_exti.o
HAL_EXTI_GetHandle                                build/stm32f1xx_hal_exti.o
HAL_EXTI_GetPending                               build/stm32f1xx_hal_exti.o
HAL_EXTI_IRQHandler                               build/stm32f1xx_hal_exti.o
HAL_EXTI_RegisterCallback                         build/stm32f1xx_hal_exti.o
HAL_EXTI_SetConfigLine                            build/stm32f1xx_hal_exti.o
HAL_FLASHEx_Erase                                 build/stm32f1xx_hal_flash_ex.o
HAL_FLASHEx_Erase_IT                              build/stm32f1xx_hal_flash_ex.o
HAL_FLASHEx_OBErase                               build/stm32f1xx_hal_flash_ex.o
HAL_FLASHEx_OBGetConfig                           build/stm32f1xx_hal_flash_ex.o
HAL_FLASHEx_OBGetUserData                         build/stm32f1xx_hal_flash_ex.o
HAL_FLASHEx_OBProgram                             build/stm32f1xx_hal_flash_ex.o
HAL_FLASH_EndOfOperationCallback                  build/stm32f1xx_hal_flash.o
HAL_FLASH_GetError                                build/stm32f1xx_hal_flash.o
HAL_FLASH_IRQHandler                              build/stm32f1xx_hal_flash.o
HAL_FLASH_Lock                                    build/stm32f1xx_hal_flash.o
HAL_FLASH_OB_Launch                               build/stm32f1xx_hal_flash.o
HAL_FLASH_OB_Lock                                 build/stm32f1xx_hal_flash.o
HAL_FLASH_OB_Unlock                               build/stm32f1xx_hal_flash.o
HAL_FLASH_OperationErrorCallback                  build/stm32f1xx_hal_flash.o
HAL_FLASH_Program                                 build/stm32f1xx_hal_flash.o
HAL_FLASH_Program_IT                              build/stm32f1xx_hal_flash.o
HAL_FLASH_Unlock                                  build/stm32f1xx_hal_flash.o
HAL_GPIOEx_ConfigEventout                         build/stm32f1xx_hal_gpio_ex.o
HAL_GPIOEx_DisableEventout                        build/stm32f1xx_hal_gpio_ex.o
HAL_GPIOEx_EnableEventout                         build/stm32f1xx_hal_gpio_ex.o
HAL_GPIO_DeInit                                   build/stm32f1xx_hal_gpio.o
                                                  build/stm32f1xx_hal_msp.o
HAL_GPIO_EXTI_Callback                            build/stm32f1xx_hal_gpio.o
HAL_GPIO_EXTI_IRQHandler                          build/stm32f1xx_hal_gpio.o
HAL_GPIO_Init                                     build/stm32f1xx_hal_gpio.o
                                                  build/stm32f1xx_hal_rcc.o
                                                  build/stm32f1xx_hal_msp.o
                                                  build/main.o
HAL_GPIO_LockPin                                  build/stm32f1xx_hal_gpio.o
HAL_GPIO_ReadPin                                  build/stm32f1xx_hal_gpio.o
HAL_GPIO_TogglePin                                build/stm32f1xx_hal_gpio.o
HAL_GPIO_WritePin                                 build/stm32f1xx_hal_gpio.o
                                                  build/fm_rtc.o
HAL_GetDEVID                                      build/stm32f1xx_hal.o
HAL_GetHalVersion                                 build/stm32f1xx_hal.o
HAL_GetREVID                                      build/stm32f1xx_hal.o
HAL_GetTick                                       build/stm32f1xx_hal.o
                                                  build/stm32f1xx_hal_rtc_ex.o
                                                  build/stm32f1xx_hal_rtc.o
                                                  build/stm32f1xx_hal_flash.o
                                                  build/stm32f1xx_hal_dma.o
                                                  build/stm32f1xx_hal_rcc_ex.o
                                                  build/stm32f1xx_hal_rcc.o
                                                  build/stm32f1xx_hal_uart.o
HAL_GetTickFreq                                   build/stm32f1xx_hal.o
HAL_GetTickPrio                                   build/stm32f1xx_hal.o
HAL_GetUIDw0                                      build/stm32f1xx_hal.o
HAL_GetUIDw1                                      build/stm32f1xx_hal.o
HAL_GetUIDw2                                      build/stm32f1xx_hal.o
HAL_HalfDuplex_EnableReceiver                     build/stm32f1xx_hal_uart.o
HAL_HalfDuplex_EnableTransmitter                  build/stm32f1xx_hal_uart.o
HAL_HalfDuplex_Init                               build/stm32f1xx_hal_uart.o
HAL_IncTick                                       build/stm32f1xx_hal.o
                                                  build/stm32f1xx_it.o
HAL_Init                                          build/stm32f1xx_hal.o
                                                  build/main.o
HAL_InitTick                                      build/stm32f1xx_hal.o
                                                  build/stm32f1xx_hal_rcc.o
HAL_LIN_Init                                      build/stm32f1xx_hal_uart.o
HAL_LIN_SendBreak                                 build/stm32f1xx_hal_uart.o
HAL_MspDeInit                                     build/stm32f1xx_hal.o
HAL_MspInit                                       build/stm32f1xx_hal_msp.o
HAL_MultiProcessor_EnterMuteMode                  build/stm32f1xx_hal_uart.o
HAL_MultiProcessor_ExitMuteMode                   build/stm32f1xx_hal_uart.o
HAL_MultiProcessor_Init                           build/stm32f1xx_hal_uart.o
HAL_NVIC_ClearPendingIRQ                          build/stm32f1xx_hal_cortex.o
HAL_NVIC_DisableIRQ                               build/stm32f1xx_hal_cortex.o
                                                  build/stm32f1xx_hal_msp.o
HAL_NVIC_EnableIRQ                                build/stm32f1xx_hal_cortex.o
                                                  build/stm32f1xx_hal_msp.o
HAL_NVIC_GetActive                                build/stm32f1xx_hal_cortex.o
HAL_NVIC_GetPendingIRQ                            build/stm32f1xx_hal_cortex.o
HAL_NVIC_GetPriority                              build/stm32f1xx_hal_cortex.o
HAL_NVIC_GetPriorityGrouping                      build/stm32f1xx_hal_cortex.o
HAL_NVIC_SetPendingIRQ                            build/stm32f1xx_hal_cortex.o
HAL_NVIC_SetPriority                              build/stm32f1xx_hal_cortex.o
                                                  build/stm32f1xx_hal.o
                                                  build/stm32f1xx_hal_msp.o
HAL_NVIC_SetPriorityGrouping                      build/stm32f1xx_hal_cortex.o
                                                  build/stm32f1xx_hal.o
HAL_NVIC_SystemReset                              build/stm32f1xx_hal_cortex.o
                                                  build/stm32f1xx_hal_flash.o
HAL_PWR_ConfigPVD                                 build/stm32f1xx_hal_pwr.o
HAL_PWR_DeInit                                    build/stm32f1xx_hal_pwr.o
HAL_PWR_DisableBkUpAccess                         build/stm32f1xx_hal_pwr.o
HAL_PWR_DisablePVD                                build/stm32f1xx_hal_pwr.o
HAL_PWR_DisableSEVOnPend                          build/stm32f1xx_hal_pwr.o
HAL_PWR_DisableSleepOnExit                        build/stm32f1xx_hal_pwr.o
HAL_PWR_DisableWakeUpPin                          build/stm32f1xx_hal_pwr.o
HAL_PWR_EnableBkUpAccess                          build/stm32f1xx_hal_pwr.o
                                                  build/stm32f1xx_hal_msp.o
HAL_PWR_EnablePVD                                 build/stm32f1xx_hal_pwr.o
HAL_PWR_EnableSEVOnPend                           build/stm32f1xx_hal_pwr.o
HAL_PWR_EnableSleepOnExit                         build/stm32f1xx_hal_pwr.o
HAL_PWR_EnableWakeUpPin                           build/stm32f1xx_hal_pwr.o
HAL_PWR_EnterSLEEPMode                            build/stm32f1xx_hal_pwr.o
HAL_PWR_EnterSTANDBYMode                          build/stm32f1xx_hal_pwr.o
HAL_PWR_EnterSTOPMode                             build/stm32f1xx_hal_pwr.o
HAL_PWR_PVDCallback                               build/stm32f1xx_hal_pwr.o
HAL_PWR_PVD_IRQHandler                            build/stm32f1xx_hal_pwr.o
HAL_RCCEx_GetPeriphCLKConfig                      build/stm32f1xx_hal_rcc_ex.o
HAL_RCCEx_GetPeriphCLKFreq                        build/stm32f1xx_hal_rcc_ex.o
                                                  build/stm32f1xx_hal_rtc.o
HAL_RCCEx_PeriphCLKConfig                         build/stm32f1xx_hal_rcc_ex.o
                                                  build/main.o
HAL_RCC_CSSCallback                               build/stm32f1xx_hal_rcc.o
HAL_RCC_ClockConfig                               build/stm32f1xx_hal_rcc.o
                                                  build/main.o
HAL_RCC_DeInit                                    build/stm32f1xx_hal_rcc.o
HAL_RCC_DisableCSS                                build/stm32f1xx_hal_rcc.o
HAL_RCC_EnableCSS                                 build/stm32f1xx_hal_rcc.o
HAL_RCC_GetClockConfig                            build/stm32f1xx_hal_rcc.o
HAL_RCC_GetHCLKFreq                               build/stm32f1xx_hal_rcc.o
HAL_RCC_GetOscConfig                              build/stm32f1xx_hal_rcc.o
HAL_RCC_GetPCLK1Freq                              build/stm32f1xx_hal_rcc.o
                                                  build/stm32f1xx_hal_uart.o
HAL_RCC_GetPCLK2Freq                              build/stm32f1xx_hal_rcc.o
                                                  build/stm32f1xx_hal_rcc_ex.o
                                                  build/stm32f1xx_hal_uart.o
HAL_RCC_GetSysClockFreq                           build/stm32f1xx_hal_rcc.o
HAL_RCC_MCOConfig                                 build/stm32f1xx_hal_rcc.o
HAL_RCC_NMI_IRQHandler                            build/stm32f1xx_hal_rcc.o
HAL_RCC_OscConfig                                 build/stm32f1xx_hal_rcc.o
                                                  build/main.o
HAL_RTCEx_BKUPRead                                build/stm32f1xx_hal_rtc_ex.o
                                                  build/fm_rtc.o
HAL_RTCEx_BKUPWrite                               build/stm32f1xx_hal_rtc_ex.o
                                                  build/fm_rtc.o
HAL_RTCEx_DeactivateSecond                        build/stm32f1xx_hal_rtc_ex.o
HAL_RTCEx_DeactivateTamper                        build/stm32f1xx_hal_rtc_ex.o
HAL_RTCEx_PollForTamper1Event                     build/stm32f1xx_hal_rtc_ex.o
HAL_RTCEx_RTCEventCallback                        build/stm32f1xx_hal_rtc_ex.o
HAL_RTCEx_RTCEventErrorCallback                   build/stm32f1xx_hal_rtc_ex.o
HAL_RTCEx_RTCIRQHandler                           build/stm32f1xx_hal_rtc_ex.o
                                                  build/stm32f1xx_it.o
HAL_RTCEx_SetSecond_IT                            build/stm32f1xx_hal_rtc_ex.o
HAL_RTCEx_SetSmoothCalib                          build/stm32f1xx_hal_rtc_ex.o
HAL_RTCEx_SetTamper                               build/stm32f1xx_hal_rtc_ex.o
HAL_RTCEx_SetTamper_IT                            build/stm32f1xx_hal_rtc_ex.o
HAL_RTCEx_Tamper1EventCallback                    build/stm32f1xx_hal_rtc_ex.o
HAL_RTCEx_TamperIRQHandler                        build/stm32f1xx_hal_rtc_ex.o
HAL_RTC_AlarmAEventCallback                       build/stm32f1xx_hal_rtc.o
HAL_RTC_AlarmIRQHandler                           build/stm32f1xx_hal_rtc.o
                                                  build/stm32f1xx_it.o
HAL_RTC_DeInit                                    build/stm32f1xx_hal_rtc.o
HAL_RTC_DeactivateAlarm                           build/stm32f1xx_hal_rtc.o
HAL_RTC_GetAlarm                                  build/stm32f1xx_hal_rtc.o
HAL_RTC_GetDate                                   build/stm32f1xx_hal_rtc.o
                                                  build/fm_rtc.o
HAL_RTC_GetState                                  build/stm32f1xx_hal_rtc.o
HAL_RTC_GetTime                                   build/stm32f1xx_hal_rtc.o
                                                  build/fm_rtc.o
HAL_RTC_Init                                      build/stm32f1xx_hal_rtc.o
                                                  build/fm_rtc.o
HAL_RTC_MspDeInit                                 build/stm32f1xx_hal_msp.o
HAL_RTC_MspInit                                   build/stm32f1xx_hal_msp.o
HAL_RTC_PollForAlarmAEvent                        build/stm32f1xx_hal_rtc.o
HAL_RTC_SetAlarm                                  build/stm32f1xx_hal_rtc.o
HAL_RTC_SetAlarm_IT                               build/stm32f1xx_hal_rtc.o
HAL_RTC_SetDate                                   build/stm32f1xx_hal_rtc.o
                                                  build/fm_rtc.o
HAL_RTC_SetTime                                   build/stm32f1xx_hal_rtc.o
                                                  build/fm_rtc.o
HAL_RTC_WaitForSynchro                            build/stm32f1xx_hal_rtc.o
HAL_ResumeTick                                    build/stm32f1xx_hal.o
HAL_SYSTICK_CLKSourceConfig                       build/stm32f1xx_hal_cortex.o
HAL_SYSTICK_Callback                              build/stm32f1xx_hal_cortex.o
HAL_SYSTICK_Config                                build/stm32f1xx_hal_cortex.o
                                                  build/stm32f1xx_hal.o
HAL_SYSTICK_IRQHandler                            build/stm32f1xx_hal_cortex.o
HAL_SetTickFreq                                   build/stm32f1xx_hal.o
HAL_SuspendTick                                   build/stm32f1xx_hal.o
HAL_UARTEx_GetRxEventType                         build/stm32f1xx_hal_uart.o
HAL_UARTEx_ReceiveToIdle                          build/stm32f1xx_hal_uart.o
HAL_UARTEx_ReceiveToIdle_DMA                      build/stm32f1xx_hal_uart.o
HAL_UARTEx_ReceiveToIdle_IT                       build/stm32f1xx_hal_uart.o
HAL_UARTEx_RxEventCallback                        build/stm32f1xx_hal_uart.o
HAL_UART_Abort                                    build/stm32f1xx_hal_uart.o
HAL_UART_AbortCpltCallback                        build/stm32f1xx_hal_uart.o
HAL_UART_AbortReceive                             build/stm32f1xx_hal_uart.o
HAL_UART_AbortReceiveCpltCallback                 build/stm32f1xx_hal_uart.o
HAL_UART_AbortReceive_IT                          build/stm32f1xx_hal_uart.o
HAL_UART_AbortTransmit                            build/stm32f1xx_hal_uart.o
HAL_UART_AbortTransmitCpltCallback                build/stm32f1xx_hal_uart.o
HAL_UART_AbortTransmit_IT                         build/stm32f1xx_hal_uart.o
HAL_UART_Abort_IT                                 build/stm32f1xx_hal_uart.o
HAL_UART_DMAPause                                 build/stm32f1xx_hal_uart.o
HAL_UART_DMAResume                                build/stm32f1xx_hal_uart.o
HAL_UART_DMAStop                                  build/stm32f1xx_hal_uart.o
HAL_UART_DeInit                                   build/stm32f1xx_hal_uart.o
HAL_UART_ErrorCallback                            build/stm32f1xx_hal_uart.o
HAL_UART_GetError                                 build/stm32f1xx_hal_uart.o
HAL_UART_GetState                                 build/stm32f1xx_hal_uart.o
HAL_UART_IRQHandler                               build/stm32f1xx_hal_uart.o
                                                  build/stm32f1xx_it.o
HAL_UART_Init                                     build/stm32f1xx_hal_uart.o
                                                  build/main.o
HAL_UART_MspDeInit                                build/stm32f1xx_hal_msp.o
HAL_UART_MspInit                                  build/stm32f1xx_hal_msp.o
HAL_UART_Receive                                  build/stm32f1xx_hal_uart.o
HAL_UART_Receive_DMA                              build/stm32f1xx_hal_uart.o
HAL_UART_Receive_IT                               build/stm32f1xx_hal_uart.o
HAL_UART_RxCpltCallback                           build/stm32f1xx_hal_uart.o
HAL_UART_RxHalfCpltCallback                       build/stm32f1xx_hal_uart.o
HAL_UART_Transmit                                 build/stm32f1xx_hal_uart.o
                                                  build/main.o
HAL_UART_Transmit_DMA                             build/stm32f1xx_hal_uart.o
HAL_UART_Transmit_IT                              build/stm32f1xx_hal_uart.o
HAL_UART_TxCpltCallback                           build/stm32f1xx_hal_uart.o
HAL_UART_TxHalfCpltCallback                       build/stm32f1xx_hal_uart.o
HardFault_Handler                                 build/stm32f1xx_it.o
I2C1_ER_IRQHandler                                build/startup_stm32f103xb.o
I2C1_EV_IRQHandler                                build/startup_stm32f103xb.o
I2C2_ER_IRQHandler                                build/startup_stm32f103xb.o
I2C2_EV_IRQHandler                                build/startup_stm32f103xb.o
MemManage_Handler                                 build/stm32f1xx_it.o
NMI_Handler                                       build/stm32f1xx_it.o
PVD_IRQHandler                                    build/startup_stm32f103xb.o
PendSV_Handler                                    build/stm32f1xx_it.o
RCC_IRQHandler                                    build/startup_stm32f103xb.o
RTC_Alarm_IRQHandler                              build/stm32f1xx_it.o
RTC_IRQHandler                                    build/stm32f1xx_it.o
RX_Buffer                                         build/fm_ring_buffer.o
Reset_Handler                                     build/startup_stm32f103xb.o
SPI1_IRQHandler                                   build/startup_stm32f103xb.o
SPI2_IRQHandler                                   build/startup_stm32f103xb.o
SVC_Handler                                       build/stm32f1xx_it.o
SysTick_Handler                                   build/stm32f1xx_it.o
SystemClock_Config                                build/main.o
SystemCoreClock                                   build/system_stm32f1xx.o
                                                  build/stm32f1xx_hal_rcc.o
                                                  build/stm32f1xx_hal.o
SystemCoreClockUpdate                             build/system_stm32f1xx.o
SystemInit                                        build/system_stm32f1xx.o
                                                  build/startup_stm32f103xb.o
TAMPER_IRQHandler                                 build/startup_stm32f103xb.o
TIM1_BRK_IRQHandler                               build/startup_stm32f103xb.o
TIM1_CC_IRQHandler                                build/startup_stm32f103xb.o
TIM1_TRG_COM_IRQHandler                           build/startup_stm32f103xb.o
TIM1_UP_IRQHandler                                build/startup_stm32f103xb.o
TIM2_IRQHandler                                   build/startup_stm32f103xb.o
TIM3_IRQHandler                                   build/startup_stm32f103xb.o
TIM4_IRQHandler                                   build/startup_stm32f103xb.o
TX_Buffer                                         build/fm_ring_buffer.o
UART_Start_Receive_DMA                            build/stm32f1xx_hal_uart.o
UART_Start_Receive_IT                             build/stm32f1xx_hal_uart.o
USART1_IRQHandler                                 build/startup_stm32f103xb.o
USART2_IRQHandler                                 build/stm32f1xx_it.o
USART3_IRQHandler                                 build/startup_stm32f103xb.o
USBWakeUp_IRQHandler                              build/startup_stm32f103xb.o