Archive member included to satisfy reference by file (symbol)

C:/Program Files (x86)/Arm GNU Toolchain arm-none-eabi/13.2 Rel1/bin/../lib/gcc/arm-none-eabi/13.2.1/thumb/v7-m/nofp\libc_nano.a(libc_a-assert.o)
                              build/fm_sht30_sensor.o (__assert_func)
C:/Program Files (x86)/Arm GNU Toolchain arm-none-eabi/13.2 Rel1/bin/../lib/gcc/arm-none-eabi/13.2.1/thumb/v7-m/nofp\libc_nano.a(libc_a-exit.o)
                              C:/Program Files (x86)/Arm GNU Toolchain arm-none-eabi/13.2 Rel1/bin/../lib/gcc/arm-none-eabi/13.2.1/thumb/v7-m/nofp/crt0.o (exit)
C:/Program Files (x86)/Arm GNU Toolchain arm-none-eabi/13.2 Rel1/bin/../lib/gcc/arm-none-eabi/13.2.1/thumb/v7-m/nofp\libc_nano.a(libc_a-nano-vfprintf_float.o)
                              (_printf_float)
C:/Program Files (x86)/Arm GNU Toolchain arm-none-eabi/13.2 Rel1/bin/../lib/gcc/arm-none-eabi/13.2.1/thumb/v7-m/nofp\libc_nano.a(libc_a-nano-vfprintf_i.o)
                              C:/Program Files (x86)/Arm GNU Toolchain arm-none-eabi/13.2 Rel1/bin/../lib/gcc/arm-none-eabi/13.2.1/thumb/v7-m/nofp\libc_nano.a(libc_a-nano-vfprintf_float.o) (_printf_common)
C:/Program Files (x86)/Arm GNU Toolchain arm-none-eabi/13.2 Rel1/bin/../lib/gcc/arm-none-eabi/13.2.1/thumb/v7-m/nofp\libc_nano.a(libc_a-findfp.o)
                              C:/Program Files (x86)/Arm GNU Toolchain arm-none-eabi/13.2 Rel1/bin/../lib/gcc/arm-none-eabi/13.2.1/thumb/v7-m/nofp\libc_nano.a(libc_a-exit.o) (__stdio_exit_handler)
C:/Program Files (x86)/Arm GNU Toolchain arm-none-eabi/13.2 Rel1/bin/../lib/gcc/arm-none-eabi/13.2.1/thumb/v7-m/nofp\libc_nano.a(libc_a-fprintf.o)
                              C:/Program Files (x86)/Arm GNU Toolchain arm-none-eabi/13.2 Rel1/bin/../lib/gcc/arm-none-eabi/13.2.1/thumb/v7-m/nofp\libc_nano.a(libc_a-assert.o) (fiprintf)
C:/Program Files (x86)/Arm GNU Toolchain arm-none-eabi/13.2 Rel1/bin/../lib/gcc/arm-none-eabi/13.2.1/thumb/v7-m/nofp\libc_nano.a(libc_a-fwalk.o)
                              C:/Program Files (x86)/Arm GNU Toolchain arm-none-eabi/13.2 Rel1/bin/../lib/gcc/arm-none-eabi/13.2.1/thumb/v7-m/nofp\libc_nano.a(libc_a-findfp.o) (_fwalk_sglue)
C:/Program Files (x86)/Arm GNU Toolchain arm-none-eabi/13.2 Rel1/bin/../lib/gcc/arm-none-eabi/13.2.1/thumb/v7-m/nofp\libc_nano.a(libc_a-printf.o)
                              build/main.o (printf)
C:/Program Files (x86)/Arm GNU Toolchain arm-none-eabi/13.2 Rel1/bin/../lib/gcc/arm-none-eabi/13.2.1/thumb/v7-m/nofp\libc_nano.a(libc_a-puts.o)
                              build/main.o (puts)
C:/Program Files (x86)/Arm GNU Toolchain arm-none-eabi/13.2 Rel1/bin/../lib/gcc/arm-none-eabi/13.2.1/thumb/v7-m/nofp\libc_nano.a(libc_a-stdio.o)
                              C:/Program Files (x86)/Arm GNU Toolchain arm-none-eabi/13.2 Rel1/bin/../lib/gcc/arm-none-eabi/13.2.1/thumb/v7-m/nofp\libc_nano.a(libc_a-findfp.o) (__sread)
C:/Program Files (x86)/Arm GNU Toolchain arm-none-eabi/13.2 Rel1/bin/../lib/gcc/arm-none-eabi/13.2.1/thumb/v7-m/nofp\libc_nano.a(libc_a-wbuf.o)
                              C:/Program Files (x86)/Arm GNU Toolchain arm-none-eabi/13.2 Rel1/bin/../lib/gcc/arm-none-eabi/13.2.1/thumb/v7-m/nofp\libc_nano.a(libc_a-puts.o) (__swbuf_r)
C:/Program Files (x86)/Arm GNU Toolchain arm-none-eabi/13.2 Rel1/bin/../lib/gcc/arm-none-eabi/13.2.1/thumb/v7-m/nofp\libc_nano.a(libc_a-wsetup.o)
                              C:/Program Files (x86)/Arm GNU Toolchain arm-none-eabi/13.2 Rel1/bin/../lib/gcc/arm-none-eabi/13.2.1/thumb/v7-m/nofp\libc_nano.a(libc_a-puts.o) (__swsetup_r)
C:/Program Files (x86)/Arm GNU Toolchain arm-none-eabi/13.2 Rel1/bin/../lib/gcc/arm-none-eabi/13.2.1/thumb/v7-m/nofp\libc_nano.a(libc_a-memset.o)
                              C:/Program Files (x86)/Arm GNU Toolchain arm-none-eabi/13.2 Rel1/bin/../lib/gcc/arm-none-eabi/13.2.1/thumb/v7-m/nofp/crt0.o (memset)
C:/Program Files (x86)/Arm GNU Toolchain arm-none-eabi/13.2 Rel1/bin/../lib/gcc/arm-none-eabi/13.2.1/thumb/v7-m/nofp\libc_nano.a(libc_a-localeconv.o)
                              C:/Program Files (x86)/Arm GNU Toolchain arm-none-eabi/13.2 Rel1/bin/../lib/gcc/arm-none-eabi/13.2.1/thumb/v7-m/nofp\libc_nano.a(libc_a-nano-vfprintf_float.o) (_localeconv_r)
C:/Program Files (x86)/Arm GNU Toolchain arm-none-eabi/13.2 Rel1/bin/../lib/gcc/arm-none-eabi/13.2.1/thumb/v7-m/nofp\libc_nano.a(libc_a-closer.o)
                              C:/Program Files (x86)/Arm GNU Toolchain arm-none-eabi/13.2 Rel1/bin/../lib/gcc/arm-none-eabi/13.2.1/thumb/v7-m/nofp\libc_nano.a(libc_a-stdio.o) (_close_r)
C:/Program Files (x86)/Arm GNU Toolchain arm-none-eabi/13.2 Rel1/bin/../lib/gcc/arm-none-eabi/13.2.1/thumb/v7-m/nofp\libc_nano.a(libc_a-reent.o)
                              C:/Program Files (x86)/Arm GNU Toolchain arm-none-eabi/13.2 Rel1/bin/../lib/gcc/arm-none-eabi/13.2.1/thumb/v7-m/nofp\libc_nano.a(libc_a-closer.o) (errno)
[...]
Memory Configuration

Name             Origin             Length             Attributes
RAM              0x20000000         0x00005000         xrw
FLASH            0x08000000         0x00010000         xr
*default*        0x00000000         0xffffffff

Linker script and memory map

LOAD C:/Program Files (x86)/Arm GNU Toolchain arm-none-eabi/13.2 Rel1/bin/../lib/gcc/arm-none-eabi/13.2.1/thumb/v7-m/nofp/crti.o
LOAD C:/Program Files (x86)/Arm GNU Toolchain arm-none-eabi/13.2 Rel1/bin/../lib/gcc/arm-none-eabi/13.2.1/thumb/v7-m/nofp/crtbegin.o
LOAD C:/Program Files (x86)/Arm GNU Toolchain arm-none-eabi/13.2 Rel1/bin/../lib/gcc/arm-none-eabi/13.2.1/thumb/v7-m/nofp/crt0.o
LOAD build/main.o
LOAD build/fm_init_project.o
LOAD build/fm_ring_buffer.o
LOAD build/fm_rtc.o
LOAD build/fm_multiADC.o
LOAD build/fm_sht30_sensor.o
LOAD build/stm32f1xx_it.o
LOAD build/stm32f1xx_hal_msp.o
LOAD build/stm32f1xx_hal_gpio_ex.o
LOAD build/stm32f1xx_hal_tim.o
LOAD build/stm32f1xx_hal_tim_ex.o
LOAD build/stm32f1xx_hal_uart.o
LOAD build/stm32f1xx_hal.o
LOAD build/stm32f1xx_hal_rcc.o
LOAD build/stm32f1xx_hal_rcc_ex.o
LOAD build/stm32f1xx_hal_gpio.o
LOAD build/stm32f1xx_hal_dma.o
LOAD build/stm32f1xx_hal_cortex.o
LOAD build/stm32f1xx_hal_pwr.o
LOAD build/stm32f1xx_hal_flash.o
LOAD build/stm32f1xx_hal_flash_ex.o
LOAD build/stm32f1xx_hal_exti.o
LOAD build/system_stm32f1xx.o
LOAD build/sysmem.o
LOAD build/syscalls.o
LOAD build/stm32f1xx_hal_rtc.o
LOAD build/stm32f1xx_hal_rtc_ex.o
LOAD build/stm32f1xx_hal_i2c.o
LOAD build/stm32f1xx_hal_adc.o
LOAD build/stm32f1xx_hal_adc_ex.o
LOAD build/startup_stm32f103xb.o
LOAD C:/Program Files (x86)/Arm GNU Toolchain arm-none-eabi/13.2 Rel1/bin/../lib/gcc/arm-none-eabi/13.2.1/thumb/v7-m/nofp\libc_nano.a
LOAD C:/Program Files (x86)/Arm GNU Toolchain arm-none-eabi/13.2 Rel1/bin/../lib/gcc/arm-none-eabi/13.2.1/thumb/v7-m/nofp\libm.a
LOAD C:/Program Files (x86)/Arm GNU Toolchain arm-none-eabi/13.2 Rel1/bin/../lib/gcc/arm-none-eabi/13.2.1/thumb/v7-m/nofp\libnosys.a
START GROUP
LOAD C:/Program Files (x86)/Arm GNU Toolchain arm-none-eabi/13.2 Rel1/bin/../lib/gcc/arm-none-eabi/13.2.1/thumb/v7-m/nofp\libgcc.a
LOAD C:/Program Files (x86)/Arm GNU Toolchain arm-none-eabi/13.2 Rel1/bin/../lib/gcc/arm-none-eabi/13.2.1/thumb/v7-m/nofp\libc_nano.a
END GROUP
START GROUP
LOAD C:/Program Files (x86)/Arm GNU Toolchain arm-none-eabi/13.2 Rel1/bin/../lib/gcc/arm-none-eabi/13.2.1/thumb/v7-m/nofp\libgcc.a
LOAD C:/Program Files (x86)/Arm GNU Toolchain arm-none-eabi/13.2 Rel1/bin/../lib/gcc/arm-none-eabi/13.2.1/thumb/v7-m/nofp\libc_nano.a
END GROUP
LOAD C:/Program Files (x86)/Arm GNU Toolchain arm-none-eabi/13.2 Rel1/bin/../lib/gcc/arm-none-eabi/13.2.1/thumb/v7-m/nofp/crtend.o
LOAD C:/Program Files (x86)/Arm GNU Toolchain arm-none-eabi/13.2 Rel1/bin/../lib/gcc/arm-none-eabi/13.2.1/thumb/v7-m/nofp/crtn.o
                0x20005000                        _estack = (ORIGIN (RAM) + LENGTH (RAM))
                0x00000200                        _Min_Heap_Size = 0x200
                0x00000400                        _Min_Stack_Size = 0x400

.isr_vector     0x08000000      0x10c
                0x08000000                        . = ALIGN (0x4)
 *(.isr_vector)
 .isr_vector    0x08000000      0x10c build/startup_stm32f103xb.o
                0x08000000                g_pfnVectors
                0x0800010c                        . = ALIGN (0x4)

.text           0x08000110     0x8518
                0x08000110                        . = ALIGN (0x4)
 *(.text)
 .text          0x08000110       0x10 C:/Program Files (x86)/Arm GNU Toolchain arm-none-eabi/13.2 Rel1/bin/../lib/gcc/arm-none-eabi/13.2.1/thumb/v7-m/nofp\libc_nano.a(libc_a-strlen.o)
                0x08000110                strlen
 .text          0x08000120      0x378 C:/Program Files (x86)/Arm GNU Toolchain arm-none-eabi/13.2 Rel1/bin/../lib/gcc/arm-none-eabi/13.2.1/thumb/v7-m/nofp\libgcc.a(_arm_addsubdf3.o)
                0x08000120                __aeabi_drsub
                0x08000128                __aeabi_dsub
                0x08000128                __subdf3
                0x0800012c                __aeabi_dadd
                0x0800012c                __adddf3
                0x080003a4                __floatunsidf
                0x080003a4                __aeabi_ui2d
                0x080003c4                __floatsidf
                0x080003c4                __aeabi_i2d
                0x080003e8                __aeabi_f2d
                0x080003e8                __extendsfdf2
                0x0800042c                __floatundidf
                0x0800042c                __aeabi_ul2d
                0x0800043c                __floatdidf
                0x0800043c                __aeabi_l2d
 .text          0x08000498      0x424 C:/Program Files (x86)/Arm GNU Toolchain arm-none-eabi/13.2 Rel1/bin/../lib/gcc/arm-none-eabi/13.2.1/thumb/v7-m/nofp\libgcc.a(_arm_muldivdf3.o)
                0x08000498                __aeabi_dmul
                0x08000498                __muldf3
                0x080006ec                __divdf3
                0x080006ec                __aeabi_ddiv
 .text          0x080008bc      0x110 C:/Program Files (x86)/Arm GNU Toolchain arm-none-eabi/13.2 Rel1/bin/../lib/gcc/arm-none-eabi/13.2.1/thumb/v7-m/nofp\libgcc.a(_arm_cmpdf2.o)
                0x080008bc                __gtdf2
                0x080008bc                __gedf2
                0x080008c4                __ltdf2
                0x080008c4                __ledf2
                0x080008cc                __nedf2
                0x080008cc                __eqdf2
                0x080008cc                __cmpdf2
                0x08000948                __aeabi_cdrcmple
                0x08000958                __aeabi_cdcmpeq
                0x08000958                __aeabi_cdcmple
                0x08000968                __aeabi_dcmpeq
                0x0800097c                __aeabi_dcmplt
                0x08000990                __aeabi_dcmple
                0x080009a4                __aeabi_dcmpge
                0x080009b8                __aeabi_dcmpgt
 .text          0x080009cc       0x2c C:/Program Files (x86)/Arm GNU Toolchain arm-none-eabi/13.2 Rel1/bin/../lib/gcc/arm-none-eabi/13.2.1/thumb/v7-m/nofp\libgcc.a(_arm_unorddf2.o)
                0x080009cc                __unorddf2
                0x080009cc                __aeabi_dcmpun
 .text          0x080009f8       0x50 C:/Program Files (x86)/Arm GNU Toolchain arm-none-eabi/13.2 Rel1/bin/../lib/gcc/arm-none-eabi/13.2.1/thumb/v7-m/nofp\libgcc.a(_arm_fixdfsi.o)
                0x080009f8                __aeabi_d2iz
                0x080009f8                __fixdfsi
 .text          0x08000a48      0x21c C:/Program Files (x86)/Arm GNU Toolchain arm-none-eabi/13.2 Rel1/bin/../lib/gcc/arm-none-eabi/13.2.1/thumb/v7-m/nofp\libgcc.a(_arm_addsubsf3.o)
                0x08000a48                __aeabi_frsub
                0x08000a50                __subsf3
                0x08000a50                __aeabi_fsub
                0x08000a54                __aeabi_fadd
                0x08000a54                __addsf3
                0x08000bb4                __aeabi_ui2f
                0x08000bb4                __floatunsisf
                0x08000bbc                __aeabi_i2f
                0x08000bbc                __floatsisf
                0x08000bd8                __aeabi_ul2f
                0x08000bd8                __floatundisf
                0x08000be8                __aeabi_l2f
                0x08000be8                __floatdisf
 .text          0x08000c64      0x2a0 C:/Program Files (x86)/Arm GNU Toolchain arm-none-eabi/13.2 Rel1/bin/../lib/gcc/arm-none-eabi/13.2.1/thumb/v7-m/nofp\libgcc.a(_arm_muldivsf3.o)
                0x08000c64                __mulsf3
                0x08000c64                __aeabi_fmul
                0x08000dcc                __aeabi_fdiv
                0x08000dcc                __divsf3
 *(.text*)
 .text.deregister_tm_clones
                0x08000f04       0x1c C:/Program Files (x86)/Arm GNU Toolchain arm-none-eabi/13.2 Rel1/bin/../lib/gcc/arm-none-eabi/13.2.1/thumb/v7-m/nofp/crtbegin.o
 .text.register_tm_clones
                0x08000f20       0x24 C:/Program Files (x86)/Arm GNU Toolchain arm-none-eabi/13.2 Rel1/bin/../lib/gcc/arm-none-eabi/13.2.1/thumb/v7-m/nofp/crtbegin.o
 .text.__do_global_dtors_aux
                0x08000f44       0x28 C:/Program Files (x86)/Arm GNU Toolchain arm-none-eabi/13.2 Rel1/bin/../lib/gcc/arm-none-eabi/13.2.1/thumb/v7-m/nofp/crtbegin.o
 .text.frame_dummy
                0x08000f6c       0x24 C:/Program Files (x86)/Arm GNU Toolchain arm-none-eabi/13.2 Rel1/bin/../lib/gcc/arm-none-eabi/13.2.1/thumb/v7-m/nofp/crtbegin.o
 .text.MX_GPIO_Init
                0x08000f90       0x8c build/main.o
 .text.Error_Handler
                0x0800101c       0x10 build/main.o
                0x0800101c                Error_Handler
 .text.MX_USART2_UART_Init
                0x0800102c       0x34 build/main.o
 .text.MX_I2C2_Init
                0x08001060       0x3c build/main.o
 .text.SystemClock_Config
                0x0800109c       0x96 build/main.o
                0x0800109c                SystemClock_Config
 *fill*         0x08001132        0x2 
 .text.main     0x08001134       0xc4 build/main.o
                0x08001134                main
 .text._write   0x080011f8       0x18 build/fm_ring_buffer.o
                0x080011f8                _write
 .text.FM_RBuffer_Store_Data
                0x08001210       0x1e build/fm_ring_buffer.o
                0x08001210                FM_RBuffer_Store_Data
 *fill*         0x0800122e        0x2 
 .text.FM_RBuffer_UART_ISR
                0x08001230       0x70 build/fm_ring_buffer.o
                0x08001230                FM_RBuffer_UART_ISR
 .text.FM_V0x_RTC_Set_Time
                0x080012a0       0xa0 build/fm_rtc.o
                0x080012a0                FM_V0x_RTC_Set_Time
 .text.FM_V0x_RTC_Set_Date
                0x08001340       0x84 build/fm_rtc.o
                0x08001340                FM_V0x_RTC_Set_Date
 .text.FM_V0x_Rtc_Init
                0x080013c4       0x5c build/fm_rtc.o
                0x080013c4                FM_V0x_Rtc_Init
 .text.FM_V0x_RTC_Get_Time
                0x08001420       0x64 build/fm_rtc.o
                0x08001420                FM_V0x_RTC_Get_Time
 .text.FM_V0x_RTC_Get_Date
                0x08001484       0x60 build/fm_rtc.o
                0x08001484                FM_V0x_RTC_Get_Date
 .text.FM_V0x_MultiADC_Starts
                0x080014e4       0x30 build/fm_multiADC.o
                0x080014e4                FM_V0x_MultiADC_Starts
 .text.FM_V0x_MultiADC_Reads_ADC_Signal
                0x08001514       0x40 build/fm_multiADC.o
                0x08001514                FM_V0x_MultiADC_Reads_ADC_Signal
 .text.FM_V0x_MultiADC_Init
                0x08001554      0x130 build/fm_multiADC.o
                0x08001554                FM_V0x_MultiADC_Init
 .text.FM_V0x_SHT30_Calc_CRC
                0x08001684       0x34 build/fm_sht30_sensor.o
 .text.FM_V0x_Conv_U8_2U16
                0x080016b8        0x6 build/fm_sht30_sensor.o
 .text.FM_V0x_SHT30_Send_Command
                0x080016be       0x30 build/fm_sht30_sensor.o
 *fill*         0x080016ee        0x2 
 .text.FM_V0x_SHT30_Sensor_Init
                0x080016f0       0x64 build/fm_sht30_sensor.o
                0x080016f0                FM_V0x_SHT30_Sensor_Init
 .text.FM_V0x_SHT30_Read_Temp_Humid
                0x08001754       0xc0 build/fm_sht30_sensor.o
                0x08001754                FM_V0x_SHT30_Read_Temp_Humid
 .text.FM_V0x_SHT30_Set_Header_Enable
                0x08001814       0x18 build/fm_sht30_sensor.o
                0x08001814                FM_V0x_SHT30_Set_Header_Enable
 .text.NMI_Handler
                0x0800182c        0x2 build/stm32f1xx_it.o
                0x0800182c                NMI_Handler
 .text.HardFault_Handler
                0x0800182e        0x2 build/stm32f1xx_it.o
                0x0800182e                HardFault_Handler
 .text.MemManage_Handler
                0x08001830        0x2 build/stm32f1xx_it.o
                0x08001830                MemManage_Handler
 .text.BusFault_Handler
                0x08001832        0x2 build/stm32f1xx_it.o
                0x08001832                BusFault_Handler
 .text.UsageFault_Handler
                0x08001834        0x2 build/stm32f1xx_it.o
                0x08001834                UsageFault_Handler
 .text.SVC_Handler
                0x08001836        0x2 build/stm32f1xx_it.o
                0x08001836                SVC_Handler
 .text.DebugMon_Handler
                0x08001838        0x2 build/stm32f1xx_it.o
                0x08001838                DebugMon_Handler
 .text.PendSV_Handler
                0x0800183a        0x2 build/stm32f1xx_it.o
                0x0800183a                PendSV_Handler
 .text.SysTick_Handler
                0x0800183c        0x8 build/stm32f1xx_it.o
                0x0800183c                SysTick_Handler
 .text.RTC_IRQHandler
                0x08001844       0x10 build/stm32f1xx_it.o
                0x08001844                RTC_IRQHandler
 .text.I2C2_EV_IRQHandler
                0x08001854       0x10 build/stm32f1xx_it.o
                0x08001854                I2C2_EV_IRQHandler
 .text.I2C2_ER_IRQHandler
                0x08001864       0x10 build/stm32f1xx_it.o
                0x08001864                I2C2_ER_IRQHandler
 .text.USART2_IRQHandler
                0x08001874       0x18 build/stm32f1xx_it.o
                0x08001874                USART2_IRQHandler
 .text.RTC_Alarm_IRQHandler
                0x0800188c       0x10 build/stm32f1xx_it.o
                0x0800188c                RTC_Alarm_IRQHandler
 .text.HAL_MspInit
                0x0800189c       0x44 build/stm32f1xx_hal_msp.o
                0x0800189c                HAL_MspInit
 .text.HAL_ADC_MspInit
                0x080018e0       0x60 build/stm32f1xx_hal_msp.o
                0x080018e0                HAL_ADC_MspInit
 .text.HAL_I2C_MspInit
                0x08001940       0x84 build/stm32f1xx_hal_msp.o
                0x08001940                HAL_I2C_MspInit
 .text.HAL_RTC_MspInit
                0x080019c4       0x60 build/stm32f1xx_hal_msp.o
                0x080019c4                HAL_RTC_MspInit
 .text.HAL_UART_MspInit
                0x08001a24       0x88 build/stm32f1xx_hal_msp.o
                0x08001a24                HAL_UART_MspInit
 .text.UART_EndRxTransfer
                0x08001aac       0x5c build/stm32f1xx_hal_uart.o
 .text.UART_Transmit_IT
                0x08001b08       0x60 build/stm32f1xx_hal_uart.o
 .text.UART_SetConfig
                0x08001b68       0x94 build/stm32f1xx_hal_uart.o
 .text.UART_WaitOnFlagUntilTimeout
                0x08001bfc       0x86 build/stm32f1xx_hal_uart.o
 .text.HAL_UART_Init
                0x08001c82       0x60 build/stm32f1xx_hal_uart.o
                0x08001c82                HAL_UART_Init
 .text.HAL_UART_Transmit
                0x08001ce2       0xcc build/stm32f1xx_hal_uart.o
                0x08001ce2                HAL_UART_Transmit
 .text.HAL_UART_TxCpltCallback
                0x08001dae        0x2 build/stm32f1xx_hal_uart.o
                0x08001dae                HAL_UART_TxCpltCallback
 .text.UART_EndTransmit_IT
                0x08001db0       0x1a build/stm32f1xx_hal_uart.o
 .text.HAL_UART_RxCpltCallback
                0x08001dca        0x2 build/stm32f1xx_hal_uart.o
                0x08001dca                HAL_UART_RxCpltCallback
 .text.HAL_UART_ErrorCallback
                0x08001dcc        0x2 build/stm32f1xx_hal_uart.o
                0x08001dcc                HAL_UART_ErrorCallback
 .text.UART_DMAAbortOnError
                0x08001dce       0x10 build/stm32f1xx_hal_uart.o
 .text.HAL_UARTEx_RxEventCallback
                0x08001dde        0x2 build/stm32f1xx_hal_uart.o
                0x08001dde                HAL_UARTEx_RxEventCallback
 .text.UART_Receive_IT
                0x08001de0       0xe6 build/stm32f1xx_hal_uart.o
 *fill*         0x08001ec6        0x2 
 .text.HAL_UART_IRQHandler
                0x08001ec8      0x284 build/stm32f1xx_hal_uart.o
                0x08001ec8                HAL_UART_IRQHandler
 .text.HAL_InitTick
                0x0800214c       0x4c build/stm32f1xx_hal.o
                0x0800214c                HAL_InitTick
 .text.HAL_Init
                0x08002198       0x24 build/stm32f1xx_hal.o
                0x08002198                HAL_Init
 .text.HAL_IncTick
                0x080021bc       0x18 build/stm32f1xx_hal.o
                0x080021bc                HAL_IncTick
 .text.HAL_GetTick
                0x080021d4        0xc build/stm32f1xx_hal.o
                0x080021d4                HAL_GetTick
 .text.HAL_Delay
                0x080021e0       0x28 build/stm32f1xx_hal.o
                0x080021e0                HAL_Delay
 .text.RCC_Delay
                0x08002208       0x2c build/stm32f1xx_hal_rcc.o
 .text.HAL_RCC_OscConfig
                0x08002234      0x410 build/stm32f1xx_hal_rcc.o
                0x08002234                HAL_RCC_OscConfig
 .text.HAL_RCC_GetSysClockFreq
                0x08002644       0x54 build/stm32f1xx_hal_rcc.o
                0x08002644                HAL_RCC_GetSysClockFreq
 .text.HAL_RCC_ClockConfig
                0x08002698      0x16c build/stm32f1xx_hal_rcc.o
                0x08002698                HAL_RCC_ClockConfig
 .text.HAL_RCC_GetHCLKFreq
                0x08002804        0xc build/stm32f1xx_hal_rcc.o
                0x08002804                HAL_RCC_GetHCLKFreq
 .text.HAL_RCC_GetPCLK1Freq
                0x08002810       0x20 build/stm32f1xx_hal_rcc.o
                0x08002810                HAL_RCC_GetPCLK1Freq
 .text.HAL_RCC_GetPCLK2Freq
                0x08002830       0x20 build/stm32f1xx_hal_rcc.o
                0x08002830                HAL_RCC_GetPCLK2Freq
 .text.HAL_RCCEx_PeriphCLKConfig
                0x08002850      0x118 build/stm32f1xx_hal_rcc_ex.o
                0x08002850                HAL_RCCEx_PeriphCLKConfig
 .text.HAL_RCCEx_GetPeriphCLKFreq
                0x08002968       0xd8 build/stm32f1xx_hal_rcc_ex.o
                0x08002968                HAL_RCCEx_GetPeriphCLKFreq
 .text.HAL_GPIO_Init
                0x08002a40      0x21c build/stm32f1xx_hal_gpio.o
                0x08002a40                HAL_GPIO_Init
 .text.HAL_GPIO_WritePin
                0x08002c5c        0xc build/stm32f1xx_hal_gpio.o
                0x08002c5c                HAL_GPIO_WritePin
 .text.HAL_DMA_Abort
                0x08002c68       0x46 build/stm32f1xx_hal_dma.o
                0x08002c68                HAL_DMA_Abort
 *fill*         0x08002cae        0x2 
 .text.HAL_DMA_Abort_IT
                0x08002cb0       0x98 build/stm32f1xx_hal_dma.o
                0x08002cb0                HAL_DMA_Abort_IT
 .text.HAL_DMA_GetState
                0x08002d48        0x6 build/stm32f1xx_hal_dma.o
                0x08002d48                HAL_DMA_GetState
 *fill*         0x08002d4e        0x2 
 .text.__NVIC_SetPriority
                0x08002d50       0x28 build/stm32f1xx_hal_cortex.o
 .text.NVIC_EncodePriority
                0x08002d78       0x3e build/stm32f1xx_hal_cortex.o
 *fill*         0x08002db6        0x2 
 .text.HAL_NVIC_SetPriorityGrouping
                0x08002db8       0x24 build/stm32f1xx_hal_cortex.o
                0x08002db8                HAL_NVIC_SetPriorityGrouping
 .text.HAL_NVIC_SetPriority
                0x08002ddc       0x20 build/stm32f1xx_hal_cortex.o
                0x08002ddc                HAL_NVIC_SetPriority
 .text.HAL_NVIC_EnableIRQ
                0x08002dfc       0x1c build/stm32f1xx_hal_cortex.o
                0x08002dfc                HAL_NVIC_EnableIRQ
 .text.HAL_SYSTICK_Config
                0x08002e18       0x28 build/stm32f1xx_hal_cortex.o
                0x08002e18                HAL_SYSTICK_Config
 .text.HAL_PWR_EnableBkUpAccess
                0x08002e40        0xc build/stm32f1xx_hal_pwr.o
                0x08002e40                HAL_PWR_EnableBkUpAccess
 .text.SystemInit
                0x08002e4c        0x2 build/system_stm32f1xx.o
                0x08002e4c                SystemInit
 *fill*         0x08002e4e        0x2 
 .text._sbrk    0x08002e50       0x48 build/sysmem.o
                0x08002e50                _sbrk
 .text._getpid  0x08002e98        0x4 build/syscalls.o
                0x08002e98                _getpid
 .text._kill    0x08002e9c       0x10 build/syscalls.o
                0x08002e9c                _kill
 .text._exit    0x08002eac        0xc build/syscalls.o
                0x08002eac                _exit
 .text._read    0x08002eb8       0x20 build/syscalls.o
                0x08002eb8                _read
 .text._close   0x08002ed8        0x6 build/syscalls.o
                0x08002ed8                _close
 .text._fstat   0x08002ede        0xa build/syscalls.o
                0x08002ede                _fstat
 .text._isatty  0x08002ee8        0x4 build/syscalls.o
                0x08002ee8                _isatty
 .text._lseek   0x08002eec        0x4 build/syscalls.o
                0x08002eec                _lseek
 .text.RTC_ReadTimeCounter
                0x08002ef0       0x2a build/stm32f1xx_hal_rtc.o
 .text.RTC_ReadAlarmCounter
                0x08002f1a        0xe build/stm32f1xx_hal_rtc.o
 .text.RTC_ByteToBcd2
                0x08002f28       0x16 build/stm32f1xx_hal_rtc.o
 .text.RTC_Bcd2ToByte
                0x08002f3e       0x12 build/stm32f1xx_hal_rtc.o
 .text.RTC_IsLeapYear
                0x08002f50       0x40 build/stm32f1xx_hal_rtc.o
 .text.RTC_WeekDayNum
                0x08002f90       0x98 build/stm32f1xx_hal_rtc.o
 .text.RTC_DateUpdate
                0x08003028       0xa0 build/stm32f1xx_hal_rtc.o
 .text.RTC_EnterInitMode
                0x080030c8       0x30 build/stm32f1xx_hal_rtc.o
 .text.RTC_ExitInitMode
                0x080030f8       0x32 build/stm32f1xx_hal_rtc.o
 .text.RTC_WriteTimeCounter
                0x0800312a       0x2a build/stm32f1xx_hal_rtc.o
 .text.RTC_WriteAlarmCounter
                0x08003154       0x2a build/stm32f1xx_hal_rtc.o
 .text.HAL_RTC_SetTime
                0x0800317e       0xc2 build/stm32f1xx_hal_rtc.o
                0x0800317e                HAL_RTC_SetTime
 .text.HAL_RTC_GetTime
                0x08003240      0x10c build/stm32f1xx_hal_rtc.o
                0x08003240                HAL_RTC_GetTime
 .text.HAL_RTC_SetDate
                0x0800334c       0xd4 build/stm32f1xx_hal_rtc.o
                0x0800334c                HAL_RTC_SetDate
 .text.HAL_RTC_GetDate
                0x08003420       0x66 build/stm32f1xx_hal_rtc.o
                0x08003420                HAL_RTC_GetDate
 .text.HAL_RTC_AlarmAEventCallback
                0x08003486        0x2 build/stm32f1xx_hal_rtc.o
                0x08003486                HAL_RTC_AlarmAEventCallback
 .text.HAL_RTC_AlarmIRQHandler
                0x08003488       0x38 build/stm32f1xx_hal_rtc.o
                0x08003488                HAL_RTC_AlarmIRQHandler
 .text.HAL_RTC_WaitForSynchro
                0x080034c0       0x38 build/stm32f1xx_hal_rtc.o
                0x080034c0                HAL_RTC_WaitForSynchro
 .text.HAL_RTC_Init
                0x080034f8       0xb0 build/stm32f1xx_hal_rtc.o
                0x080034f8                HAL_RTC_Init
 .text.HAL_RTCEx_RTCEventCallback
                0x080035a8        0x2 build/stm32f1xx_hal_rtc_ex.o
                0x080035a8                HAL_RTCEx_RTCEventCallback
 .text.HAL_RTCEx_RTCEventErrorCallback
                0x080035aa        0x2 build/stm32f1xx_hal_rtc_ex.o
                0x080035aa                HAL_RTCEx_RTCEventErrorCallback
 .text.HAL_RTCEx_RTCIRQHandler
                0x080035ac       0x46 build/stm32f1xx_hal_rtc_ex.o
                0x080035ac                HAL_RTCEx_RTCIRQHandler
 .text.HAL_RTCEx_BKUPWrite
                0x080035f2       0x10 build/stm32f1xx_hal_rtc_ex.o
                0x080035f2                HAL_RTCEx_BKUPWrite
 .text.HAL_RTCEx_BKUPRead
                0x08003602       0x10 build/stm32f1xx_hal_rtc_ex.o
                0x08003602                HAL_RTCEx_BKUPRead
 .text.I2C_Flush_DR
                0x08003612       0x10 build/stm32f1xx_hal_i2c.o
 .text.I2C_Master_SB
                0x08003622       0xa8 build/stm32f1xx_hal_i2c.o
 .text.I2C_Master_ADD10
                0x080036ca       0x2a build/stm32f1xx_hal_i2c.o
 .text.I2C_Master_ADDR
                0x080036f4      0x244 build/stm32f1xx_hal_i2c.o
 .text.I2C_SlaveTransmit_BTF
                0x08003938       0x20 build/stm32f1xx_hal_i2c.o
 .text.I2C_SlaveReceive_BTF
                0x08003958       0x20 build/stm32f1xx_hal_i2c.o
 .text.I2C_WaitOnSTOPRequestThroughIT
                0x08003978       0x48 build/stm32f1xx_hal_i2c.o
 .text.I2C_IsAcknowledgeFailed
                0x080039c0       0x32 build/stm32f1xx_hal_i2c.o
 .text.I2C_ConvertOtherXferOptions
                0x080039f2       0x1e build/stm32f1xx_hal_i2c.o
 .text.I2C_WaitOnFlagUntilTimeout
                0x08003a10       0xaa build/stm32f1xx_hal_i2c.o
 .text.I2C_WaitOnMasterAddressFlagUntilTimeout
                0x08003aba       0xd6 build/stm32f1xx_hal_i2c.o
 .text.I2C_MasterRequestWrite
                0x08003b90       0xb4 build/stm32f1xx_hal_i2c.o
 .text.I2C_MasterRequestRead
                0x08003c44      0x120 build/stm32f1xx_hal_i2c.o
 .text.I2C_WaitOnTXEFlagUntilTimeout
                0x08003d64       0x5e build/stm32f1xx_hal_i2c.o
 *fill*         0x08003dc2        0x2 
 .text.I2C_RequestMemoryRead
                0x08003dc4      0x154 build/stm32f1xx_hal_i2c.o
 .text.I2C_WaitOnBTFFlagUntilTimeout
                0x08003f18       0x5e build/stm32f1xx_hal_i2c.o
 .text.I2C_WaitOnRXNEFlagUntilTimeout
                0x08003f76       0x78 build/stm32f1xx_hal_i2c.o
 *fill*         0x08003fee        0x2 
 .text.HAL_I2C_Init
                0x08003ff0      0x1bc build/stm32f1xx_hal_i2c.o
                0x08003ff0                HAL_I2C_Init
 .text.HAL_I2C_Master_Transmit
                0x080041ac      0x178 build/stm32f1xx_hal_i2c.o
                0x080041ac                HAL_I2C_Master_Transmit
 .text.HAL_I2C_Master_Receive
                0x08004324      0x358 build/stm32f1xx_hal_i2c.o
                0x08004324                HAL_I2C_Master_Receive
 .text.HAL_I2C_Mem_Read
                0x0800467c      0x35c build/stm32f1xx_hal_i2c.o
                0x0800467c                HAL_I2C_Mem_Read
 .text.HAL_I2C_MasterTxCpltCallback
                0x080049d8        0x2 build/stm32f1xx_hal_i2c.o
                0x080049d8                HAL_I2C_MasterTxCpltCallback
 .text.HAL_I2C_MasterRxCpltCallback
                0x080049da        0x2 build/stm32f1xx_hal_i2c.o
                0x080049da                HAL_I2C_MasterRxCpltCallback
 .text.HAL_I2C_SlaveTxCpltCallback
                0x080049dc        0x2 build/stm32f1xx_hal_i2c.o
                0x080049dc                HAL_I2C_SlaveTxCpltCallback
 .text.I2C_SlaveTransmit_TXE
                0x080049de       0x4c build/stm32f1xx_hal_i2c.o
 .text.HAL_I2C_SlaveRxCpltCallback
                0x08004a2a        0x2 build/stm32f1xx_hal_i2c.o
                0x08004a2a                HAL_I2C_SlaveRxCpltCallback
 .text.I2C_SlaveReceive_RXNE
                0x08004a2c       0x4c build/stm32f1xx_hal_i2c.o
 .text.HAL_I2C_AddrCallback
                0x08004a78        0x2 build/stm32f1xx_hal_i2c.o
                0x08004a78                HAL_I2C_AddrCallback
 .text.I2C_Slave_ADDR
                0x08004a7a       0x5a build/stm32f1xx_hal_i2c.o
 .text.HAL_I2C_ListenCpltCallback
                0x08004ad4        0x2 build/stm32f1xx_hal_i2c.o
                0x08004ad4                HAL_I2C_ListenCpltCallback
 *fill*         0x08004ad6        0x2 
 .text.I2C_Slave_AF
                0x08004ad8       0xa0 build/stm32f1xx_hal_i2c.o
 .text.HAL_I2C_MemTxCpltCallback
                0x08004b78        0x2 build/stm32f1xx_hal_i2c.o
                0x08004b78                HAL_I2C_MemTxCpltCallback
 .text.I2C_MasterTransmit_BTF
                0x08004b7a       0x9e build/stm32f1xx_hal_i2c.o
 .text.I2C_MemoryTransmit_TXE_BTF
                0x08004c18       0xc4 build/stm32f1xx_hal_i2c.o
 .text.I2C_MasterTransmit_TXE
                0x08004cdc       0xd4 build/stm32f1xx_hal_i2c.o
 .text.HAL_I2C_MemRxCpltCallback
                0x08004db0        0x2 build/stm32f1xx_hal_i2c.o
                0x08004db0                HAL_I2C_MemRxCpltCallback
 .text.I2C_MasterReceive_BTF
                0x08004db2      0x140 build/stm32f1xx_hal_i2c.o
 .text.HAL_I2C_ErrorCallback
                0x08004ef2        0x2 build/stm32f1xx_hal_i2c.o
                0x08004ef2                HAL_I2C_ErrorCallback
 .text.I2C_MasterReceive_RXNE
                0x08004ef4      0x106 build/stm32f1xx_hal_i2c.o
 .text.HAL_I2C_AbortCpltCallback
                0x08004ffa        0x2 build/stm32f1xx_hal_i2c.o
                0x08004ffa                HAL_I2C_AbortCpltCallback
 .text.I2C_DMAAbort
                0x08004ffc       0xe4 build/stm32f1xx_hal_i2c.o
 .text.I2C_ITError
                0x080050e0      0x178 build/stm32f1xx_hal_i2c.o
 .text.I2C_Slave_STOPF
                0x08005258      0x18c build/stm32f1xx_hal_i2c.o
 .text.HAL_I2C_EV_IRQHandler
                0x080053e4      0x1a0 build/stm32f1xx_hal_i2c.o
                0x080053e4                HAL_I2C_EV_IRQHandler
 .text.HAL_I2C_ER_IRQHandler
                0x08005584       0xce build/stm32f1xx_hal_i2c.o
                0x08005584                HAL_I2C_ER_IRQHandler
 *fill*         0x08005652        0x2 
 .text.HAL_ADC_PollForConversion
                0x08005654      0x184 build/stm32f1xx_hal_adc.o
                0x08005654                HAL_ADC_PollForConversion
 .text.HAL_ADC_GetValue
                0x080057d8        0x6 build/stm32f1xx_hal_adc.o
                0x080057d8                HAL_ADC_GetValue
 *fill*         0x080057de        0x2 
 .text.HAL_ADC_ConfigChannel
                0x080057e0      0x140 build/stm32f1xx_hal_adc.o
                0x080057e0                HAL_ADC_ConfigChannel
 .text.ADC_Enable
                0x08005920       0x88 build/stm32f1xx_hal_adc.o
                0x08005920                ADC_Enable
 .text.HAL_ADC_Start
                0x080059a8       0xe8 build/stm32f1xx_hal_adc.o
                0x080059a8                HAL_ADC_Start
 .text.ADC_ConversionStop_Disable
                0x08005a90       0x56 build/stm32f1xx_hal_adc.o
                0x08005a90                ADC_ConversionStop_Disable
 *fill*         0x08005ae6        0x2 
 .text.HAL_ADC_Init
                0x08005ae8      0x108 build/stm32f1xx_hal_adc.o
                0x08005ae8                HAL_ADC_Init
 .text.Reset_Handler
                0x08005bf0       0x48 build/startup_stm32f103xb.o
                0x08005bf0                Reset_Handler
 .text.Default_Handler
                0x08005c38        0x2 build/startup_stm32f103xb.o
                0x08005c38                EXTI2_IRQHandler
                0x08005c38                TIM1_CC_IRQHandler
                0x08005c38                PVD_IRQHandler
                0x08005c38                EXTI3_IRQHandler
                0x08005c38                EXTI0_IRQHandler
                0x08005c38                ADC1_2_IRQHandler
                0x08005c38                SPI1_IRQHandler
                0x08005c38                TAMPER_IRQHandler
                0x08005c38                DMA1_Channel4_IRQHandler
                0x08005c38                USART3_IRQHandler
                0x08005c38                DMA1_Channel7_IRQHandler
                0x08005c38                CAN1_RX1_IRQHandler
                0x08005c38                TIM4_IRQHandler
                0x08005c38                I2C1_EV_IRQHandler
                0x08005c38                DMA1_Channel6_IRQHandler
                0x08005c38                TIM3_IRQHandler
                0x08005c38                RCC_IRQHandler
                0x08005c38                TIM1_TRG_COM_IRQHandler
                0x08005c38                DMA1_Channel1_IRQHandler
                0x08005c38                Default_Handler
                0x08005c38                EXTI15_10_IRQHandler
                0x08005c38                EXTI9_5_IRQHandler
                0x08005c38                SPI2_IRQHandler
                0x08005c38                DMA1_Channel5_IRQHandler
                0x08005c38                EXTI4_IRQHandler
                0x08005c38                USB_LP_CAN1_RX0_IRQHandler
                0x08005c38                USB_HP_CAN1_TX_IRQHandler
                0x08005c38                DMA1_Channel3_IRQHandler
                0x08005c38                TIM1_UP_IRQHandler
                0x08005c38                WWDG_IRQHandler
                0x08005c38                TIM2_IRQHandler
                0x08005c38                TIM1_BRK_IRQHandler
                0x08005c38                EXTI1_IRQHandler
                0x08005c38                DMA1_Channel2_IRQHandler
                0x08005c38                CAN1_SCE_IRQHandler
                0x08005c38                FLASH_IRQHandler
                0x08005c38                USART1_IRQHandler
                0x08005c38                I2C1_ER_IRQHandler
                0x08005c38                USBWakeUp_IRQHandler
 *fill*         0x08005c3a        0x2 
 .text.__assert_func
                0x08005c3c       0x3c C:/Program Files (x86)/Arm GNU Toolchain arm-none-eabi/13.2 Rel1/bin/../lib/gcc/arm-none-eabi/13.2.1/thumb/v7-m/nofp\libc_nano.a(libc_a-assert.o)
                0x08005c3c                __assert_func
 .text.__cvt    0x08005c78       0xc8 C:/Program Files (x86)/Arm GNU Toolchain arm-none-eabi/13.2 Rel1/bin/../lib/gcc/arm-none-eabi/13.2.1/thumb/v7-m/nofp\libc_nano.a(libc_a-nano-vfprintf_float.o)
                0x08005c78                __cvt
 .text.__exponent
                0x08005d40       0x74 C:/Program Files (x86)/Arm GNU Toolchain arm-none-eabi/13.2 Rel1/bin/../lib/gcc/arm-none-eabi/13.2.1/thumb/v7-m/nofp\libc_nano.a(libc_a-nano-vfprintf_float.o)
                0x08005d40                __exponent
 .text._printf_float
                0x08005db4      0x458 C:/Program Files (x86)/Arm GNU Toolchain arm-none-eabi/13.2 Rel1/bin/../lib/gcc/arm-none-eabi/13.2.1/thumb/v7-m/nofp\libc_nano.a(libc_a-nano-vfprintf_float.o)
                0x08005db4                _printf_float
 .text._printf_common
                0x0800620c       0xe4 C:/Program Files (x86)/Arm GNU Toolchain arm-none-eabi/13.2 Rel1/bin/../lib/gcc/arm-none-eabi/13.2.1/thumb/v7-m/nofp\libc_nano.a(libc_a-nano-vfprintf_i.o)
                0x0800620c                _printf_common
 .text._printf_i
                0x080062f0      0x23c C:/Program Files (x86)/Arm GNU Toolchain arm-none-eabi/13.2 Rel1/bin/../lib/gcc/arm-none-eabi/13.2.1/thumb/v7-m/nofp\libc_nano.a(libc_a-nano-vfprintf_i.o)
                0x080062f0                _printf_i
 .text.std      0x0800652c       0x6c C:/Program Files (x86)/Arm GNU Toolchain arm-none-eabi/13.2 Rel1/bin/../lib/gcc/arm-none-eabi/13.2.1/thumb/v7-m/nofp\libc_nano.a(libc_a-findfp.o)
 .text.stdio_exit_handler
                0x08006598       0x18 C:/Program Files (x86)/Arm GNU Toolchain arm-none-eabi/13.2 Rel1/bin/../lib/gcc/arm-none-eabi/13.2.1/thumb/v7-m/nofp\libc_nano.a(libc_a-findfp.o)
 .text.cleanup_stdio
                0x080065b0       0x40 C:/Program Files (x86)/Arm GNU Toolchain arm-none-eabi/13.2 Rel1/bin/../lib/gcc/arm-none-eabi/13.2.1/thumb/v7-m/nofp\libc_nano.a(libc_a-findfp.o)
 .text.global_stdio_init.part.0
                0x080065f0       0x3c C:/Program Files (x86)/Arm GNU Toolchain arm-none-eabi/13.2 Rel1/bin/../lib/gcc/arm-none-eabi/13.2.1/thumb/v7-m/nofp\libc_nano.a(libc_a-findfp.o)
 .text.__sfp_lock_acquire
                0x0800662c        0xc C:/Program Files (x86)/Arm GNU Toolchain arm-none-eabi/13.2 Rel1/bin/../lib/gcc/arm-none-eabi/13.2.1/thumb/v7-m/nofp\libc_nano.a(libc_a-findfp.o)
                0x0800662c                __sfp_lock_acquire
 .text.__sfp_lock_release
                0x08006638        0xc C:/Program Files (x86)/Arm GNU Toolchain arm-none-eabi/13.2 Rel1/bin/../lib/gcc/arm-none-eabi/13.2.1/thumb/v7-m/nofp\libc_nano.a(libc_a-findfp.o)
                0x08006638                __sfp_lock_release
 .text.__sinit  0x08006644       0x30 C:/Program Files (x86)/Arm GNU Toolchain arm-none-eabi/13.2 Rel1/bin/../lib/gcc/arm-none-eabi/13.2.1/thumb/v7-m/nofp\libc_nano.a(libc_a-findfp.o)
                0x08006644                __sinit
 .text.fprintf  0x08006674       0x24 C:/Program Files (x86)/Arm GNU Toolchain arm-none-eabi/13.2 Rel1/bin/../lib/gcc/arm-none-eabi/13.2.1/thumb/v7-m/nofp\libc_nano.a(libc_a-fprintf.o)
                0x08006674                fiprintf
                0x08006674                fprintf
 .text._fwalk_sglue
                0x08006698       0x3c C:/Program Files (x86)/Arm GNU Toolchain arm-none-eabi/13.2 Rel1/bin/../lib/gcc/arm-none-eabi/13.2.1/thumb/v7-m/nofp\libc_nano.a(libc_a-fwalk.o)
                0x08006698                _fwalk_sglue
 .text.printf   0x080066d4       0x24 C:/Program Files (x86)/Arm GNU Toolchain arm-none-eabi/13.2 Rel1/bin/../lib/gcc/arm-none-eabi/13.2.1/thumb/v7-m/nofp\libc_nano.a(libc_a-printf.o)
                0x080066d4                iprintf
                0x080066d4                printf
 .text._puts_r  0x080066f8       0xaa C:/Program Files (x86)/Arm GNU Toolchain arm-none-eabi/13.2 Rel1/bin/../lib/gcc/arm-none-eabi/13.2.1/thumb/v7-m/nofp\libc_nano.a(libc_a-puts.o)
                0x080066f8                _puts_r
 *fill*         0x080067a2        0x2 
 .text.puts     0x080067a4       0x10 C:/Program Files (x86)/Arm GNU Toolchain arm-none-eabi/13.2 Rel1/bin/../lib/gcc/arm-none-eabi/13.2.1/thumb/v7-m/nofp\libc_nano.a(libc_a-puts.o)
                0x080067a4                puts
 .text.__sread  0x080067b4       0x22 C:/Program Files (x86)/Arm GNU Toolchain arm-none-eabi/13.2 Rel1/bin/../lib/gcc/arm-none-eabi/13.2.1/thumb/v7-m/nofp\libc_nano.a(libc_a-stdio.o)
                0x080067b4                __sread
 .text.__swrite
                0x080067d6       0x38 C:/Program Files (x86)/Arm GNU Toolchain arm-none-eabi/13.2 Rel1/bin/../lib/gcc/arm-none-eabi/13.2.1/thumb/v7-m/nofp\libc_nano.a(libc_a-stdio.o)
                0x080067d6                __swrite
 .text.__sseek  0x0800680e       0x24 C:/Program Files (x86)/Arm GNU Toolchain arm-none-eabi/13.2 Rel1/bin/../lib/gcc/arm-none-eabi/13.2.1/thumb/v7-m/nofp\libc_nano.a(libc_a-stdio.o)
                0x0800680e                __sseek
 .text.__sclose
                0x08006832        0x8 C:/Program Files (x86)/Arm GNU Toolchain arm-none-eabi/13.2 Rel1/bin/../lib/gcc/arm-none-eabi/13.2.1/thumb/v7-m/nofp\libc_nano.a(libc_a-stdio.o)
                0x08006832                __sclose
 .text.__swbuf_r
                0x0800683a       0x7c C:/Program Files (x86)/Arm GNU Toolchain arm-none-eabi/13.2 Rel1/bin/../lib/gcc/arm-none-eabi/13.2.1/thumb/v7-m/nofp\libc_nano.a(libc_a-wbuf.o)
                0x0800683a                __swbuf_r
 *fill*         0x080068b6        0x2 
 .text.__swsetup_r
                0x080068b8       0xac C:/Program Files (x86)/Arm GNU Toolchain arm-none-eabi/13.2 Rel1/bin/../lib/gcc/arm-none-eabi/13.2.1/thumb/v7-m/nofp\libc_nano.a(libc_a-wsetup.o)
                0x080068b8                __swsetup_r
 .text.memset   0x08006964       0x10 C:/Program Files (x86)/Arm GNU Toolchain arm-none-eabi/13.2 Rel1/bin/../lib/gcc/arm-none-eabi/13.2.1/thumb/v7-m/nofp\libc_nano.a(libc_a-memset.o)
                0x08006964                memset
 .text._localeconv_r
                0x08006974        0x8 C:/Program Files (x86)/Arm GNU Toolchain arm-none-eabi/13.2 Rel1/bin/../lib/gcc/arm-none-eabi/13.2.1/thumb/v7-m/nofp\libc_nano.a(libc_a-localeconv.o)
                0x08006974                _localeconv_r
 .text._close_r
                0x0800697c       0x20 C:/Program Files (x86)/Arm GNU Toolchain arm-none-eabi/13.2 Rel1/bin/../lib/gcc/arm-none-eabi/13.2.1/thumb/v7-m/nofp\libc_nano.a(libc_a-closer.o)
                0x0800697c                _close_r
 .text._lseek_r
                0x0800699c       0x24 C:/Program Files (x86)/Arm GNU Toolchain arm-none-eabi/13.2 Rel1/bin/../lib/gcc/arm-none-eabi/13.2.1/thumb/v7-m/nofp\libc_nano.a(libc_a-lseekr.o)
                0x0800699c                _lseek_r
 .text._read_r  0x080069c0       0x24 C:/Program Files (x86)/Arm GNU Toolchain arm-none-eabi/13.2 Rel1/bin/../lib/gcc/arm-none-eabi/13.2.1/thumb/v7-m/nofp\libc_nano.a(libc_a-readr.o)
                0x080069c0                _read_r
 .text._write_r
                0x080069e4       0x24 C:/Program Files (x86)/Arm GNU Toolchain arm-none-eabi/13.2 Rel1/bin/../lib/gcc/arm-none-eabi/13.2.1/thumb/v7-m/nofp\libc_nano.a(libc_a-writer.o)
                0x080069e4                _write_r
 .text.__errno  0x08006a08        0xc C:/Program Files (x86)/Arm GNU Toolchain arm-none-eabi/13.2 Rel1/bin/../lib/gcc/arm-none-eabi/13.2.1/thumb/v7-m/nofp\libc_nano.a(libc_a-errno.o)
                0x08006a08                __errno
 .text.__libc_init_array
                0x08006a14       0x48 C:/Program Files (x86)/Arm GNU Toolchain arm-none-eabi/13.2 Rel1/bin/../lib/gcc/arm-none-eabi/13.2.1/thumb/v7-m/nofp\libc_nano.a(libc_a-init.o)
                0x08006a14                __libc_init_array
 .text.__retarget_lock_init_recursive
                0x08006a5c        0x2 C:/Program Files (x86)/Arm GNU Toolchain arm-none-eabi/13.2 Rel1/bin/../lib/gcc/arm-none-eabi/13.2.1/thumb/v7-m/nofp\libc_nano.a(libc_a-lock.o)
                0x08006a5c                __retarget_lock_init_recursive
 .text.__retarget_lock_acquire_recursive
                0x08006a5e        0x2 C:/Program Files (x86)/Arm GNU Toolchain arm-none-eabi/13.2 Rel1/bin/../lib/gcc/arm-none-eabi/13.2.1/thumb/v7-m/nofp\libc_nano.a(libc_a-lock.o)
                0x08006a5e                __retarget_lock_acquire_recursive
 .text.__retarget_lock_release_recursive
                0x08006a60        0x2 C:/Program Files (x86)/Arm GNU Toolchain arm-none-eabi/13.2 Rel1/bin/../lib/gcc/arm-none-eabi/13.2.1/thumb/v7-m/nofp\libc_nano.a(libc_a-lock.o)
                0x08006a60                __retarget_lock_release_recursive
 .text.memchr   0x08006a62       0x1c C:/Program Files (x86)/Arm GNU Toolchain arm-none-eabi/13.2 Rel1/bin/../lib/gcc/arm-none-eabi/13.2.1/thumb/v7-m/nofp\libc_nano.a(libc_a-memchr-stub.o)
                0x08006a62                memchr
 .text.abort    0x08006a7e        0xe C:/Program Files (x86)/Arm GNU Toolchain arm-none-eabi/13.2 Rel1/bin/../lib/gcc/arm-none-eabi/13.2.1/thumb/v7-m/nofp\libc_nano.a(libc_a-abort.o)
                0x08006a7e                abort
 .text.quorem   0x08006a8c      0x110 C:/Program Files (x86)/Arm GNU Toolchain arm-none-eabi/13.2 Rel1/bin/../lib/gcc/arm-none-eabi/13.2.1/thumb/v7-m/nofp\libc_nano.a(libc_a-dtoa.o)
 *fill*         0x08006b9c        0x4 
 .text._dtoa_r  0x08006ba0      0xb7c C:/Program Files (x86)/Arm GNU Toolchain arm-none-eabi/13.2 Rel1/bin/../lib/gcc/arm-none-eabi/13.2.1/thumb/v7-m/nofp\libc_nano.a(libc_a-dtoa.o)
                0x08006ba0                _dtoa_r
 .text._free_r  0x0800771c       0x90 C:/Program Files (x86)/Arm GNU Toolchain arm-none-eabi/13.2 Rel1/bin/../lib/gcc/arm-none-eabi/13.2.1/thumb/v7-m/nofp\libc_nano.a(libc_a-freer.o)
                0x0800771c                _free_r
 .text.malloc   0x080077ac       0x10 C:/Program Files (x86)/Arm GNU Toolchain arm-none-eabi/13.2 Rel1/bin/../lib/gcc/arm-none-eabi/13.2.1/thumb/v7-m/nofp\libc_nano.a(libc_a-malloc.o)
                0x080077ac                malloc
 .text.sbrk_aligned
                0x080077bc       0x44 C:/Program Files (x86)/Arm GNU Toolchain arm-none-eabi/13.2 Rel1/bin/../lib/gcc/arm-none-eabi/13.2.1/thumb/v7-m/nofp\libc_nano.a(libc_a-mallocr.o)
 .text._malloc_r
                0x08007800      0x100 C:/Program Files (x86)/Arm GNU Toolchain arm-none-eabi/13.2 Rel1/bin/../lib/gcc/arm-none-eabi/13.2.1/thumb/v7-m/nofp\libc_nano.a(libc_a-mallocr.o)
                0x08007800                _malloc_r
 .text.__malloc_lock
                0x08007900        0xc C:/Program Files (x86)/Arm GNU Toolchain arm-none-eabi/13.2 Rel1/bin/../lib/gcc/arm-none-eabi/13.2.1/thumb/v7-m/nofp\libc_nano.a(libc_a-mlock.o)
                0x08007900                __malloc_lock
 .text.__malloc_unlock
                0x0800790c        0xc C:/Program Files (x86)/Arm GNU Toolchain arm-none-eabi/13.2 Rel1/bin/../lib/gcc/arm-none-eabi/13.2.1/thumb/v7-m/nofp\libc_nano.a(libc_a-mlock.o)
                0x0800790c                __malloc_unlock
 .text._Balloc  0x08007918       0x80 C:/Program Files (x86)/Arm GNU Toolchain arm-none-eabi/13.2 Rel1/bin/../lib/gcc/arm-none-eabi/13.2.1/thumb/v7-m/nofp\libc_nano.a(libc_a-mprec.o)
                0x08007918                _Balloc
 .text._Bfree   0x08007998       0x44 C:/Program Files (x86)/Arm GNU Toolchain arm-none-eabi/13.2 Rel1/bin/../lib/gcc/arm-none-eabi/13.2.1/thumb/v7-m/nofp\libc_nano.a(libc_a-mprec.o)
                0x08007998                _Bfree
 .text.__multadd
                0x080079dc       0x8c C:/Program Files (x86)/Arm GNU Toolchain arm-none-eabi/13.2 Rel1/bin/../lib/gcc/arm-none-eabi/13.2.1/thumb/v7-m/nofp\libc_nano.a(libc_a-mprec.o)
                0x080079dc                __multadd
 .text.__hi0bits
                0x08007a68       0x3e C:/Program Files (x86)/Arm GNU Toolchain arm-none-eabi/13.2 Rel1/bin/../lib/gcc/arm-none-eabi/13.2.1/thumb/v7-m/nofp\libc_nano.a(libc_a-mprec.o)
                0x08007a68                __hi0bits
 .text.__lo0bits
                0x08007aa6       0x5a C:/Program Files (x86)/Arm GNU Toolchain arm-none-eabi/13.2 Rel1/bin/../lib/gcc/arm-none-eabi/13.2.1/thumb/v7-m/nofp\libc_nano.a(libc_a-mprec.o)
                0x08007aa6                __lo0bits
 .text.__i2b    0x08007b00       0x2c C:/Program Files (x86)/Arm GNU Toolchain arm-none-eabi/13.2 Rel1/bin/../lib/gcc/arm-none-eabi/13.2.1/thumb/v7-m/nofp\libc_nano.a(libc_a-mprec.o)
                0x08007b00                __i2b
 .text.__multiply
                0x08007b2c      0x144 C:/Program Files (x86)/Arm GNU Toolchain arm-none-eabi/13.2 Rel1/bin/../lib/gcc/arm-none-eabi/13.2.1/thumb/v7-m/nofp\libc_nano.a(libc_a-mprec.o)
                0x08007b2c                __multiply
 .text.__pow5mult
                0x08007c70       0xb4 C:/Program Files (x86)/Arm GNU Toolchain arm-none-eabi/13.2 Rel1/bin/../lib/gcc/arm-none-eabi/13.2.1/thumb/v7-m/nofp\libc_nano.a(libc_a-mprec.o)
                0x08007c70                __pow5mult
 .text.__lshift
                0x08007d24       0xd8 C:/Program Files (x86)/Arm GNU Toolchain arm-none-eabi/13.2 Rel1/bin/../lib/gcc/arm-none-eabi/13.2.1/thumb/v7-m/nofp\libc_nano.a(libc_a-mprec.o)
                0x08007d24                __lshift
 .text.__mcmp   0x08007dfc       0x36 C:/Program Files (x86)/Arm GNU Toolchain arm-none-eabi/13.2 Rel1/bin/../lib/gcc/arm-none-eabi/13.2.1/thumb/v7-m/nofp\libc_nano.a(libc_a-mprec.o)
                0x08007dfc                __mcmp
 *fill*         0x08007e32        0x2 
 .text.__mdiff  0x08007e34      0x128 C:/Program Files (x86)/Arm GNU Toolchain arm-none-eabi/13.2 Rel1/bin/../lib/gcc/arm-none-eabi/13.2.1/thumb/v7-m/nofp\libc_nano.a(libc_a-mprec.o)
                0x08007e34                __mdiff
 .text.__d2b    0x08007f5c       0xb0 C:/Program Files (x86)/Arm GNU Toolchain arm-none-eabi/13.2 Rel1/bin/../lib/gcc/arm-none-eabi/13.2.1/thumb/v7-m/nofp\libc_nano.a(libc_a-mprec.o)
                0x08007f5c                __d2b
 .text.__sfputc_r
                0x0800800c       0x2a C:/Program Files (x86)/Arm GNU Toolchain arm-none-eabi/13.2 Rel1/bin/../lib/gcc/arm-none-eabi/13.2.1/thumb/v7-m/nofp\libc_nano.a(libc_a-nano-vfprintf.o)
 .text.__sfputs_r
                0x08008036       0x24 C:/Program Files (x86)/Arm GNU Toolchain arm-none-eabi/13.2 Rel1/bin/../lib/gcc/arm-none-eabi/13.2.1/thumb/v7-m/nofp\libc_nano.a(libc_a-nano-vfprintf.o)
                0x08008036                __sfputs_r
 *fill*         0x0800805a        0x2 
 .text._vfprintf_r
                0x0800805c      0x230 C:/Program Files (x86)/Arm GNU Toolchain arm-none-eabi/13.2 Rel1/bin/../lib/gcc/arm-none-eabi/13.2.1/thumb/v7-m/nofp\libc_nano.a(libc_a-nano-vfprintf.o)
                0x0800805c                _vfprintf_r
                0x0800805c                _vfiprintf_r
 .text.__sflush_r
                0x0800828c      0x100 C:/Program Files (x86)/Arm GNU Toolchain arm-none-eabi/13.2 Rel1/bin/../lib/gcc/arm-none-eabi/13.2.1/thumb/v7-m/nofp\libc_nano.a(libc_a-fflush.o)
                0x0800828c                __sflush_r
 .text._fflush_r
                0x0800838c       0x50 C:/Program Files (x86)/Arm GNU Toolchain arm-none-eabi/13.2 Rel1/bin/../lib/gcc/arm-none-eabi/13.2.1/thumb/v7-m/nofp\libc_nano.a(libc_a-fflush.o)
                0x0800838c                _fflush_r
 .text.__swhatbuf_r
                0x080083dc       0x4a C:/Program Files (x86)/Arm GNU Toolchain arm-none-eabi/13.2 Rel1/bin/../lib/gcc/arm-none-eabi/13.2.1/thumb/v7-m/nofp\libc_nano.a(libc_a-makebuf.o)
                0x080083dc                __swhatbuf_r
 .text.__smakebuf_r
                0x08008426       0x78 C:/Program Files (x86)/Arm GNU Toolchain arm-none-eabi/13.2 Rel1/bin/../lib/gcc/arm-none-eabi/13.2.1/thumb/v7-m/nofp\libc_nano.a(libc_a-makebuf.o)
                0x08008426                __smakebuf_r
 .text._raise_r
                0x0800849e       0x50 C:/Program Files (x86)/Arm GNU Toolchain arm-none-eabi/13.2 Rel1/bin/../lib/gcc/arm-none-eabi/13.2.1/thumb/v7-m/nofp\libc_nano.a(libc_a-signal.o)
                0x0800849e                _raise_r
 *fill*         0x080084ee        0x2 
 .text.raise    0x080084f0       0x10 C:/Program Files (x86)/Arm GNU Toolchain arm-none-eabi/13.2 Rel1/bin/../lib/gcc/arm-none-eabi/13.2.1/thumb/v7-m/nofp\libc_nano.a(libc_a-signal.o)
                0x080084f0                raise
 .text._fstat_r
                0x08008500       0x24 C:/Program Files (x86)/Arm GNU Toolchain arm-none-eabi/13.2 Rel1/bin/../lib/gcc/arm-none-eabi/13.2.1/thumb/v7-m/nofp\libc_nano.a(libc_a-fstatr.o)
                0x08008500                _fstat_r
 .text._isatty_r
                0x08008524       0x20 C:/Program Files (x86)/Arm GNU Toolchain arm-none-eabi/13.2 Rel1/bin/../lib/gcc/arm-none-eabi/13.2.1/thumb/v7-m/nofp\libc_nano.a(libc_a-isattyr.o)
                0x08008524                _isatty_r
 .text._kill_r  0x08008544       0x24 C:/Program Files (x86)/Arm GNU Toolchain arm-none-eabi/13.2 Rel1/bin/../lib/gcc/arm-none-eabi/13.2.1/thumb/v7-m/nofp\libc_nano.a(libc_a-signalr.o)
                0x08008544                _kill_r
 .text._getpid_r
                0x08008568        0x4 C:/Program Files (x86)/Arm GNU Toolchain arm-none-eabi/13.2 Rel1/bin/../lib/gcc/arm-none-eabi/13.2.1/thumb/v7-m/nofp\libc_nano.a(libc_a-signalr.o)
                0x08008568                _getpid_r
 .text._sbrk_r  0x0800856c       0x20 C:/Program Files (x86)/Arm GNU Toolchain arm-none-eabi/13.2 Rel1/bin/../lib/gcc/arm-none-eabi/13.2.1/thumb/v7-m/nofp\libc_nano.a(libc_a-sbrkr.o)
                0x0800856c                _sbrk_r
 .text.memcpy   0x0800858c       0x1c C:/Program Files (x86)/Arm GNU Toolchain arm-none-eabi/13.2 Rel1/bin/../lib/gcc/arm-none-eabi/13.2.1/thumb/v7-m/nofp\libc_nano.a(libc_a-memcpy-stub.o)
                0x0800858c                memcpy
 .text._calloc_r
                0x080085a8       0x28 C:/Program Files (x86)/Arm GNU Toolchain arm-none-eabi/13.2 Rel1/bin/../lib/gcc/arm-none-eabi/13.2.1/thumb/v7-m/nofp\libc_nano.a(libc_a-callocr.o)
                0x080085a8                _calloc_r
 .text.__ascii_mbtowc
                0x080085d0       0x24 C:/Program Files (x86)/Arm GNU Toolchain arm-none-eabi/13.2 Rel1/bin/../lib/gcc/arm-none-eabi/13.2.1/thumb/v7-m/nofp\libc_nano.a(libc_a-mbtowc_r.o)
                0x080085d0                __ascii_mbtowc
 .text.__ascii_wctomb
                0x080085f4       0x1a C:/Program Files (x86)/Arm GNU Toolchain arm-none-eabi/13.2 Rel1/bin/../lib/gcc/arm-none-eabi/13.2.1/thumb/v7-m/nofp\libc_nano.a(libc_a-wctomb_r.o)
                0x080085f4                __ascii_wctomb
 *(.glue_7)
 .glue_7        0x0800860e        0x0 linker stubs
 *(.glue_7t)
 .glue_7t       0x0800860e        0x0 linker stubs
 *(.eh_frame)
 *fill*         0x0800860e        0x2 
 .eh_frame      0x08008610        0x0 C:/Program Files (x86)/Arm GNU Toolchain arm-none-eabi/13.2 Rel1/bin/../lib/gcc/arm-none-eabi/13.2.1/thumb/v7-m/nofp/crtbegin.o
 *(.init)
 .init          0x08008610        0x4 C:/Program Files (x86)/Arm GNU Toolchain arm-none-eabi/13.2 Rel1/bin/../lib/gcc/arm-none-eabi/13.2.1/thumb/v7-m/nofp/crti.o
                0x08008610                _init
 .init          0x08008614        0x8 C:/Program Files (x86)/Arm GNU Toolchain arm-none-eabi/13.2 Rel1/bin/../lib/gcc/arm-none-eabi/13.2.1/thumb/v7-m/nofp/crtn.o
 *(.fini)
 .fini          0x0800861c        0x4 C:/Program Files (x86)/Arm GNU Toolchain arm-none-eabi/13.2 Rel1/bin/../lib/gcc/arm-none-eabi/13.2.1/thumb/v7-m/nofp/crti.o
                0x0800861c                _fini
 .fini          0x08008620        0x8 C:/Program Files (x86)/Arm GNU Toolchain arm-none-eabi/13.2 Rel1/bin/../lib/gcc/arm-none-eabi/13.2.1/thumb/v7-m/nofp/crtn.o
                0x08008628                        . = ALIGN (0x4)
                0x08008628                        _etext = .

.vfp11_veneer   0x08008628        0x0
 .vfp11_veneer  0x08008628        0x0 linker stubs

.v4_bx          0x08008628        0x0
 .v4_bx         0x08008628        0x0 linker stubs

.iplt           0x08008628        0x0
 .iplt          0x08008628        0x0 C:/Program Files (x86)/Arm GNU Toolchain arm-none-eabi/13.2 Rel1/bin/../lib/gcc/arm-none-eabi/13.2.1/thumb/v7-m/nofp/crtbegin.o

.rodata         0x08008628      0x74c
                0x08008628                        . = ALIGN (0x4)
 *(.rodata)
 .rodata        0x08008628        0x8 build/main.o
 .rodata        0x08008630        0x8 build/fm_multiADC.o
 *(.rodata*)
 .rodata.Error_Handler.str1.4
                0x08008638      0x367 build/main.o
                                  0x8 (size before relaxing)
 .rodata.main.str1.4
                0x0800899f       0x74 build/main.o
 .rodata.FM_V0x_RTC_Set_Time.str1.4
                0x0800899f       0x2d build/fm_rtc.o
 .rodata.FM_V0x_RTC_Set_Date.str1.4
                0x0800899f       0x2d build/fm_rtc.o
 .rodata.FM_V0x_Rtc_Init.str1.4
                0x0800899f       0x8d build/fm_rtc.o
 .rodata.FM_V0x_RTC_Get_Time.str1.4
                0x0800899f       0x78 build/fm_rtc.o
 .rodata.FM_V0x_RTC_Get_Date.str1.4
                0x0800899f       0x14 build/fm_rtc.o
 .rodata.FM_V0x_MultiADC_Starts.str1.4
                0x0800899f       0x45 build/fm_multiADC.o
 .rodata.FM_V0x_MultiADC_Reads_ADC_Signal.str1.4
                0x0800899f       0x43 build/fm_multiADC.o
 .rodata.FM_V0x_MultiADC_Init.str1.4
                0x0800899f       0x88 build/fm_multiADC.o
 .rodata.FM_V0x_SHT30_Sensor_Init.str1.4
                0x0800899f       0x5b build/fm_sht30_sensor.o
 *fill*         0x0800899f        0x1 
 .rodata.__func__.0
                0x080089a0       0x19 build/fm_sht30_sensor.o
 *fill*         0x080089b9        0x3 
 .rodata.aPredivFactorTable.0
                0x080089bc        0x2 build/stm32f1xx_hal_rcc.o
 *fill*         0x080089be        0x2 
 .rodata.aPLLMULFactorTable.1
                0x080089c0       0x10 build/stm32f1xx_hal_rcc.o
 .rodata.aPredivFactorTable.0
                0x080089d0        0x2 build/stm32f1xx_hal_rcc_ex.o
 *fill*         0x080089d2        0x2 
 .rodata.aPLLMULFactorTable.1
                0x080089d4       0x10 build/stm32f1xx_hal_rcc_ex.o
 .rodata.APBPrescTable
                0x080089e4        0x8 build/system_stm32f1xx.o
                0x080089e4                APBPrescTable
 .rodata.AHBPrescTable
                0x080089ec       0x10 build/system_stm32f1xx.o
                0x080089ec                AHBPrescTable
 .rodata.__assert_func.str1.1
                0x080089fc      0x173 C:/Program Files (x86)/Arm GNU Toolchain arm-none-eabi/13.2 Rel1/bin/../lib/gcc/arm-none-eabi/13.2.1/thumb/v7-m/nofp\libc_nano.a(libc_a-assert.o)
                                 0x3d (size before relaxing)
 .rodata._printf_float.str1.1
                0x08008b6f       0x12 C:/Program Files (x86)/Arm GNU Toolchain arm-none-eabi/13.2 Rel1/bin/../lib/gcc/arm-none-eabi/13.2.1/thumb/v7-m/nofp\libc_nano.a(libc_a-nano-vfprintf_float.o)
 .rodata._printf_i.str1.1
                0x08008b6f       0x22 C:/Program Files (x86)/Arm GNU Toolchain arm-none-eabi/13.2 Rel1/bin/../lib/gcc/arm-none-eabi/13.2.1/thumb/v7-m/nofp\libc_nano.a(libc_a-nano-vfprintf_i.o)
 .rodata._dtoa_r.str1.1
                0x08008b6f       0x90 C:/Program Files (x86)/Arm GNU Toolchain arm-none-eabi/13.2 Rel1/bin/../lib/gcc/arm-none-eabi/13.2.1/thumb/v7-m/nofp\libc_nano.a(libc_a-dtoa.o)
 .rodata._Balloc.str1.1
                0x08008b6f       0x71 C:/Program Files (x86)/Arm GNU Toolchain arm-none-eabi/13.2 Rel1/bin/../lib/gcc/arm-none-eabi/13.2.1/thumb/v7-m/nofp\libc_nano.a(libc_a-mprec.o)
 .rodata.__multadd.str1.1
                0x08008b6f       0x11 C:/Program Files (x86)/Arm GNU Toolchain arm-none-eabi/13.2 Rel1/bin/../lib/gcc/arm-none-eabi/13.2.1/thumb/v7-m/nofp\libc_nano.a(libc_a-mprec.o)
 *fill*         0x08008b6f        0x1 
 .rodata.p05.0  0x08008b70        0xc C:/Program Files (x86)/Arm GNU Toolchain arm-none-eabi/13.2 Rel1/bin/../lib/gcc/arm-none-eabi/13.2.1/thumb/v7-m/nofp\libc_nano.a(libc_a-mprec.o)
 *fill*         0x08008b7c        0x4 
 .rodata.__mprec_bigtens
                0x08008b80       0x28 C:/Program Files (x86)/Arm GNU Toolchain arm-none-eabi/13.2 Rel1/bin/../lib/gcc/arm-none-eabi/13.2.1/thumb/v7-m/nofp\libc_nano.a(libc_a-mprec.o)
                0x08008b80                __mprec_bigtens
 .rodata.__mprec_tens
                0x08008ba8       0xc8 C:/Program Files (x86)/Arm GNU Toolchain arm-none-eabi/13.2 Rel1/bin/../lib/gcc/arm-none-eabi/13.2.1/thumb/v7-m/nofp\libc_nano.a(libc_a-mprec.o)
                0x08008ba8                __mprec_tens
 .rodata._vfprintf_r.str1.1
                0x08008c70       0x11 C:/Program Files (x86)/Arm GNU Toolchain arm-none-eabi/13.2 Rel1/bin/../lib/gcc/arm-none-eabi/13.2.1/thumb/v7-m/nofp\libc_nano.a(libc_a-nano-vfprintf.o)
 .rodata._setlocale_r.str1.1
                0x08008c70        0x9 C:/Program Files (x86)/Arm GNU Toolchain arm-none-eabi/13.2 Rel1/bin/../lib/gcc/arm-none-eabi/13.2.1/thumb/v7-m/nofp\libc_nano.a(libc_a-locale.o)
 .rodata.str1.1
                0x08008c70        0x2 C:/Program Files (x86)/Arm GNU Toolchain arm-none-eabi/13.2 Rel1/bin/../lib/gcc/arm-none-eabi/13.2.1/thumb/v7-m/nofp\libc_nano.a(libc_a-locale.o)
 .rodata._ctype_
                0x08008c70      0x101 C:/Program Files (x86)/Arm GNU Toolchain arm-none-eabi/13.2 Rel1/bin/../lib/gcc/arm-none-eabi/13.2.1/thumb/v7-m/nofp\libc_nano.a(libc_a-ctype_.o)
                0x08008c70                _ctype_
                0x08008d74                        . = ALIGN (0x4)
 *fill*         0x08008d71        0x3 

.ARM.extab
 *(.ARM.extab* .gnu.linkonce.armextab.*)

.ARM            0x08008d74        0x8
                0x08008d74                        __exidx_start = .
 *(.ARM.exidx*)
 .ARM.exidx     0x08008d74        0x8 C:/Program Files (x86)/Arm GNU Toolchain arm-none-eabi/13.2 Rel1/bin/../lib/gcc/arm-none-eabi/13.2.1/thumb/v7-m/nofp\libc_nano.a(libc_a-strlen.o)
                0x08008d7c                        __exidx_end = .

.rel.dyn        0x08008d7c        0x0
 .rel.iplt      0x08008d7c        0x0 C:/Program Files (x86)/Arm GNU Toolchain arm-none-eabi/13.2 Rel1/bin/../lib/gcc/arm-none-eabi/13.2.1/thumb/v7-m/nofp/crtbegin.o

.preinit_array  0x08008d7c        0x0
                0x08008d7c                        PROVIDE (__preinit_array_start = .)
 *(.preinit_array*)
                0x08008d7c                        PROVIDE (__preinit_array_end = .)

.init_array     0x08008d7c        0x4
                0x08008d7c                        PROVIDE (__init_array_start = .)
 *(SORT_BY_NAME(.init_array.*))
 *(.init_array*)
 .init_array    0x08008d7c        0x4 C:/Program Files (x86)/Arm GNU Toolchain arm-none-eabi/13.2 Rel1/bin/../lib/gcc/arm-none-eabi/13.2.1/thumb/v7-m/nofp/crtbegin.o
                0x08008d80                        PROVIDE (__init_array_end = .)

.fini_array     0x08008d80        0x4
                [!provide]                        PROVIDE (__fini_array_start = .)
 *(SORT_BY_NAME(.fini_array.*))
 *(.fini_array*)
 .fini_array    0x08008d80        0x4 C:/Program Files (x86)/Arm GNU Toolchain arm-none-eabi/13.2 Rel1/bin/../lib/gcc/arm-none-eabi/13.2.1/thumb/v7-m/nofp/crtbegin.o
                [!provide]                        PROVIDE (__fini_array_end = .)
                0x08008d84                        _sidata = LOADADDR (.data)

.data           0x20000000      0x1d4 load address 0x08008d84
                0x20000000                        . = ALIGN (0x4)
                0x20000000                        _sdata = .
 *(.data)
 *(.data*)
 .data.uwTickFreq
                0x20000000        0x1 build/stm32f1xx_hal.o
                0x20000000                uwTickFreq
 *fill*         0x20000001        0x3 
 .data.uwTickPrio
                0x20000004        0x4 build/stm32f1xx_hal.o
                0x20000004                uwTickPrio
 .data.SystemCoreClock
                0x20000008        0x4 build/system_stm32f1xx.o
                0x20000008                SystemCoreClock
 .data.__sglue  0x2000000c        0xc C:/Program Files (x86)/Arm GNU Toolchain arm-none-eabi/13.2 Rel1/bin/../lib/gcc/arm-none-eabi/13.2.1/thumb/v7-m/nofp\libc_nano.a(libc_a-findfp.o)
                0x2000000c                __sglue
 .data._impure_ptr
                0x20000018        0x4 C:/Program Files (x86)/Arm GNU Toolchain arm-none-eabi/13.2 Rel1/bin/../lib/gcc/arm-none-eabi/13.2.1/thumb/v7-m/nofp\libc_nano.a(libc_a-impure.o)
                0x20000018                _impure_ptr
 .data._impure_data
                0x2000001c       0x4c C:/Program Files (x86)/Arm GNU Toolchain arm-none-eabi/13.2 Rel1/bin/../lib/gcc/arm-none-eabi/13.2.1/thumb/v7-m/nofp\libc_nano.a(libc_a-impure.o)
                0x2000001c                _impure_data
 .data.__global_locale
                0x20000068      0x16c C:/Program Files (x86)/Arm GNU Toolchain arm-none-eabi/13.2 Rel1/bin/../lib/gcc/arm-none-eabi/13.2.1/thumb/v7-m/nofp\libc_nano.a(libc_a-locale.o)
                0x20000068                __global_locale
                0x200001d4                        . = ALIGN (0x4)
                0x200001d4                        _edata = .

.tm_clone_table
                0x200001d4        0x0 load address 0x08008f58
 .tm_clone_table
                0x200001d4        0x0 C:/Program Files (x86)/Arm GNU Toolchain arm-none-eabi/13.2 Rel1/bin/../lib/gcc/arm-none-eabi/13.2.1/thumb/v7-m/nofp/crtbegin.o
 .tm_clone_table
                0x200001d4        0x0 C:/Program Files (x86)/Arm GNU Toolchain arm-none-eabi/13.2 Rel1/bin/../lib/gcc/arm-none-eabi/13.2.1/thumb/v7-m/nofp/crtend.o

.igot.plt       0x200001d4        0x0 load address 0x08008f58
 .igot.plt      0x200001d4        0x0 C:/Program Files (x86)/Arm GNU Toolchain arm-none-eabi/13.2 Rel1/bin/../lib/gcc/arm-none-eabi/13.2.1/thumb/v7-m/nofp/crtbegin.o
                0x200001d4                        . = ALIGN (0x4)

.bss            0x200001d4      0x328 load address 0x08008f58
                0x200001d4                        _sbss = .
                0x200001d4                        __bss_start__ = _sbss
 *(.bss)
 *(.bss*)
 .bss.completed.1
                0x200001d4        0x1 C:/Program Files (x86)/Arm GNU Toolchain arm-none-eabi/13.2 Rel1/bin/../lib/gcc/arm-none-eabi/13.2.1/thumb/v7-m/nofp/crtbegin.o
 *fill*         0x200001d5        0x3 
 .bss.object.0  0x200001d8       0x18 C:/Program Files (x86)/Arm GNU Toolchain arm-none-eabi/13.2 Rel1/bin/../lib/gcc/arm-none-eabi/13.2.1/thumb/v7-m/nofp/crtbegin.o
 .bss.huart2    0x200001f0       0x48 build/main.o
                0x200001f0                huart2
 .bss.hi2c2     0x20000238       0x54 build/main.o
                0x20000238                hi2c2
 .bss.__RX_RBuffer
                0x2000028c        0x4 build/fm_ring_buffer.o
                0x2000028c                __RX_RBuffer
 .bss.TX_Buffer
                0x20000290       0x88 build/fm_ring_buffer.o
                0x20000290                TX_Buffer
 .bss.DateToUpdate
                0x20000318        0x4 build/fm_rtc.o
                0x20000318                DateToUpdate
 .bss.sTime     0x2000031c        0x3 build/fm_rtc.o
                0x2000031c                sTime
 *fill*         0x2000031f        0x1 
 .bss.hrtc      0x20000320       0x14 build/fm_rtc.o
                0x20000320                hrtc
 .bss.pTime     0x20000334        0x3 build/fm_rtc.o
                0x20000334                pTime
 .bss.FM_V0x_RTC_States
                0x20000337        0x1 build/fm_rtc.o
                0x20000337                FM_V0x_RTC_States
 .bss.FM_V0x_Get_RTC
                0x20000338        0xe build/fm_rtc.o
                0x20000338                FM_V0x_Get_RTC
 *fill*         0x20000346        0x2 
 .bss.FM_V0x_RTC_Pars
                0x20000348        0xe build/fm_rtc.o
                0x20000348                FM_V0x_RTC_Pars
 *fill*         0x20000356        0x2 
 .bss.sConfig   0x20000358        0xc build/fm_multiADC.o
                0x20000358                sConfig
 .bss.hadc1     0x20000364       0x30 build/fm_multiADC.o
                0x20000364                hadc1
 .bss.FM_V0x_MultiADC_Buffer
                0x20000394        0x4 build/fm_multiADC.o
                0x20000394                FM_V0x_MultiADC_Buffer
 .bss.__FM_V0x_MultiADC_Buffer
                0x20000398        0xc build/fm_multiADC.o
                0x20000398                __FM_V0x_MultiADC_Buffer
 .bss.FM_V0x_MultiADC_States
                0x200003a4        0x1 build/fm_multiADC.o
                0x200003a4                FM_V0x_MultiADC_States
 *fill*         0x200003a5        0x3 
 .bss.uwTick    0x200003a8        0x4 build/stm32f1xx_hal.o
                0x200003a8                uwTick
 .bss.__sbrk_heap_end
                0x200003ac        0x4 build/sysmem.o
 .bss.__sf      0x200003b0      0x138 C:/Program Files (x86)/Arm GNU Toolchain arm-none-eabi/13.2 Rel1/bin/../lib/gcc/arm-none-eabi/13.2.1/thumb/v7-m/nofp\libc_nano.a(libc_a-findfp.o)
                0x200003b0                __sf
 .bss.__stdio_exit_handler
                0x200004e8        0x4 C:/Program Files (x86)/Arm GNU Toolchain arm-none-eabi/13.2 Rel1/bin/../lib/gcc/arm-none-eabi/13.2.1/thumb/v7-m/nofp\libc_nano.a(libc_a-findfp.o)
                0x200004e8                __stdio_exit_handler
 .bss.errno     0x200004ec        0x4 C:/Program Files (x86)/Arm GNU Toolchain arm-none-eabi/13.2 Rel1/bin/../lib/gcc/arm-none-eabi/13.2.1/thumb/v7-m/nofp\libc_nano.a(libc_a-reent.o)
                0x200004ec                errno
 .bss.__lock___malloc_recursive_mutex
                0x200004f0        0x1 C:/Program Files (x86)/Arm GNU Toolchain arm-none-eabi/13.2 Rel1/bin/../lib/gcc/arm-none-eabi/13.2.1/thumb/v7-m/nofp\libc_nano.a(libc_a-lock.o)
                0x200004f0                __lock___malloc_recursive_mutex
 .bss.__lock___sfp_recursive_mutex
                0x200004f1        0x1 C:/Program Files (x86)/Arm GNU Toolchain arm-none-eabi/13.2 Rel1/bin/../lib/gcc/arm-none-eabi/13.2.1/thumb/v7-m/nofp\libc_nano.a(libc_a-lock.o)
                0x200004f1                __lock___sfp_recursive_mutex
 *fill*         0x200004f2        0x2 
 .bss.__malloc_sbrk_start
                0x200004f4        0x4 C:/Program Files (x86)/Arm GNU Toolchain arm-none-eabi/13.2 Rel1/bin/../lib/gcc/arm-none-eabi/13.2.1/thumb/v7-m/nofp\libc_nano.a(libc_a-mallocr.o)
                0x200004f4                __malloc_sbrk_start
 .bss.__malloc_free_list
                0x200004f8        0x4 C:/Program Files (x86)/Arm GNU Toolchain arm-none-eabi/13.2 Rel1/bin/../lib/gcc/arm-none-eabi/13.2.1/thumb/v7-m/nofp\libc_nano.a(libc_a-mallocr.o)
                0x200004f8                __malloc_free_list
 *(COMMON)
                0x200004fc                        . = ALIGN (0x4)
                0x200004fc                        _ebss = .
                0x200004fc                        __bss_end__ = _ebss

._user_heap_stack
                0x200004fc      0x604 load address 0x08008f58
                0x20000500                        . = ALIGN (0x8)
 *fill*         0x200004fc        0x4 
                [!provide]                        PROVIDE (end = .)
                0x20000500                        PROVIDE (_end = .)
                0x20000700                        . = (. + _Min_Heap_Size)
 *fill*         0x20000500      0x200 
                0x20000b00                        . = (. + _Min_Stack_Size)
 *fill*         0x20000700      0x400 
                0x20000b00                        . = ALIGN (0x8)

/DISCARD/
 libc.a(*)
 libm.a(*)
 libgcc.a(*)

.ARM.attributes
                0x00000000       0x29
 *(.ARM.attributes)
 .ARM.attributes
                0x00000000       0x1d C:/Program Files (x86)/Arm GNU Toolchain arm-none-eabi/13.2 Rel1/bin/../lib/gcc/arm-none-eabi/13.2.1/thumb/v7-m/nofp/crti.o
 .ARM.attributes
                0x0000001d       0x2d C:/Program Files (x86)/Arm GNU Toolchain arm-none-eabi/13.2 Rel1/bin/../lib/gcc/arm-none-eabi/13.2.1/thumb/v7-m/nofp/crtbegin.o
 .ARM.attributes
                0x0000004a       0x2d build/main.o
 .ARM.attributes
                0x00000077       0x2d build/fm_ring_buffer.o
 .ARM.attributes
                0x000000a4       0x2d build/fm_rtc.o
 .ARM.attributes
                0x000000d1       0x2d build/fm_multiADC.o
 .ARM.attributes
                0x000000fe       0x2d build/fm_sht30_sensor.o
 .ARM.attributes
                0x0000012b       0x2d build/stm32f1xx_it.o
 .ARM.attributes
                0x00000158       0x2d build/stm32f1xx_hal_msp.o
 .ARM.attributes
                0x00000185       0x2d build/stm32f1xx_hal_uart.o
 .ARM.attributes
                0x000001b2       0x2d build/stm32f1xx_hal.o
 .ARM.attributes
                0x000001df       0x2d build/stm32f1xx_hal_rcc.o
 .ARM.attributes
                0x0000020c       0x2d build/stm32f1xx_hal_rcc_ex.o
 .ARM.attributes
                0x00000239       0x2d build/stm32f1xx_hal_gpio.o
 .ARM.attributes
                0x00000266       0x2d build/stm32f1xx_hal_dma.o
 .ARM.attributes
                0x00000293       0x2d build/stm32f1xx_hal_cortex.o
 .ARM.attributes
                0x000002c0       0x2d build/stm32f1xx_hal_pwr.o
 .ARM.attributes
                0x000002ed       0x2d build/system_stm32f1xx.o
 .ARM.attributes
                0x0000031a       0x2d build/sysmem.o
 .ARM.attributes
                0x00000347       0x2d build/syscalls.o
 .ARM.attributes
                0x00000374       0x2d build/stm32f1xx_hal_rtc.o
 .ARM.attributes
                0x000003a1       0x2d build/stm32f1xx_hal_rtc_ex.o
 .ARM.attributes
                0x000003ce       0x2d build/stm32f1xx_hal_i2c.o
 .ARM.attributes
                0x000003fb       0x2d build/stm32f1xx_hal_adc.o
 .ARM.attributes
                0x00000428       0x21 build/startup_stm32f103xb.o
 .ARM.attributes
                0x00000449       0x2d C:/Program Files (x86)/Arm GNU Toolchain arm-none-eabi/13.2 Rel1/bin/../lib/gcc/arm-none-eabi/13.2.1/thumb/v7-m/nofp\libc_nano.a(libc_a-assert.o)
 .ARM.attributes
                0x00000476       0x2d C:/Program Files (x86)/Arm GNU Toolchain arm-none-eabi/13.2 Rel1/bin/../lib/gcc/arm-none-eabi/13.2.1/thumb/v7-m/nofp\libc_nano.a(libc_a-nano-vfprintf_float.o)
 .ARM.attributes
                0x000004a3       0x2d C:/Program Files (x86)/Arm GNU Toolchain arm-none-eabi/13.2 Rel1/bin/../lib/gcc/arm-none-eabi/13.2.1/thumb/v7-m/nofp\libc_nano.a(libc_a-nano-vfprintf_i.o)
 .ARM.attributes
                0x000004d0       0x2d C:/Program Files (x86)/Arm GNU Toolchain arm-none-eabi/13.2 Rel1/bin/../lib/gcc/arm-none-eabi/13.2.1/thumb/v7-m/nofp\libc_nano.a(libc_a-findfp.o)
 .ARM.attributes
                0x000004fd       0x2d C:/Program Files (x86)/Arm GNU Toolchain arm-none-eabi/13.2 Rel1/bin/../lib/gcc/arm-none-eabi/13.2.1/thumb/v7-m/nofp\libc_nano.a(libc_a-fprintf.o)
 .ARM.attributes
                0x0000052a       0x2d C:/Program Files (x86)/Arm GNU Toolchain arm-none-eabi/13.2 Rel1/bin/../lib/gcc/arm-none-eabi/13.2.1/thumb/v7-m/nofp\libc_nano.a(libc_a-fwalk.o)
 .ARM.attributes
                0x00000557       0x2d C:/Program Files (x86)/Arm GNU Toolchain arm-none-eabi/13.2 Rel1/bin/../lib/gcc/arm-none-eabi/13.2.1/thumb/v7-m/nofp\libc_nano.a(libc_a-printf.o)
 .ARM.attributes
                0x00000584       0x2d C:/Program Files (x86)/Arm GNU Toolchain arm-none-eabi/13.2 Rel1/bin/../lib/gcc/arm-none-eabi/13.2.1/thumb/v7-m/nofp\libc_nano.a(libc_a-puts.o)
 .ARM.attributes
                0x000005b1       0x2d C:/Program Files (x86)/Arm GNU Toolchain arm-none-eabi/13.2 Rel1/bin/../lib/gcc/arm-none-eabi/13.2.1/thumb/v7-m/nofp\libc_nano.a(libc_a-stdio.o)
 .ARM.attributes
                0x000005de       0x2d C:/Program Files (x86)/Arm GNU Toolchain arm-none-eabi/13.2 Rel1/bin/../lib/gcc/arm-none-eabi/13.2.1/thumb/v7-m/nofp\libc_nano.a(libc_a-wbuf.o)
 .ARM.attributes
                0x0000060b       0x2d C:/Program Files (x86)/Arm GNU Toolchain arm-none-eabi/13.2 Rel1/bin/../lib/gcc/arm-none-eabi/13.2.1/thumb/v7-m/nofp\libc_nano.a(libc_a-wsetup.o)
 .ARM.attributes
                0x00000638       0x2d C:/Program Files (x86)/Arm GNU Toolchain arm-none-eabi/13.2 Rel1/bin/../lib/gcc/arm-none-eabi/13.2.1/thumb/v7-m/nofp\libc_nano.a(libc_a-memset.o)
 .ARM.attributes
                0x00000665       0x2d C:/Program Files (x86)/Arm GNU Toolchain arm-none-eabi/13.2 Rel1/bin/../lib/gcc/arm-none-eabi/13.2.1/thumb/v7-m/nofp\libc_nano.a(libc_a-localeconv.o)
 .ARM.attributes
                0x00000692       0x2d C:/Program Files (x86)/Arm GNU Toolchain arm-none-eabi/13.2 Rel1/bin/../lib/gcc/arm-none-eabi/13.2.1/thumb/v7-m/nofp\libc_nano.a(libc_a-closer.o)
 .ARM.attributes
                0x000006bf       0x2d C:/Program Files (x86)/Arm GNU Toolchain arm-none-eabi/13.2 Rel1/bin/../lib/gcc/arm-none-eabi/13.2.1/thumb/v7-m/nofp\libc_nano.a(libc_a-reent.o)
 .ARM.attributes
                0x000006ec       0x2d C:/Program Files (x86)/Arm GNU Toolchain arm-none-eabi/13.2 Rel1/bin/../lib/gcc/arm-none-eabi/13.2.1/thumb/v7-m/nofp\libc_nano.a(libc_a-impure.o)
 .ARM.attributes
                0x00000719       0x2d C:/Program Files (x86)/Arm GNU Toolchain arm-none-eabi/13.2 Rel1/bin/../lib/gcc/arm-none-eabi/13.2.1/thumb/v7-m/nofp\libc_nano.a(libc_a-lseekr.o)
 .ARM.attributes
                0x00000746       0x2d C:/Program Files (x86)/Arm GNU Toolchain arm-none-eabi/13.2 Rel1/bin/../lib/gcc/arm-none-eabi/13.2.1/thumb/v7-m/nofp\libc_nano.a(libc_a-readr.o)
 .ARM.attributes
                0x00000773       0x2d C:/Program Files (x86)/Arm GNU Toolchain arm-none-eabi/13.2 Rel1/bin/../lib/gcc/arm-none-eabi/13.2.1/thumb/v7-m/nofp\libc_nano.a(libc_a-writer.o)
 .ARM.attributes
                0x000007a0       0x2d C:/Program Files (x86)/Arm GNU Toolchain arm-none-eabi/13.2 Rel1/bin/../lib/gcc/arm-none-eabi/13.2.1/thumb/v7-m/nofp\libc_nano.a(libc_a-errno.o)
 .ARM.attributes
                0x000007cd       0x2d C:/Program Files (x86)/Arm GNU Toolchain arm-none-eabi/13.2 Rel1/bin/../lib/gcc/arm-none-eabi/13.2.1/thumb/v7-m/nofp\libc_nano.a(libc_a-init.o)
 .ARM.attributes
                0x000007fa       0x2d C:/Program Files (x86)/Arm GNU Toolchain arm-none-eabi/13.2 Rel1/bin/../lib/gcc/arm-none-eabi/13.2.1/thumb/v7-m/nofp\libc_nano.a(libc_a-lock.o)
 .ARM.attributes
                0x00000827       0x2d C:/Program Files (x86)/Arm GNU Toolchain arm-none-eabi/13.2 Rel1/bin/../lib/gcc/arm-none-eabi/13.2.1/thumb/v7-m/nofp\libc_nano.a(libc_a-memchr-stub.o)
 .ARM.attributes
                0x00000854       0x17 C:/Program Files (x86)/Arm GNU Toolchain arm-none-eabi/13.2 Rel1/bin/../lib/gcc/arm-none-eabi/13.2.1/thumb/v7-m/nofp\libc_nano.a(libc_a-strlen.o)
 .ARM.attributes
                0x0000086b       0x2d C:/Program Files (x86)/Arm GNU Toolchain arm-none-eabi/13.2 Rel1/bin/../lib/gcc/arm-none-eabi/13.2.1/thumb/v7-m/nofp\libc_nano.a(libc_a-abort.o)
 .ARM.attributes
                0x00000898       0x2d C:/Program Files (x86)/Arm GNU Toolchain arm-none-eabi/13.2 Rel1/bin/../lib/gcc/arm-none-eabi/13.2.1/thumb/v7-m/nofp\libc_nano.a(libc_a-dtoa.o)
 .ARM.attributes
                0x000008c5       0x2d C:/Program Files (x86)/Arm GNU Toolchain arm-none-eabi/13.2 Rel1/bin/../lib/gcc/arm-none-eabi/13.2.1/thumb/v7-m/nofp\libc_nano.a(libc_a-freer.o)
 .ARM.attributes
                0x000008f2       0x2d C:/Program Files (x86)/Arm GNU Toolchain arm-none-eabi/13.2 Rel1/bin/../lib/gcc/arm-none-eabi/13.2.1/thumb/v7-m/nofp\libc_nano.a(libc_a-malloc.o)
 .ARM.attributes
                0x0000091f       0x2d C:/Program Files (x86)/Arm GNU Toolchain arm-none-eabi/13.2 Rel1/bin/../lib/gcc/arm-none-eabi/13.2.1/thumb/v7-m/nofp\libc_nano.a(libc_a-mallocr.o)
 .ARM.attributes
                0x0000094c       0x2d C:/Program Files (x86)/Arm GNU Toolchain arm-none-eabi/13.2 Rel1/bin/../lib/gcc/arm-none-eabi/13.2.1/thumb/v7-m/nofp\libc_nano.a(libc_a-mlock.o)
 .ARM.attributes
                0x00000979       0x2d C:/Program Files (x86)/Arm GNU Toolchain arm-none-eabi/13.2 Rel1/bin/../lib/gcc/arm-none-eabi/13.2.1/thumb/v7-m/nofp\libc_nano.a(libc_a-mprec.o)
 .ARM.attributes
                0x000009a6       0x2d C:/Program Files (x86)/Arm GNU Toolchain arm-none-eabi/13.2 Rel1/bin/../lib/gcc/arm-none-eabi/13.2.1/thumb/v7-m/nofp\libc_nano.a(libc_a-nano-vfprintf.o)
 .ARM.attributes
                0x000009d3       0x2d C:/Program Files (x86)/Arm GNU Toolchain arm-none-eabi/13.2 Rel1/bin/../lib/gcc/arm-none-eabi/13.2.1/thumb/v7-m/nofp\libc_nano.a(libc_a-fflush.o)
 .ARM.attributes
                0x00000a00       0x2d C:/Program Files (x86)/Arm GNU Toolchain arm-none-eabi/13.2 Rel1/bin/../lib/gcc/arm-none-eabi/13.2.1/thumb/v7-m/nofp\libc_nano.a(libc_a-makebuf.o)
 .ARM.attributes
                0x00000a2d       0x2d C:/Program Files (x86)/Arm GNU Toolchain arm-none-eabi/13.2 Rel1/bin/../lib/gcc/arm-none-eabi/13.2.1/thumb/v7-m/nofp\libc_nano.a(libc_a-signal.o)
 .ARM.attributes
                0x00000a5a       0x2d C:/Program Files (x86)/Arm GNU Toolchain arm-none-eabi/13.2 Rel1/bin/../lib/gcc/arm-none-eabi/13.2.1/thumb/v7-m/nofp\libc_nano.a(libc_a-locale.o)
 .ARM.attributes
                0x00000a87       0x2d C:/Program Files (x86)/Arm GNU Toolchain arm-none-eabi/13.2 Rel1/bin/../lib/gcc/arm-none-eabi/13.2.1/thumb/v7-m/nofp\libc_nano.a(libc_a-fstatr.o)
 .ARM.attributes
                0x00000ab4       0x2d C:/Program Files (x86)/Arm GNU Toolchain arm-none-eabi/13.2 Rel1/bin/../lib/gcc/arm-none-eabi/13.2.1/thumb/v7-m/nofp\libc_nano.a(libc_a-isattyr.o)
 .ARM.attributes
                0x00000ae1       0x2d C:/Program Files (x86)/Arm GNU Toolchain arm-none-eabi/13.2 Rel1/bin/../lib/gcc/arm-none-eabi/13.2.1/thumb/v7-m/nofp\libc_nano.a(libc_a-signalr.o)
 .ARM.attributes
                0x00000b0e       0x2d C:/Program Files (x86)/Arm GNU Toolchain arm-none-eabi/13.2 Rel1/bin/../lib/gcc/arm-none-eabi/13.2.1/thumb/v7-m/nofp\libc_nano.a(libc_a-sbrkr.o)
 .ARM.attributes
                0x00000b3b       0x2d C:/Program Files (x86)/Arm GNU Toolchain arm-none-eabi/13.2 Rel1/bin/../lib/gcc/arm-none-eabi/13.2.1/thumb/v7-m/nofp\libc_nano.a(libc_a-memcpy-stub.o)
 .ARM.attributes
                0x00000b68       0x2d C:/Program Files (x86)/Arm GNU Toolchain arm-none-eabi/13.2 Rel1/bin/../lib/gcc/arm-none-eabi/13.2.1/thumb/v7-m/nofp\libc_nano.a(libc_a-callocr.o)
 .ARM.attributes
                0x00000b95       0x2d C:/Program Files (x86)/Arm GNU Toolchain arm-none-eabi/13.2 Rel1/bin/../lib/gcc/arm-none-eabi/13.2.1/thumb/v7-m/nofp\libc_nano.a(libc_a-mbtowc_r.o)
 .ARM.attributes
                0x00000bc2       0x2d C:/Program Files (x86)/Arm GNU Toolchain arm-none-eabi/13.2 Rel1/bin/../lib/gcc/arm-none-eabi/13.2.1/thumb/v7-m/nofp\libc_nano.a(libc_a-wctomb_r.o)
 .ARM.attributes
                0x00000bef       0x2d C:/Program Files (x86)/Arm GNU Toolchain arm-none-eabi/13.2 Rel1/bin/../lib/gcc/arm-none-eabi/13.2.1/thumb/v7-m/nofp\libc_nano.a(libc_a-ctype_.o)
 .ARM.attributes
                0x00000c1c       0x1d C:/Program Files (x86)/Arm GNU Toolchain arm-none-eabi/13.2 Rel1/bin/../lib/gcc/arm-none-eabi/13.2.1/thumb/v7-m/nofp\libgcc.a(_arm_addsubdf3.o)
 .ARM.attributes
                0x00000c39       0x1d C:/Program Files (x86)/Arm GNU Toolchain arm-none-eabi/13.2 Rel1/bin/../lib/gcc/arm-none-eabi/13.2.1/thumb/v7-m/nofp\libgcc.a(_arm_muldivdf3.o)
 .ARM.attributes
                0x00000c56       0x1d C:/Program Files (x86)/Arm GNU Toolchain arm-none-eabi/13.2 Rel1/bin/../lib/gcc/arm-none-eabi/13.2.1/thumb/v7-m/nofp\libgcc.a(_arm_cmpdf2.o)
 .ARM.attributes
                0x00000c73       0x1d C:/Program Files (x86)/Arm GNU Toolchain arm-none-eabi/13.2 Rel1/bin/../lib/gcc/arm-none-eabi/13.2.1/thumb/v7-m/nofp\libgcc.a(_arm_unorddf2.o)
 .ARM.attributes
                0x00000c90       0x1d C:/Program Files (x86)/Arm GNU Toolchain arm-none-eabi/13.2 Rel1/bin/../lib/gcc/arm-none-eabi/13.2.1/thumb/v7-m/nofp\libgcc.a(_arm_fixdfsi.o)
 .ARM.attributes
                0x00000cad       0x1d C:/Program Files (x86)/Arm GNU Toolchain arm-none-eabi/13.2 Rel1/bin/../lib/gcc/arm-none-eabi/13.2.1/thumb/v7-m/nofp\libgcc.a(_arm_addsubsf3.o)
 .ARM.attributes
                0x00000cca       0x1d C:/Program Files (x86)/Arm GNU Toolchain arm-none-eabi/13.2 Rel1/bin/../lib/gcc/arm-none-eabi/13.2.1/thumb/v7-m/nofp\libgcc.a(_arm_muldivsf3.o)
 .ARM.attributes
                0x00000ce7       0x2d C:/Program Files (x86)/Arm GNU Toolchain arm-none-eabi/13.2 Rel1/bin/../lib/gcc/arm-none-eabi/13.2.1/thumb/v7-m/nofp/crtend.o
 .ARM.attributes
                0x00000d14       0x1d C:/Program Files (x86)/Arm GNU Toolchain arm-none-eabi/13.2 Rel1/bin/../lib/gcc/arm-none-eabi/13.2.1/thumb/v7-m/nofp/crtn.o
OUTPUT(build/FM_V03_01.elf elf32-littlearm)
LOAD linker stubs
LOAD C:/Program Files (x86)/Arm GNU Toolchain arm-none-eabi/13.2 Rel1/bin/../lib/gcc/arm-none-eabi/13.2.1/thumb/v7-m/nofp\libc.a
LOAD C:/Program Files (x86)/Arm GNU Toolchain arm-none-eabi/13.2 Rel1/bin/../lib/gcc/arm-none-eabi/13.2.1/thumb/v7-m/nofp\libm.a
LOAD C:/Program Files (x86)/Arm GNU Toolchain arm-none-eabi/13.2 Rel1/bin/../lib/gcc/arm-none-eabi/13.2.1/thumb/v7-m/nofp\libgcc.a

.debug_info     0x00000000    0x16050
 .debug_info    0x00000000     0x13c0 build/main.o
 .debug_info    0x000013c0      0xebb build/fm_ring_buffer.o
 .debug_info    0x0000227b      0xd06 build/fm_rtc.o
 .debug_info    0x00002f81      0xa83 build/fm_multiADC.o
 .debug_info    0x00003a04      0xc7e build/fm_sht30_sensor.o
 .debug_info    0x00004682      0xd0b build/stm32f1xx_it.o
 .debug_info    0x0000538d     0x1619 build/stm32f1xx_hal_msp.o
 .debug_info    0x000069a6     0x430f build/stm32f1xx_hal_uart.o
 .debug_info    0x0000acb5      0x880 build/stm32f1xx_hal.o
 .debug_info    0x0000b535      0xb10 build/stm32f1xx_hal_rcc.o
 .debug_info    0x0000c045      0x47d build/stm32f1xx_hal_rcc_ex.o
 .debug_info    0x0000c4c2      0x6d7 build/stm32f1xx_hal_gpio.o
 .debug_info    0x0000cb99      0x8d5 build/stm32f1xx_hal_dma.o
 .debug_info    0x0000d46e      0xe3f build/stm32f1xx_hal_cortex.o
 .debug_info    0x0000e2ad      0x748 build/stm32f1xx_hal_pwr.o
 .debug_info    0x0000e9f5      0x26e build/system_stm32f1xx.o
 .debug_info    0x0000ec63      0x18c build/sysmem.o
 .debug_info    0x0000edef      0x848 build/syscalls.o
 .debug_info    0x0000f637     0x13f0 build/stm32f1xx_hal_rtc.o
 .debug_info    0x00010a27      0x844 build/stm32f1xx_hal_rtc_ex.o
 .debug_info    0x0001126b     0x3d27 build/stm32f1xx_hal_i2c.o
 .debug_info    0x00014f92     0x108e build/stm32f1xx_hal_adc.o
 .debug_info    0x00016020       0x30 build/startup_stm32f103xb.o

.debug_abbrev   0x00000000     0x33ee
 .debug_abbrev  0x00000000      0x295 build/main.o
 .debug_abbrev  0x00000295      0x3aa build/fm_ring_buffer.o
 .debug_abbrev  0x0000063f      0x1f0 build/fm_rtc.o
 .debug_abbrev  0x0000082f      0x1e5 build/fm_multiADC.o
 .debug_abbrev  0x00000a14      0x27f build/fm_sht30_sensor.o
 .debug_abbrev  0x00000c93      0x1c7 build/stm32f1xx_it.o
 .debug_abbrev  0x00000e5a      0x252 build/stm32f1xx_hal_msp.o
 .debug_abbrev  0x000010ac      0x35f build/stm32f1xx_hal_uart.o
 .debug_abbrev  0x0000140b      0x232 build/stm32f1xx_hal.o
 .debug_abbrev  0x0000163d      0x2d6 build/stm32f1xx_hal_rcc.o
 .debug_abbrev  0x00001913      0x1d4 build/stm32f1xx_hal_rcc_ex.o
 .debug_abbrev  0x00001ae7      0x222 build/stm32f1xx_hal_gpio.o
 .debug_abbrev  0x00001d09      0x261 build/stm32f1xx_hal_dma.o
 .debug_abbrev  0x00001f6a      0x3aa build/stm32f1xx_hal_cortex.o
 .debug_abbrev  0x00002314      0x1fc build/stm32f1xx_hal_pwr.o
 .debug_abbrev  0x00002510      0x140 build/system_stm32f1xx.o
 .debug_abbrev  0x00002650       0xeb build/sysmem.o
 .debug_abbrev  0x0000273b      0x1e3 build/syscalls.o
 .debug_abbrev  0x0000291e      0x283 build/stm32f1xx_hal_rtc.o
 .debug_abbrev  0x00002ba1      0x290 build/stm32f1xx_hal_rtc_ex.o
 .debug_abbrev  0x00002e31      0x31e build/stm32f1xx_hal_i2c.o
 .debug_abbrev  0x0000314f      0x282 build/stm32f1xx_hal_adc.o
 .debug_abbrev  0x000033d1       0x1d build/startup_stm32f103xb.o

.debug_loc      0x00000000    0x11bee
 .debug_loc     0x00000000      0x116 build/main.o
 .debug_loc     0x00000116      0x8ca build/fm_ring_buffer.o
 .debug_loc     0x000009e0      0x274 build/fm_rtc.o
 .debug_loc     0x00000c54       0xcc build/fm_multiADC.o
 .debug_loc     0x00000d20      0x446 build/fm_sht30_sensor.o
 .debug_loc     0x00001166       0xc0 build/stm32f1xx_it.o
 .debug_loc     0x00001226      0x3ef build/stm32f1xx_hal_msp.o
 .debug_loc     0x00001615     0x4ff4 build/stm32f1xx_hal_uart.o
 .debug_loc     0x00006609      0x1f9 build/stm32f1xx_hal.o
 .debug_loc     0x00006802      0x7c6 build/stm32f1xx_hal_rcc.o
 .debug_loc     0x00006fc8      0x4a9 build/stm32f1xx_hal_rcc_ex.o
 .debug_loc     0x00007471      0x56c build/stm32f1xx_hal_gpio.o
 .debug_loc     0x000079dd      0x990 build/stm32f1xx_hal_dma.o
 .debug_loc     0x0000836d      0x8b4 build/stm32f1xx_hal_cortex.o
 .debug_loc     0x00008c21      0x1b2 build/stm32f1xx_hal_pwr.o
 .debug_loc     0x00008dd3      0x11b build/system_stm32f1xx.o
 .debug_loc     0x00008eee       0x90 build/sysmem.o
 .debug_loc     0x00008f7e      0x583 build/syscalls.o
 .debug_loc     0x00009501     0x1bba build/stm32f1xx_hal_rtc.o
 .debug_loc     0x0000b0bb      0x744 build/stm32f1xx_hal_rtc_ex.o
 .debug_loc     0x0000b7ff     0x54d3 build/stm32f1xx_hal_i2c.o
 .debug_loc     0x00010cd2      0xf1c build/stm32f1xx_hal_adc.o

.debug_aranges  0x00000000      0xea0
 .debug_aranges
                0x00000000       0x48 build/main.o
 .debug_aranges
                0x00000048       0x98 build/fm_ring_buffer.o
 .debug_aranges
                0x000000e0       0x48 build/fm_rtc.o
 .debug_aranges
                0x00000128       0x30 build/fm_multiADC.o
 .debug_aranges
                0x00000158       0x48 build/fm_sht30_sensor.o
 .debug_aranges
                0x000001a0       0x88 build/stm32f1xx_it.o
 .debug_aranges
                0x00000228       0x60 build/stm32f1xx_hal_msp.o
 .debug_aranges
                0x00000288      0x208 build/stm32f1xx_hal_uart.o
 .debug_aranges
                0x00000490       0xe0 build/stm32f1xx_hal.o
 .debug_aranges
                0x00000570       0x90 build/stm32f1xx_hal_rcc.o
 .debug_aranges
                0x00000600       0x30 build/stm32f1xx_hal_rcc_ex.o
 .debug_aranges
                0x00000630       0x58 build/stm32f1xx_hal_gpio.o
 .debug_aranges
                0x00000688       0x80 build/stm32f1xx_hal_dma.o
 .debug_aranges
                0x00000708       0xc0 build/stm32f1xx_hal_cortex.o
 .debug_aranges
                0x000007c8       0xa8 build/stm32f1xx_hal_pwr.o
 .debug_aranges
                0x00000870       0x28 build/system_stm32f1xx.o
 .debug_aranges
                0x00000898       0x20 build/sysmem.o
 .debug_aranges
                0x000008b8       0xa8 build/syscalls.o
 .debug_aranges
                0x00000960       0xf8 build/stm32f1xx_hal_rtc.o
 .debug_aranges
                0x00000a58       0x88 build/stm32f1xx_hal_rtc_ex.o
 .debug_aranges
                0x00000ae0      0x2a8 build/stm32f1xx_hal_i2c.o
 .debug_aranges
                0x00000d88       0xf0 build/stm32f1xx_hal_adc.o
 .debug_aranges
                0x00000e78       0x28 build/startup_stm32f103xb.o

.debug_ranges   0x00000000      0xe18
 .debug_ranges  0x00000000       0x38 build/main.o
 .debug_ranges  0x00000038       0xd0 build/fm_ring_buffer.o
 .debug_ranges  0x00000108       0x38 build/fm_rtc.o
 .debug_ranges  0x00000140       0x20 build/fm_multiADC.o
 .debug_ranges  0x00000160       0x68 build/fm_sht30_sensor.o
 .debug_ranges  0x000001c8       0x78 build/stm32f1xx_it.o
 .debug_ranges  0x00000240       0x50 build/stm32f1xx_hal_msp.o
 .debug_ranges  0x00000290      0x210 build/stm32f1xx_hal_uart.o
 .debug_ranges  0x000004a0       0xd0 build/stm32f1xx_hal.o
 .debug_ranges  0x00000570       0xa0 build/stm32f1xx_hal_rcc.o
 .debug_ranges  0x00000610       0x38 build/stm32f1xx_hal_rcc_ex.o
 .debug_ranges  0x00000648       0x48 build/stm32f1xx_hal_gpio.o
 .debug_ranges  0x00000690       0x70 build/stm32f1xx_hal_dma.o
 .debug_ranges  0x00000700       0xb0 build/stm32f1xx_hal_cortex.o
 .debug_ranges  0x000007b0       0x98 build/stm32f1xx_hal_pwr.o
 .debug_ranges  0x00000848       0x18 build/system_stm32f1xx.o
 .debug_ranges  0x00000860       0x10 build/sysmem.o
 .debug_ranges  0x00000870       0x98 build/syscalls.o
 .debug_ranges  0x00000908       0xe8 build/stm32f1xx_hal_rtc.o
 .debug_ranges  0x000009f0       0x78 build/stm32f1xx_hal_rtc_ex.o
 .debug_ranges  0x00000a68      0x2b0 build/stm32f1xx_hal_i2c.o
 .debug_ranges  0x00000d18       0xe0 build/stm32f1xx_hal_adc.o
 .debug_ranges  0x00000df8       0x20 build/startup_stm32f103xb.o

.debug_line     0x00000000    0x111b4
 .debug_line    0x00000000      0x565 build/main.o
 .debug_line    0x00000565      0xa12 build/fm_ring_buffer.o
 .debug_line    0x00000f77      0x58c build/fm_rtc.o
 .debug_line    0x00001503      0x3e1 build/fm_multiADC.o
 .debug_line    0x000018e4      0x4c4 build/fm_sht30_sensor.o
 .debug_line    0x00001da8      0x35f build/stm32f1xx_it.o
 .debug_line    0x00002107      0x4a2 build/stm32f1xx_hal_msp.o
 .debug_line    0x000025a9     0x349f build/stm32f1xx_hal_uart.o
 .debug_line    0x00005a48      0x52e build/stm32f1xx_hal.o
 .debug_line    0x00005f76      0xcaa build/stm32f1xx_hal_rcc.o
 .debug_line    0x00006c20      0x4aa build/stm32f1xx_hal_rcc_ex.o
 .debug_line    0x000070ca      0x5d0 build/stm32f1xx_hal_gpio.o
 .debug_line    0x0000769a      0xaef build/stm32f1xx_hal_dma.o
 .debug_line    0x00008189      0x6a7 build/stm32f1xx_hal_cortex.o
 .debug_line    0x00008830      0x470 build/stm32f1xx_hal_pwr.o
 .debug_line    0x00008ca0      0x245 build/system_stm32f1xx.o
 .debug_line    0x00008ee5      0x1f0 build/sysmem.o
 .debug_line    0x000090d5      0x3f8 build/syscalls.o
 .debug_line    0x000094cd     0x1167 build/stm32f1xx_hal_rtc.o
 .debug_line    0x0000a634      0x643 build/stm32f1xx_hal_rtc_ex.o
 .debug_line    0x0000ac77     0x5648 build/stm32f1xx_hal_i2c.o
 .debug_line    0x000102bf      0xe84 build/stm32f1xx_hal_adc.o
 .debug_line    0x00011143       0x71 build/startup_stm32f103xb.o

.debug_str      0x00000000     0x46cb
 .debug_str     0x00000000     0x46cb build/main.o
                                0xd58 (size before relaxing)
 .debug_str     0x000046cb      0x8d3 build/fm_ring_buffer.o
 .debug_str     0x000046cb      0x7a4 build/fm_rtc.o
 .debug_str     0x000046cb      0x8f2 build/fm_multiADC.o
 .debug_str     0x000046cb      0x96f build/fm_sht30_sensor.o
 .debug_str     0x000046cb      0xaaf build/stm32f1xx_it.o
 .debug_str     0x000046cb      0xf07 build/stm32f1xx_hal_msp.o
 .debug_str     0x000046cb      0xcf8 build/stm32f1xx_hal_uart.o
 .debug_str     0x000046cb      0x832 build/stm32f1xx_hal.o
 .debug_str     0x000046cb      0x62f build/stm32f1xx_hal_rcc.o
 .debug_str     0x000046cb      0x3d7 build/stm32f1xx_hal_rcc_ex.o
 .debug_str     0x000046cb      0x404 build/stm32f1xx_hal_gpio.o
 .debug_str     0x000046cb      0x601 build/stm32f1xx_hal_dma.o
 .debug_str     0x000046cb      0x8d7 build/stm32f1xx_hal_cortex.o
 .debug_str     0x000046cb      0x49f build/stm32f1xx_hal_pwr.o
 .debug_str     0x000046cb      0x258 build/system_stm32f1xx.o
 .debug_str     0x000046cb      0x21c build/sysmem.o
 .debug_str     0x000046cb      0x3f0 build/syscalls.o
 .debug_str     0x000046cb      0x713 build/stm32f1xx_hal_rtc.o
 .debug_str     0x000046cb      0x5a5 build/stm32f1xx_hal_rtc_ex.o
 .debug_str     0x000046cb      0xfc9 build/stm32f1xx_hal_i2c.o
 .debug_str     0x000046cb      0x8de build/stm32f1xx_hal_adc.o
 .debug_str     0x000046cb       0x8f build/startup_stm32f103xb.o

.comment        0x00000000       0x44
 .comment       0x00000000       0x44 build/main.o
                                 0x45 (size before relaxing)
 .comment       0x00000044       0x45 build/fm_ring_buffer.o
 .comment       0x00000044       0x45 build/fm_rtc.o
 .comment       0x00000044       0x45 build/fm_multiADC.o
 .comment       0x00000044       0x45 build/fm_sht30_sensor.o
 .comment       0x00000044       0x45 build/stm32f1xx_it.o
 .comment       0x00000044       0x45 build/stm32f1xx_hal_msp.o
 .comment       0x00000044       0x45 build/stm32f1xx_hal_uart.o
 .comment       0x00000044       0x45 build/stm32f1xx_hal.o
 .comment       0x00000044       0x45 build/stm32f1xx_hal_rcc.o
 .comment       0x00000044       0x45 build/stm32f1xx_hal_rcc_ex.o
 .comment       0x00000044       0x45 build/stm32f1xx_hal_gpio.o
 .comment       0x00000044       0x45 build/stm32f1xx_hal_dma.o
 .comment       0x00000044       0x45 build/stm32f1xx_hal_cortex.o
 .comment       0x00000044       0x45 build/stm32f1xx_hal_pwr.o
 .comment       0x00000044       0x45 build/system_stm32f1xx.o
 .comment       0x00000044       0x45 build/sysmem.o
 .comment       0x00000044       0x45 build/syscalls.o
 .comment       0x00000044       0x45 build/stm32f1xx_hal_rtc.o
 .comment       0x00000044       0x45 build/stm32f1xx_hal_rtc_ex.o
 .comment       0x00000044       0x45 build/stm32f1xx_hal_i2c.o
 .comment       0x00000044       0x45 build/stm32f1xx_hal_adc.o

.debug_frame    0x00000000     0x3910
 .debug_frame   0x00000000       0xb8 build/main.o
 .debug_frame   0x000000b8      0x184 build/fm_ring_buffer.o
 .debug_frame   0x0000023c       0xcc build/fm_rtc.o